Component: ARM Compiler 5.06 update 1 (build 61) Tool: armlink [4d35a8]

==============================================================================

Section Cross References

    main.o(.text) refers to misc.o(.text) for NVIC_PriorityGroupConfig
    main.o(.text) refers to delay.o(.text) for delay_init
    main.o(.text) refers to usart.o(.text) for uart_init
    main.o(.text) refers to timer.o(.text) for TIM3_Int_Init
    main.o(.text) refers to led.o(.text) for LED_Init
    main.o(.text) refers to lcd.o(.text) for LCD_Init
    main.o(.text) refers to key.o(.text) for KEY_Init
    main.o(.text) refers to lv_obj.o(.text) for lv_init
    main.o(.text) refers to lv_port_disp_template.o(.text) for lv_port_disp_init
    main.o(.text) refers to lv_port_indev_template.o(.text) for lv_port_indev_init
    main.o(.text) refers to lv_demo_widgets.o(.text) for lv_demo_widgets
    main.o(.text) refers to lv_timer.o(.text) for lv_timer_handler
    main.o(.text) refers to touch.o(.data) for tp_dev
    system_stm32f4xx.o(.text) refers to system_stm32f4xx.o(.data) for SystemCoreClock
    led.o(.text) refers to stm32f4xx_rcc.o(.text) for RCC_AHB1PeriphClockCmd
    led.o(.text) refers to stm32f4xx_gpio.o(.text) for GPIO_Init
    lcd.o(.text) refers to _printf_percent.o(.ARM.Collect$$_printf_percent$$00000000) for _printf_percent
    lcd.o(.text) refers to _printf_x.o(.ARM.Collect$$_printf_percent$$0000000C) for _printf_x
    lcd.o(.text) refers to _printf_hex_int.o(.text) for _printf_longlong_hex
    lcd.o(.text) refers to delay.o(.text) for delay_us
    lcd.o(.text) refers to lcd.o(.bss) for lcddev
    lcd.o(.text) refers to lcd.o(.data) for POINT_COLOR
    lcd.o(.text) refers to dflt_clz.o(x$fpl$dfltu) for __aeabi_ui2d
    lcd.o(.text) refers to dmul.o(x$fpl$dmul) for __aeabi_dmul
    lcd.o(.text) refers to dfixu.o(x$fpl$dfixu) for __aeabi_d2uiz
    lcd.o(.text) refers to stm32f4xx_rcc.o(.text) for RCC_AHB1PeriphClockCmd
    lcd.o(.text) refers to stm32f4xx_gpio.o(.text) for GPIO_Init
    lcd.o(.text) refers to stm32f4xx_fsmc.o(.text) for FSMC_NORSRAMInit
    lcd.o(.text) refers to noretval__2printf.o(.text) for __2printf
    lcd.o(.text) refers to lcd.o(.constdata) for asc2_1206
    key.o(.text) refers to stm32f4xx_rcc.o(.text) for RCC_AHB1PeriphClockCmd
    key.o(.text) refers to stm32f4xx_gpio.o(.text) for GPIO_Init
    key.o(.text) refers to delay.o(.text) for delay_ms
    key.o(.text) refers to key.o(.data) for key_up
    myiic.o(.text) refers to stm32f4xx_rcc.o(.text) for RCC_AHB1PeriphClockCmd
    myiic.o(.text) refers to stm32f4xx_gpio.o(.text) for GPIO_Init
    myiic.o(.text) refers to delay.o(.text) for delay_us
    24cxx.o(.text) refers to myiic.o(.text) for IIC_Init
    24cxx.o(.text) refers to delay.o(.text) for delay_ms
    ctiic.o(.text) refers to delay.o(.text) for delay_us
    ctiic.o(.text) refers to stm32f4xx_rcc.o(.text) for RCC_AHB1PeriphClockCmd
    ctiic.o(.text) refers to stm32f4xx_gpio.o(.text) for GPIO_Init
    gt9147.o(.text) refers to _printf_percent.o(.ARM.Collect$$_printf_percent$$00000000) for _printf_percent
    gt9147.o(.text) refers to _printf_s.o(.ARM.Collect$$_printf_percent$$00000014) for _printf_s
    gt9147.o(.text) refers to _printf_str.o(.text) for _printf_str
    gt9147.o(.text) refers to _printf_d.o(.ARM.Collect$$_printf_percent$$00000009) for _printf_d
    gt9147.o(.text) refers to _printf_dec.o(.text) for _printf_int_dec
    gt9147.o(.text) refers to ctiic.o(.text) for CT_IIC_Start
    gt9147.o(.text) refers to stm32f4xx_rcc.o(.text) for RCC_AHB1PeriphClockCmd
    gt9147.o(.text) refers to stm32f4xx_gpio.o(.text) for GPIO_Init
    gt9147.o(.text) refers to delay.o(.text) for delay_ms
    gt9147.o(.text) refers to noretval__2printf.o(.text) for __2printf
    gt9147.o(.text) refers to strcmpv7m.o(.text) for strcmp
    gt9147.o(.text) refers to gt9147.o(.constdata) for GT9147_CFG_TBL
    gt9147.o(.text) refers to gt9147.o(.data) for t
    gt9147.o(.text) refers to touch.o(.data) for tp_dev
    gt9147.o(.text) refers to lcd.o(.bss) for lcddev
    ott2001a.o(.text) refers to _printf_percent.o(.ARM.Collect$$_printf_percent$$00000000) for _printf_percent
    ott2001a.o(.text) refers to _printf_x.o(.ARM.Collect$$_printf_percent$$0000000C) for _printf_x
    ott2001a.o(.text) refers to _printf_hex_int.o(.text) for _printf_longlong_hex
    ott2001a.o(.text) refers to ctiic.o(.text) for CT_IIC_Start
    ott2001a.o(.text) refers to stm32f4xx_rcc.o(.text) for RCC_AHB1PeriphClockCmd
    ott2001a.o(.text) refers to stm32f4xx_gpio.o(.text) for GPIO_Init
    ott2001a.o(.text) refers to delay.o(.text) for delay_ms
    ott2001a.o(.text) refers to noretval__2printf.o(.text) for __2printf
    ott2001a.o(.text) refers to dflt_clz.o(x$fpl$dflt) for __aeabi_i2d
    ott2001a.o(.text) refers to dmul.o(x$fpl$dmul) for __aeabi_dmul
    ott2001a.o(.text) refers to dfixu.o(x$fpl$dfixu) for __aeabi_d2uiz
    ott2001a.o(.text) refers to daddsub_clz.o(x$fpl$drsb) for __aeabi_drsub
[...]
    lv_chart_hide_series                     0x08034ab5   Thumb Code    42  lv_chart.o(.text)
    lv_chart_set_series_color                0x08034adf   Thumb Code    38  lv_chart.o(.text)
    lv_chart_set_x_start_point               0x08034b05   Thumb Code    38  lv_chart.o(.text)
    lv_chart_get_series_next                 0x08034b2b   Thumb Code    36  lv_chart.o(.text)
    lv_chart_add_cursor                      0x08034b4f   Thumb Code    68  lv_chart.o(.text)
    lv_chart_set_cursor_pos                  0x08034b93   Thumb Code    42  lv_chart.o(.text)
    lv_chart_set_cursor_point                0x08034bbd   Thumb Code    58  lv_chart.o(.text)
    lv_chart_get_cursor_point                0x08034bf7   Thumb Code    20  lv_chart.o(.text)
    lv_chart_set_all_value                   0x08034c0b   Thumb Code    66  lv_chart.o(.text)
    lv_chart_set_next_value                  0x08034e4d   Thumb Code    76  lv_chart.o(.text)
    lv_chart_set_next_value2                 0x08034e99   Thumb Code    98  lv_chart.o(.text)
    lv_chart_set_value_by_id                 0x08034efb   Thumb Code    62  lv_chart.o(.text)
    lv_chart_set_value_by_id2                0x08034f39   Thumb Code    90  lv_chart.o(.text)
    lv_chart_set_ext_y_array                 0x08034f93   Thumb Code    64  lv_chart.o(.text)
    lv_chart_set_ext_x_array                 0x08034fd3   Thumb Code    64  lv_chart.o(.text)
    lv_chart_get_y_array                     0x08035013   Thumb Code    24  lv_chart.o(.text)
    lv_chart_get_x_array                     0x0803502b   Thumb Code    24  lv_chart.o(.text)
    lv_chart_get_pressed_point               0x08035043   Thumb Code    10  lv_chart.o(.text)
    lv_checkbox_create                       0x08036cc9   Thumb Code    28  lv_checkbox.o(.text)
    lv_checkbox_set_text                     0x08036ce5   Thumb Code    76  lv_checkbox.o(.text)
    lv_checkbox_set_text_static              0x08036d31   Thumb Code    44  lv_checkbox.o(.text)
    lv_checkbox_get_text                     0x08036d5d   Thumb Code     8  lv_checkbox.o(.text)
    lv_colorwheel_create                     0x08037219   Thumb Code    34  lv_colorwheel.o(.text)
    lv_colorwheel_set_hsv                    0x080373bf   Thumb Code   128  lv_colorwheel.o(.text)
    lv_colorwheel_set_rgb                    0x0803743f   Thumb Code   126  lv_colorwheel.o(.text)
    lv_colorwheel_set_mode                   0x080374bd   Thumb Code    38  lv_colorwheel.o(.text)
    lv_colorwheel_set_mode_fixed             0x080374e3   Thumb Code    22  lv_colorwheel.o(.text)
    lv_colorwheel_get_hsv                    0x080374f9   Thumb Code    16  lv_colorwheel.o(.text)
    lv_colorwheel_get_rgb                    0x08037509   Thumb Code    36  lv_colorwheel.o(.text)
    lv_colorwheel_get_color_mode             0x0803752d   Thumb Code    18  lv_colorwheel.o(.text)
    lv_colorwheel_get_color_mode_fixed       0x0803753f   Thumb Code    18  lv_colorwheel.o(.text)
    lv_dropdown_create                       0x08038081   Thumb Code    28  lv_dropdown.o(.text)
    lv_dropdown_set_text                     0x0803809d   Thumb Code    32  lv_dropdown.o(.text)
    lv_dropdown_set_options                  0x080380bd   Thumb Code   174  lv_dropdown.o(.text)
    lv_dropdown_set_options_static           0x0803816b   Thumb Code   128  lv_dropdown.o(.text)
    lv_dropdown_add_option                   0x080381eb   Thumb Code   370  lv_dropdown.o(.text)
    lv_dropdown_clear_options                0x0803835d   Thumb Code    72  lv_dropdown.o(.text)
    lv_dropdown_set_selected                 0x080383a5   Thumb Code    50  lv_dropdown.o(.text)
    lv_dropdown_set_dir                      0x080383d7   Thumb Code    48  lv_dropdown.o(.text)
    lv_dropdown_set_symbol                   0x08038407   Thumb Code    22  lv_dropdown.o(.text)
    lv_dropdown_set_selected_highlight       0x0803841d   Thumb Code    36  lv_dropdown.o(.text)
    lv_dropdown_get_list                     0x08038441   Thumb Code    12  lv_dropdown.o(.text)
    lv_dropdown_get_text                     0x0803844d   Thumb Code    12  lv_dropdown.o(.text)
    lv_dropdown_get_options                  0x08038459   Thumb Code    36  lv_dropdown.o(.text)
    lv_dropdown_get_selected                 0x0803847d   Thumb Code    12  lv_dropdown.o(.text)
    lv_dropdown_get_option_cnt               0x08038489   Thumb Code    12  lv_dropdown.o(.text)
    lv_dropdown_get_selected_str             0x08038495   Thumb Code   126  lv_dropdown.o(.text)
    lv_dropdown_get_option_index             0x08038513   Thumb Code   104  lv_dropdown.o(.text)
    lv_dropdown_get_symbol                   0x0803857b   Thumb Code    12  lv_dropdown.o(.text)
    lv_dropdown_get_selected_highlight       0x08038587   Thumb Code    18  lv_dropdown.o(.text)
    lv_dropdown_get_dir                      0x08038599   Thumb Code    18  lv_dropdown.o(.text)
    lv_dropdown_open                         0x0803862f   Thumb Code   674  lv_dropdown.o(.text)
    lv_dropdown_close                        0x080388d1   Thumb Code    44  lv_dropdown.o(.text)
    lv_dropdown_is_open                      0x080388fd   Thumb Code    24  lv_dropdown.o(.text)
    lv_img_create                            0x0803940f   Thumb Code    28  lv_img.o(.text)
    lv_img_set_src                           0x0803942b   Thumb Code   452  lv_img.o(.text)
    lv_img_set_offset_x                      0x080395ef   Thumb Code    34  lv_img.o(.text)
    lv_img_set_offset_y                      0x08039611   Thumb Code    36  lv_img.o(.text)
    lv_img_set_angle                         0x08039635   Thumb Code   276  lv_img.o(.text)
    lv_img_set_pivot                         0x08039749   Thumb Code   276  lv_img.o(.text)
    lv_img_set_zoom                          0x0803985d   Thumb Code   276  lv_img.o(.text)
    lv_img_set_antialias                     0x08039971   Thumb Code    42  lv_img.o(.text)
    lv_img_set_size_mode                     0x0803999b   Thumb Code    40  lv_img.o(.text)
    lv_img_get_src                           0x080399c3   Thumb Code    12  lv_img.o(.text)
    lv_img_get_offset_x                      0x080399cf   Thumb Code    14  lv_img.o(.text)
    lv_img_get_offset_y                      0x080399dd   Thumb Code    14  lv_img.o(.text)
    lv_img_get_angle                         0x080399eb   Thumb Code    12  lv_img.o(.text)
    lv_img_get_pivot                         0x080399f7   Thumb Code    14  lv_img.o(.text)
    lv_img_get_zoom                          0x08039a05   Thumb Code    12  lv_img.o(.text)
    lv_img_get_antialias                     0x08039a11   Thumb Code    16  lv_img.o(.text)
    lv_img_get_size_mode                     0x08039a21   Thumb Code    18  lv_img.o(.text)
    lv_keyboard_create                       0x0803a2ad   Thumb Code    28  lv_keyboard.o(.text)
    lv_keyboard_set_textarea                 0x0803a2c9   Thumb Code    46  lv_keyboard.o(.text)
    lv_keyboard_set_mode                     0x0803a387   Thumb Code    36  lv_keyboard.o(.text)
    lv_keyboard_set_popovers                 0x0803a3ab   Thumb Code    36  lv_keyboard.o(.text)
    lv_keyboard_set_map                      0x0803a3cf   Thumb Code    34  lv_keyboard.o(.text)
    lv_keyboard_get_textarea                 0x0803a3f1   Thumb Code    12  lv_keyboard.o(.text)
    lv_keyboard_get_mode                     0x0803a3fd   Thumb Code    14  lv_keyboard.o(.text)
    lv_btnmatrix_get_popovers                0x0803a40b   Thumb Code    14  lv_keyboard.o(.text)
    lv_keyboard_def_event_cb                 0x0803a419   Thumb Code   558  lv_keyboard.o(.text)
    lv_label_create                          0x0803a6d1   Thumb Code    28  lv_label.o(.text)
    lv_label_get_text                        0x0803a81d   Thumb Code    12  lv_label.o(.text)
    lv_label_get_letter_on                   0x0803a829   Thumb Code   522  lv_label.o(.text)
    lv_label_set_text                        0x0803b0d7   Thumb Code   166  lv_label.o(.text)
    lv_label_set_text_fmt                    0x0803b17d   Thumb Code   114  lv_label.o(.text)
    lv_label_set_text_static                 0x0803b1ef   Thumb Code    62  lv_label.o(.text)
    lv_label_set_long_mode                   0x0803b2b1   Thumb Code   124  lv_label.o(.text)
    lv_label_set_recolor                     0x0803b32d   Thumb Code    48  lv_label.o(.text)
    lv_label_set_text_selection_start        0x0803b35d   Thumb Code    22  lv_label.o(.text)
    lv_label_set_text_selection_end          0x0803b373   Thumb Code    22  lv_label.o(.text)
    lv_label_get_long_mode                   0x0803b389   Thumb Code    18  lv_label.o(.text)
    lv_label_get_recolor                     0x0803b39b   Thumb Code    18  lv_label.o(.text)
    lv_label_get_letter_pos                  0x0803b3ad   Thumb Code   440  lv_label.o(.text)
    lv_label_is_char_under_pos               0x0803b565   Thumb Code   478  lv_label.o(.text)
    lv_label_get_text_selection_start        0x0803b743   Thumb Code    12  lv_label.o(.text)
    lv_label_get_text_selection_end          0x0803b74f   Thumb Code    12  lv_label.o(.text)
    lv_label_ins_text                        0x0803b75b   Thumb Code   144  lv_label.o(.text)
    lv_label_cut_text                        0x0803b7eb   Thumb Code    64  lv_label.o(.text)
    lv_led_create                            0x0803bea3   Thumb Code    28  lv_led.o(.text)
    lv_led_set_color                         0x0803bebf   Thumb Code    24  lv_led.o(.text)
    lv_led_set_brightness                    0x0803bed7   Thumb Code    64  lv_led.o(.text)
    lv_led_on                                0x0803bf17   Thumb Code    14  lv_led.o(.text)
    lv_led_off                               0x0803bf25   Thumb Code    14  lv_led.o(.text)
    lv_led_get_brightness                    0x0803bf33   Thumb Code    14  lv_led.o(.text)
    lv_led_toggle                            0x0803bf41   Thumb Code    32  lv_led.o(.text)
    lv_line_create                           0x0803c1e9   Thumb Code    28  lv_line.o(.text)
    lv_line_set_points                       0x0803c205   Thumb Code    36  lv_line.o(.text)
    lv_line_set_y_invert                     0x0803c229   Thumb Code    40  lv_line.o(.text)
    lv_line_get_y_invert                     0x0803c251   Thumb Code    18  lv_line.o(.text)
    lv_menu_create                           0x0803c46d   Thumb Code    28  lv_menu.o(.text)
    lv_menu_set_page_title                   0x0803c489   Thumb Code   104  lv_menu.o(.text)
    lv_menu_page_create                      0x0803c4f1   Thumb Code    52  lv_menu.o(.text)
    lv_menu_cont_create                      0x0803c525   Thumb Code    28  lv_menu.o(.text)
    lv_menu_section_create                   0x0803c541   Thumb Code    28  lv_menu.o(.text)
    lv_menu_separator_create                 0x0803c55d   Thumb Code    28  lv_menu.o(.text)
    lv_menu_clear_history                    0x0803c609   Thumb Code    30  lv_menu.o(.text)
    lv_menu_set_page                         0x0803c627   Thumb Code   286  lv_menu.o(.text)
    lv_menu_back_btn_is_root                 0x0803c815   Thumb Code    38  lv_menu.o(.text)
    lv_menu_set_sidebar_page                 0x0803c8eb   Thumb Code   330  lv_menu.o(.text)
    lv_menu_set_mode_header                  0x0803ca35   Thumb Code    58  lv_menu.o(.text)
    lv_menu_set_mode_root_back_btn           0x0803ca6f   Thumb Code    44  lv_menu.o(.text)
    lv_menu_set_load_page_event              0x0803cb39   Thumb Code   108  lv_menu.o(.text)
    lv_menu_set_page_title_static            0x0803cba5   Thumb Code    54  lv_menu.o(.text)
    lv_menu_get_cur_main_page                0x0803cbdb   Thumb Code    12  lv_menu.o(.text)
    lv_menu_get_cur_sidebar_page             0x0803cbe7   Thumb Code    12  lv_menu.o(.text)
    lv_menu_get_main_header                  0x0803cbf3   Thumb Code    12  lv_menu.o(.text)
    lv_menu_get_main_header_back_btn         0x0803cbff   Thumb Code    12  lv_menu.o(.text)
    lv_menu_get_sidebar_header               0x0803cc0b   Thumb Code    12  lv_menu.o(.text)
    lv_menu_get_sidebar_header_back_btn      0x0803cc17   Thumb Code    12  lv_menu.o(.text)
    lv_meter_create                          0x0803ceb9   Thumb Code    28  lv_meter.o(.text)
    lv_meter_add_scale                       0x0803ced5   Thumb Code    92  lv_meter.o(.text)
    lv_meter_set_scale_ticks                 0x0803cf31   Thumb Code    40  lv_meter.o(.text)
    lv_meter_set_scale_major_ticks           0x0803cf59   Thumb Code    48  lv_meter.o(.text)
    lv_meter_set_scale_range                 0x0803cf89   Thumb Code    40  lv_meter.o(.text)
    lv_meter_add_needle_line                 0x0803cfb1   Thumb Code    92  lv_meter.o(.text)
    lv_meter_add_needle_img                  0x0803d00d   Thumb Code    86  lv_meter.o(.text)
    lv_meter_add_arc                         0x0803d063   Thumb Code    92  lv_meter.o(.text)
    lv_meter_add_scale_lines                 0x0803d0bf   Thumb Code    98  lv_meter.o(.text)
    lv_meter_set_indicator_value             0x0803d3ed   Thumb Code   104  lv_meter.o(.text)
    lv_meter_set_indicator_start_value       0x0803d455   Thumb Code    76  lv_meter.o(.text)
    lv_meter_set_indicator_end_value         0x0803d4a1   Thumb Code    76  lv_meter.o(.text)
    lv_roller_create                         0x0803defd   Thumb Code    28  lv_roller.o(.text)
    lv_roller_set_options                    0x0803dfd7   Thumb Code   374  lv_roller.o(.text)
    lv_roller_set_selected                   0x0803e2d7   Thumb Code   170  lv_roller.o(.text)
    lv_roller_set_visible_row_count          0x0803e381   Thumb Code    74  lv_roller.o(.text)
    lv_roller_get_selected                   0x0803e3cb   Thumb Code    46  lv_roller.o(.text)
    lv_roller_get_selected_str               0x0803e3f9   Thumb Code   136  lv_roller.o(.text)
    lv_roller_get_options                    0x0803e481   Thumb Code    22  lv_roller.o(.text)
    lv_roller_get_option_cnt                 0x0803e497   Thumb Code    32  lv_roller.o(.text)
    lv_slider_create                         0x0803ed81   Thumb Code    28  lv_slider.o(.text)
    lv_slider_is_dragged                     0x0803ed9d   Thumb Code    18  lv_slider.o(.text)
    lv_spinbox_create                        0x0803f905   Thumb Code    28  lv_spinbox.o(.text)
    lv_spinbox_set_value                     0x0803fa63   Thumb Code    38  lv_spinbox.o(.text)
    lv_spinbox_set_rollover                  0x0803fa89   Thumb Code    22  lv_spinbox.o(.text)
    lv_spinbox_set_digit_format              0x0803fa9f   Thumb Code   142  lv_spinbox.o(.text)
    lv_spinbox_set_step                      0x0803fb2d   Thumb Code    22  lv_spinbox.o(.text)
    lv_spinbox_set_range                     0x0803fb43   Thumb Code    54  lv_spinbox.o(.text)
    lv_spinbox_set_cursor_pos                0x0803fb79   Thumb Code    92  lv_spinbox.o(.text)
    lv_spinbox_set_digit_step_direction      0x0803fbd5   Thumb Code    32  lv_spinbox.o(.text)
    lv_spinbox_get_value                     0x0803fbf5   Thumb Code    12  lv_spinbox.o(.text)
    lv_spinbox_get_step                      0x0803fc01   Thumb Code    12  lv_spinbox.o(.text)
    lv_spinbox_step_next                     0x0803fc0d   Thumb Code    38  lv_spinbox.o(.text)
    lv_spinbox_step_prev                     0x0803fc33   Thumb Code    76  lv_spinbox.o(.text)
    lv_spinbox_get_rollover                  0x0803fc7f   Thumb Code    18  lv_spinbox.o(.text)
    lv_spinbox_increment                     0x0803fc91   Thumb Code   100  lv_spinbox.o(.text)
    lv_spinbox_decrement                     0x0803fcf5   Thumb Code    88  lv_spinbox.o(.text)
    lv_spinner_create                        0x0803ff9d   Thumb Code    40  lv_spinner.o(.text)
    lv_switch_create                         0x08040095   Thumb Code    28  lv_switch_2.o(.text)
    lv_table_create                          0x08040509   Thumb Code    28  lv_table.o(.text)
    lv_table_set_row_cnt                     0x08040969   Thumb Code   192  lv_table.o(.text)
    lv_table_set_col_cnt                     0x08040a29   Thumb Code   266  lv_table.o(.text)
    lv_table_set_cell_value                  0x08040b33   Thumb Code   190  lv_table.o(.text)
    lv_table_set_cell_value_fmt              0x08040bf1   Thumb Code   242  lv_table.o(.text)
    lv_table_set_col_width                   0x08040ce3   Thumb Code    50  lv_table.o(.text)
    lv_table_add_cell_ctrl                   0x08040d15   Thumb Code   154  lv_table.o(.text)
    lv_table_clear_cell_ctrl                 0x08040daf   Thumb Code   154  lv_table.o(.text)
    lv_table_get_cell_value                  0x08040e49   Thumb Code    70  lv_table.o(.text)
    lv_table_get_row_cnt                     0x08040e8f   Thumb Code    12  lv_table.o(.text)
    lv_table_get_col_cnt                     0x08040e9b   Thumb Code    12  lv_table.o(.text)
    lv_table_get_col_width                   0x08040ea7   Thumb Code    30  lv_table.o(.text)
    lv_table_has_cell_ctrl                   0x08040ec5   Thumb Code    86  lv_table.o(.text)
    lv_table_get_selected_cell               0x08040f1b   Thumb Code    14  lv_table.o(.text)
    lv_tabview_create                        0x080419d1   Thumb Code    44  lv_tabview.o(.text)
    lv_tabview_get_tab_btns                  0x080419fd   Thumb Code    14  lv_tabview.o(.text)
    lv_tabview_get_content                   0x08041a0b   Thumb Code    14  lv_tabview.o(.text)
    lv_tabview_set_act                       0x08041a19   Thumb Code   214  lv_tabview.o(.text)
    lv_tabview_add_tab                       0x08041aef   Thumb Code   320  lv_tabview.o(.text)
    lv_tabview_rename_tab                    0x08041c2f   Thumb Code    92  lv_tabview.o(.text)
    lv_tabview_get_tab_act                   0x08041c8b   Thumb Code    12  lv_tabview.o(.text)
    lv_textarea_create                       0x08042033   Thumb Code    28  lv_textarea.o(.text)
    lv_textarea_get_cursor_pos               0x0804204f   Thumb Code    12  lv_textarea.o(.text)
    lv_textarea_set_cursor_pos               0x080423c1   Thumb Code   294  lv_textarea.o(.text)
    lv_textarea_get_password_bullet          0x080424e7   Thumb Code    54  lv_textarea.o(.text)
    lv_textarea_clear_selection              0x08042605   Thumb Code    60  lv_textarea.o(.text)
    lv_textarea_get_text                     0x08042641   Thumb Code    36  lv_textarea.o(.text)
    lv_textarea_get_max_length               0x080426c1   Thumb Code    12  lv_textarea.o(.text)
    lv_textarea_get_accepted_chars           0x080426cd   Thumb Code    12  lv_textarea.o(.text)
    lv_textarea_add_text                     0x080426d9   Thumb Code   290  lv_textarea.o(.text)
    lv_textarea_add_char                     0x08042847   Thumb Code   306  lv_textarea.o(.text)
    lv_textarea_del_char                     0x08042979   Thumb Code   190  lv_textarea.o(.text)
    lv_textarea_del_char_forward             0x08042a37   Thumb Code    42  lv_textarea.o(.text)
    lv_textarea_set_text                     0x08042a61   Thumb Code   254  lv_textarea.o(.text)
    lv_textarea_set_placeholder_text         0x08042b5f   Thumb Code   116  lv_textarea.o(.text)
    lv_textarea_set_cursor_click_pos         0x08042bd3   Thumb Code    22  lv_textarea.o(.text)
    lv_textarea_set_password_mode            0x08042be9   Thumb Code   146  lv_textarea.o(.text)
    lv_textarea_set_password_bullet          0x08042c7b   Thumb Code   118  lv_textarea.o(.text)
    lv_textarea_set_one_line                 0x08042cf1   Thumb Code   148  lv_textarea.o(.text)
    lv_textarea_set_accepted_chars           0x08042d85   Thumb Code    10  lv_textarea.o(.text)
    lv_textarea_set_max_length               0x08042d8f   Thumb Code    10  lv_textarea.o(.text)
    lv_textarea_set_insert_replace           0x08042d99   Thumb Code    10  lv_textarea.o(.text)
    lv_textarea_set_text_selection           0x08042da3   Thumb Code    34  lv_textarea.o(.text)
    lv_textarea_set_password_show_time       0x08042dc5   Thumb Code    10  lv_textarea.o(.text)
    lv_textarea_get_label                    0x08042dcf   Thumb Code    12  lv_textarea.o(.text)
    lv_textarea_set_align                    0x08042ddb   Thumb Code    98  lv_textarea.o(.text)
    lv_textarea_get_placeholder_text         0x08042e3d   Thumb Code    22  lv_textarea.o(.text)
    lv_textarea_get_cursor_click_pos         0x08042e53   Thumb Code    18  lv_textarea.o(.text)
    lv_textarea_get_password_mode            0x08042e65   Thumb Code    18  lv_textarea.o(.text)
    lv_textarea_get_one_line                 0x08042e77   Thumb Code    18  lv_textarea.o(.text)
    lv_textarea_text_is_selected             0x08042e89   Thumb Code    46  lv_textarea.o(.text)
    lv_textarea_get_text_selection           0x08042eb7   Thumb Code    18  lv_textarea.o(.text)
    lv_textarea_get_password_show_time       0x08042ec9   Thumb Code    12  lv_textarea.o(.text)
    lv_textarea_get_current_char             0x08042ed5   Thumb Code    56  lv_textarea.o(.text)
    lv_textarea_cursor_right                 0x08042f0d   Thumb Code    28  lv_textarea.o(.text)
    lv_textarea_cursor_left                  0x08042f29   Thumb Code    30  lv_textarea.o(.text)
    lv_textarea_cursor_down                  0x08042f47   Thumb Code   128  lv_textarea.o(.text)
    lv_textarea_cursor_up                    0x08042fc7   Thumb Code   114  lv_textarea.o(.text)
    lv_tileview_create                       0x0804372d   Thumb Code    28  lv_tileview.o(.text)
    lv_tileview_add_tile                     0x08043749   Thumb Code    50  lv_tileview.o(.text)
    lv_obj_set_tile                          0x0804377b   Thumb Code    60  lv_tileview.o(.text)
    lv_obj_set_tile_id                       0x080437b7   Thumb Code   128  lv_tileview.o(.text)
    lv_tileview_get_tile_act                 0x08043837   Thumb Code     8  lv_tileview.o(.text)
    lv_win_create                            0x080439e9   Thumb Code    34  lv_win.o(.text)
    lv_win_get_header                        0x08043a0b   Thumb Code    14  lv_win.o(.text)
    lv_win_add_title                         0x08043a19   Thumb Code    54  lv_win.o(.text)
    lv_win_add_btn                           0x08043a4f   Thumb Code    72  lv_win.o(.text)
    lv_win_get_content                       0x08043a97   Thumb Code    14  lv_win.o(.text)
    TIM3_Int_Init                            0x08043b29   Thumb Code    88  timer.o(.text)
    TIM3_IRQHandler                          0x08043b81   Thumb Code    32  timer.o(.text)
    lv_port_disp_init                        0x08043bd3   Thumb Code    56  lv_port_disp_template.o(.text)
    disp_enable_update                       0x08043c0b   Thumb Code     8  lv_port_disp_template.o(.text)
    disp_disable_update                      0x08043c13   Thumb Code     8  lv_port_disp_template.o(.text)
    lv_port_indev_init                       0x08043c9f   Thumb Code    34  lv_port_indev_template.o(.text)
    __use_no_semihosting                     0x08043cd9   Thumb Code     2  use_no_semi_2.o(.text)
    __aeabi_uldivmod                         0x08043cdb   Thumb Code     0  lludivv7m.o(.text)
    _ll_udiv                                 0x08043cdb   Thumb Code   238  lludivv7m.o(.text)
    __2printf                                0x08043dc9   Thumb Code    20  noretval__2printf.o(.text)
    __printf                                 0x08043de1   Thumb Code   104  __printf.o(.text)
    _printf_str                              0x08043e49   Thumb Code    82  _printf_str.o(.text)
    _printf_int_dec                          0x08043e9d   Thumb Code   104  _printf_dec.o(.text)
    _printf_int_hex                          0x08043f15   Thumb Code    84  _printf_hex_int.o(.text)
    _printf_longlong_hex                     0x08043f15   Thumb Code     0  _printf_hex_int.o(.text)
    memcmp                                   0x08043f6d   Thumb Code    88  memcmp.o(.text)
    strcpy                                   0x08043fc5   Thumb Code    72  strcpy.o(.text)
    strlen                                   0x0804400d   Thumb Code    62  strlen.o(.text)
    strcat                                   0x0804404b   Thumb Code    24  strcat.o(.text)
    __aeabi_memcpy4                          0x08044063   Thumb Code     0  rt_memcpy_w.o(.text)
    __aeabi_memcpy8                          0x08044063   Thumb Code     0  rt_memcpy_w.o(.text)
    __rt_memcpy_w                            0x08044063   Thumb Code   100  rt_memcpy_w.o(.text)
    _memcpy_lastbytes_aligned                0x080440ab   Thumb Code     0  rt_memcpy_w.o(.text)
    __aeabi_memclr4                          0x080440c7   Thumb Code     0  rt_memclr_w.o(.text)
    __aeabi_memclr8                          0x080440c7   Thumb Code     0  rt_memclr_w.o(.text)
    __rt_memclr_w                            0x080440c7   Thumb Code    78  rt_memclr_w.o(.text)
    _memset_w                                0x080440cb   Thumb Code     0  rt_memclr_w.o(.text)
    strcmp                                   0x08044115   Thumb Code   128  strcmpv7m.o(.text)
    __use_two_region_memory                  0x08044195   Thumb Code     2  heapauxi.o(.text)
    __rt_heap_escrow$2region                 0x08044197   Thumb Code     2  heapauxi.o(.text)
    __rt_heap_expand$2region                 0x08044199   Thumb Code     2  heapauxi.o(.text)
    __I$use$semihosting                      0x0804419b   Thumb Code     0  use_no_semi.o(.text)
    __use_no_semihosting_swi                 0x0804419b   Thumb Code     2  use_no_semi.o(.text)
    __read_errno                             0x0804419d   Thumb Code    10  _rserrno.o(.text)
    __set_errno                              0x080441a7   Thumb Code    12  _rserrno.o(.text)
    _printf_int_common                       0x080441b3   Thumb Code   178  _printf_intcommon.o(.text)
    _printf_cs_common                        0x08044265   Thumb Code    20  _printf_char.o(.text)
    _printf_char                             0x08044279   Thumb Code    16  _printf_char.o(.text)
    _printf_string                           0x08044289   Thumb Code     8  _printf_char.o(.text)
    _printf_char_file                        0x08044291   Thumb Code    32  _printf_char_file.o(.text)
    __aeabi_errno_addr                       0x080442b5   Thumb Code     8  rt_errno_addr_intlibspace.o(.text)
    __errno$intlibspace                      0x080442b5   Thumb Code     0  rt_errno_addr_intlibspace.o(.text)
    __rt_errno_addr$intlibspace              0x080442b5   Thumb Code     0  rt_errno_addr_intlibspace.o(.text)
    _printf_char_common                      0x080442c7   Thumb Code    32  _printf_char_common.o(.text)
    ferror                                   0x080442ed   Thumb Code     8  ferror.o(.text)
    __user_libspace                          0x080442f5   Thumb Code     8  libspace.o(.text)
    __user_perproc_libspace                  0x080442f5   Thumb Code     0  libspace.o(.text)
    __user_perthread_libspace                0x080442f5   Thumb Code     0  libspace.o(.text)
    __user_setup_stackheap                   0x080442fd   Thumb Code    74  sys_stackheap_outer.o(.text)
    exit                                     0x08044347   Thumb Code    18  exit.o(.text)
    __hardfp_sqrt                            0x08044359   Thumb Code   122  sqrt.o(i.__hardfp_sqrt)
    __aeabi_dadd                             0x080443d5   Thumb Code     0  daddsub_clz.o(x$fpl$dadd)
    _dadd                                    0x080443d5   Thumb Code   332  daddsub_clz.o(x$fpl$dadd)
    __fpl_dcmp_Inf                           0x08044525   Thumb Code    24  dcmpi.o(x$fpl$dcmpinf)
    __aeabi_d2uiz                            0x0804453d   Thumb Code     0  dfixu.o(x$fpl$dfixu)
    _dfixu                                   0x0804453d   Thumb Code    90  dfixu.o(x$fpl$dfixu)
    __aeabi_i2d                              0x08044597   Thumb Code     0  dflt_clz.o(x$fpl$dflt)
    _dflt                                    0x08044597   Thumb Code    46  dflt_clz.o(x$fpl$dflt)
    __aeabi_ui2d                             0x080445c5   Thumb Code     0  dflt_clz.o(x$fpl$dfltu)
    _dfltu                                   0x080445c5   Thumb Code    38  dflt_clz.o(x$fpl$dfltu)
    __aeabi_cdcmple                          0x080445ed   Thumb Code     0  dleqf.o(x$fpl$dleqf)
    _dcmple                                  0x080445ed   Thumb Code   120  dleqf.o(x$fpl$dleqf)
    __fpl_dcmple_InfNaN                      0x0804464f   Thumb Code     0  dleqf.o(x$fpl$dleqf)
    __aeabi_dmul                             0x08044665   Thumb Code     0  dmul.o(x$fpl$dmul)
    _dmul                                    0x08044665   Thumb Code   332  dmul.o(x$fpl$dmul)
    __fpl_dnaninf                            0x080447b9   Thumb Code   156  dnaninf.o(x$fpl$dnaninf)
    __fpl_dretinf                            0x08044855   Thumb Code    12  dretinf.o(x$fpl$dretinf)
    __aeabi_cdrcmple                         0x08044861   Thumb Code     0  drleqf.o(x$fpl$drleqf)
    _drcmple                                 0x08044861   Thumb Code   108  drleqf.o(x$fpl$drleqf)
    __aeabi_drsub                            0x080448cd   Thumb Code     0  daddsub_clz.o(x$fpl$drsb)
    _drsb                                    0x080448cd   Thumb Code    22  daddsub_clz.o(x$fpl$drsb)
    _dsqrt                                   0x080448e5   Thumb Code   404  dsqrt_umaal.o(x$fpl$dsqrt)
    __aeabi_dsub                             0x08044a7d   Thumb Code     0  daddsub_clz.o(x$fpl$dsub)
    _dsub                                    0x08044a7d   Thumb Code   464  daddsub_clz.o(x$fpl$dsub)
    __aeabi_f2d                              0x08044c51   Thumb Code     0  f2d.o(x$fpl$f2d)
    _f2d                                     0x08044c51   Thumb Code    86  f2d.o(x$fpl$f2d)
    __fpl_fnaninf                            0x08044ca7   Thumb Code   140  fnaninf.o(x$fpl$fnaninf)
    _fp_init                                 0x08044d33   Thumb Code    10  fpinit.o(x$fpl$fpinit)
    __fplib_config_fpu_vfp                   0x08044d3b   Thumb Code     0  fpinit.o(x$fpl$fpinit)
    __fplib_config_pureend_doubles           0x08044d3b   Thumb Code     0  fpinit.o(x$fpl$fpinit)
    __I$use$fp                               0x08044d3c   Number         0  usenofp.o(x$fpl$usenofp)
    asc2_1206                                0x08044d3c   Data        1140  lcd.o(.constdata)
    asc2_1608                                0x080451b0   Data        1520  lcd.o(.constdata)
    asc2_2412                                0x080457a0   Data        3420  lcd.o(.constdata)
    GT9147_CFG_TBL                           0x080464fc   Data         184  gt9147.o(.constdata)
    GT9147_TPX_TBL                           0x080465b4   Data          10  gt9147.o(.constdata)
    OTT_TPX_TBL                              0x080465be   Data          10  ott2001a.o(.constdata)
    FT5206_TPX_TBL                           0x080465c8   Data          10  ft5206.o(.constdata)
    TP_REMIND_MSG_TBL                        0x080465d4   Data           4  touch.o(.constdata)
    FSMC_DefaultTimingStruct                 0x080465d8   Data          28  stm32f4xx_fsmc.o(.constdata)
    img_clothes_map                          0x080466fc   Data        9408  img_clothes.o(.constdata)
    img_clothes                              0x08048bbc   Data          12  img_clothes.o(.constdata)
    img_demo_widgets_avatar_map              0x08048bc8   Data       71148  img_demo_widgets_avatar.o(.constdata)
    img_demo_widgets_avatar                  0x0805a1b4   Data          12  img_demo_widgets_avatar.o(.constdata)
    img_lvgl_logo_map                        0x0805a1c0   Data        5418  img_lvgl_logo.o(.constdata)
    img_lvgl_logo                            0x0805b6ec   Data          12  img_lvgl_logo.o(.constdata)
    lv_obj_class                             0x0805b6f8   Data          28  lv_obj.o(.constdata)
    _lv_bpp1_opa_table                       0x0805b71c   Data           2  lv_draw_sw_letter.o(.constdata)
    _lv_bpp2_opa_table                       0x0805b71e   Data           4  lv_draw_sw_letter.o(.constdata)
    _lv_bpp3_opa_table                       0x0805b722   Data           8  lv_draw_sw_letter.o(.constdata)
    _lv_bpp4_opa_table                       0x0805b72a   Data          16  lv_draw_sw_letter.o(.constdata)
    _lv_bpp8_opa_table                       0x0805b73a   Data         256  lv_draw_sw_letter.o(.constdata)
    lv_font_montserrat_12                    0x0805e51c   Data          28  lv_font_montserrat_12.o(.constdata)
    lv_font_montserrat_14                    0x08061a60   Data          28  lv_font_montserrat_14.o(.constdata)
    lv_font_montserrat_16                    0x08065878   Data          28  lv_font_montserrat_16.o(.constdata)
    lv_style_const_prop_id_inv               0x08065ac8   Data           2  lv_style.o(.constdata)
    _lv_style_builtin_prop_flag_lookup_table 0x08065aca   Data         112  lv_style.o(.constdata)
    lv_arc_class                             0x08065b58   Data          28  lv_arc.o(.constdata)
    lv_bar_class                             0x08065b74   Data          28  lv_bar.o(.constdata)
    lv_btn_class                             0x08065b90   Data          28  lv_btn.o(.constdata)
    lv_btnmatrix_class                       0x08065bac   Data          28  lv_btnmatrix.o(.constdata)
    lv_calendar_class                        0x08065bc8   Data          28  lv_calendar.o(.constdata)
    lv_calendar_header_arrow_class           0x08065be4   Data          28  lv_calendar_header_arrow.o(.constdata)
    lv_calendar_header_dropdown_class        0x08065c00   Data          28  lv_calendar_header_dropdown.o(.constdata)
    lv_chart_class                           0x08065c1c   Data          28  lv_chart.o(.constdata)
    lv_checkbox_class                        0x08065c38   Data          28  lv_checkbox.o(.constdata)
    lv_colorwheel_class                      0x08065c54   Data          28  lv_colorwheel.o(.constdata)
    lv_dropdown_class                        0x08065c70   Data          28  lv_dropdown.o(.constdata)
    lv_dropdownlist_class                    0x08065c8c   Data          28  lv_dropdown.o(.constdata)
    lv_img_class                             0x08065ca8   Data          28  lv_img.o(.constdata)
    lv_keyboard_class                        0x08065cc4   Data          28  lv_keyboard.o(.constdata)
    lv_label_class                           0x08066058   Data          28  lv_label.o(.constdata)
    lv_led_class                             0x08066074   Data          28  lv_led.o(.constdata)
    lv_line_class                            0x08066090   Data          28  lv_line.o(.constdata)
    lv_list_class                            0x080660ac   Data          28  lv_list.o(.constdata)
    lv_list_btn_class                        0x080660c8   Data          28  lv_list.o(.constdata)
    lv_list_text_class                       0x080660e4   Data          28  lv_list.o(.constdata)
    lv_menu_class                            0x08066100   Data          28  lv_menu.o(.constdata)
    lv_menu_page_class                       0x0806611c   Data          28  lv_menu.o(.constdata)
    lv_menu_cont_class                       0x08066138   Data          28  lv_menu.o(.constdata)
    lv_menu_section_class                    0x08066154   Data          28  lv_menu.o(.constdata)
    lv_menu_separator_class                  0x08066170   Data          28  lv_menu.o(.constdata)
    lv_menu_sidebar_cont_class               0x0806618c   Data          28  lv_menu.o(.constdata)
    lv_menu_main_cont_class                  0x080661a8   Data          28  lv_menu.o(.constdata)
    lv_menu_main_header_cont_class           0x080661c4   Data          28  lv_menu.o(.constdata)
    lv_menu_sidebar_header_cont_class        0x080661e0   Data          28  lv_menu.o(.constdata)
    lv_meter_class                           0x080661fc   Data          28  lv_meter.o(.constdata)
    lv_msgbox_class                          0x08066218   Data          28  lv_msgbox.o(.constdata)
    lv_msgbox_content_class                  0x08066234   Data          28  lv_msgbox.o(.constdata)
    lv_msgbox_backdrop_class                 0x08066250   Data          28  lv_msgbox.o(.constdata)
    lv_roller_class                          0x0806626c   Data          28  lv_roller.o(.constdata)
    lv_roller_label_class                    0x08066288   Data          28  lv_roller.o(.constdata)
    lv_slider_class                          0x080662a4   Data          28  lv_slider.o(.constdata)
    lv_spinbox_class                         0x080662c0   Data          28  lv_spinbox.o(.constdata)
    lv_spinner_class                         0x080662dc   Data          28  lv_spinner.o(.constdata)
    lv_switch_class                          0x080662f8   Data          28  lv_switch_2.o(.constdata)
    lv_table_class                           0x08066314   Data          28  lv_table.o(.constdata)
    lv_tabview_class                         0x08066330   Data          28  lv_tabview.o(.constdata)
    lv_textarea_class                        0x0806634c   Data          28  lv_textarea.o(.constdata)
    lv_tileview_class                        0x08066368   Data          28  lv_tileview.o(.constdata)
    lv_tileview_tile_class                   0x08066384   Data          28  lv_tileview.o(.constdata)
    lv_win_class                             0x080663a0   Data          28  lv_win.o(.constdata)
    Region$$Table$$Base                      0x08066984   Number         0  anon$$obj.o(Region$$Table)
    Region$$Table$$Limit                     0x080669a4   Number         0  anon$$obj.o(Region$$Table)
    SystemCoreClock                          0x20000000   Data           4  system_stm32f4xx.o(.data)
    AHBPrescTable                            0x20000004   Data          16  system_stm32f4xx.o(.data)
    POINT_COLOR                              0x20000014   Data           2  lcd.o(.data)
    BACK_COLOR                               0x20000016   Data           2  lcd.o(.data)
    tp_dev                                   0x2000001c   Data          52  touch.o(.data)
    CMD_RDX                                  0x20000050   Data           1  touch.o(.data)
    CMD_RDY                                  0x20000051   Data           1  touch.o(.data)
    __stdout                                 0x20000058   Data           4  usart.o(.data)
    USART_RX_STA                             0x2000005c   Data           2  usart.o(.data)
    LV_LAYOUT_FLEX                           0x20000292   Data           2  lv_flex.o(.data)
    LV_STYLE_FLEX_FLOW                       0x20000294   Data           2  lv_flex.o(.data)
    LV_STYLE_FLEX_MAIN_PLACE                 0x20000296   Data           2  lv_flex.o(.data)
    LV_STYLE_FLEX_CROSS_PLACE                0x20000298   Data           2  lv_flex.o(.data)
    LV_STYLE_FLEX_TRACK_PLACE                0x2000029a   Data           2  lv_flex.o(.data)
    LV_STYLE_FLEX_GROW                       0x2000029c   Data           2  lv_flex.o(.data)
    LV_LAYOUT_GRID                           0x2000029e   Data           2  lv_grid.o(.data)
    LV_STYLE_GRID_COLUMN_DSC_ARRAY           0x200002a0   Data           2  lv_grid.o(.data)
    LV_STYLE_GRID_COLUMN_ALIGN               0x200002a2   Data           2  lv_grid.o(.data)
    LV_STYLE_GRID_ROW_DSC_ARRAY              0x200002a4   Data           2  lv_grid.o(.data)
    LV_STYLE_GRID_ROW_ALIGN                  0x200002a6   Data           2  lv_grid.o(.data)
    LV_STYLE_GRID_CELL_COLUMN_POS            0x200002a8   Data           2  lv_grid.o(.data)
    LV_STYLE_GRID_CELL_COLUMN_SPAN           0x200002aa   Data           2  lv_grid.o(.data)
    LV_STYLE_GRID_CELL_X_ALIGN               0x200002ac   Data           2  lv_grid.o(.data)
    LV_STYLE_GRID_CELL_ROW_POS               0x200002ae   Data           2  lv_grid.o(.data)
    LV_STYLE_GRID_CELL_ROW_SPAN              0x200002b0   Data           2  lv_grid.o(.data)
    LV_STYLE_GRID_CELL_Y_ALIGN               0x200002b2   Data           2  lv_grid.o(.data)
    _lv_layout_list                          0x200002c8   Data           4  lv_gc.o(.data)
    _lv_timer_act                            0x200002cc   Data           4  lv_gc.o(.data)
    _lv_theme_default_styles                 0x200002d0   Data           4  lv_gc.o(.data)
    _lv_theme_basic_styles                   0x200002d4   Data           4  lv_gc.o(.data)
    _lv_grad_cache_mem                       0x200002d8   Data           4  lv_gc.o(.data)
    _lv_style_custom_prop_flag_lookup_table  0x200002dc   Data           4  lv_gc.o(.data)
    _lv_style_custom_prop_flag_lookup_table_size 0x200002f4   Data           4  lv_style.o(.data)
    _lv_txt_encoded_size                     0x20000310   Data           4  lv_txt.o(.data)
    _lv_txt_unicode_to_encoded               0x20000314   Data           4  lv_txt.o(.data)
    _lv_txt_encoded_conv_wc                  0x20000318   Data           4  lv_txt.o(.data)
    _lv_txt_encoded_next                     0x2000031c   Data           4  lv_txt.o(.data)
    _lv_txt_encoded_prev                     0x20000320   Data           4  lv_txt.o(.data)
    _lv_txt_encoded_get_byte_id              0x20000324   Data           4  lv_txt.o(.data)
    _lv_txt_encoded_get_char_id              0x20000328   Data           4  lv_txt.o(.data)
    _lv_txt_get_encoded_length               0x2000032c   Data           4  lv_txt.o(.data)
    disp_flush_enabled                       0x2000043a   Data           1  lv_port_disp_template.o(.data)
    indev_touchpad                           0x2000043c   Data           4  lv_port_indev_template.o(.data)
    lcddev                                   0x20000444   Data          14  lcd.o(.bss)
    USART_RX_BUF                             0x20000452   Data         200  usart.o(.bss)
    _lv_timer_ll                             0x20000628   Data          12  lv_gc.o(.bss)
    _lv_disp_ll                              0x20000634   Data          12  lv_gc.o(.bss)
    _lv_indev_ll                             0x20000640   Data          12  lv_gc.o(.bss)
    _lv_fsdrv_ll                             0x2000064c   Data          12  lv_gc.o(.bss)
    _lv_anim_ll                              0x20000658   Data          12  lv_gc.o(.bss)
    _lv_group_ll                             0x20000664   Data          12  lv_gc.o(.bss)
    _lv_img_decoder_ll                       0x20000670   Data          12  lv_gc.o(.bss)
    _lv_obj_style_trans_ll                   0x2000067c   Data          12  lv_gc.o(.bss)
    _lv_img_cache_single                     0x20000688   Data          44  lv_gc.o(.bss)
    _lv_circle_cache                         0x200006b4   Data         112  lv_gc.o(.bss)
    _lv_draw_mask_list                       0x20000724   Data         128  lv_gc.o(.bss)
    _subs_ll                                 0x200007a4   Data          12  lv_gc.o(.bss)
    __libspace_start                         0x20015384   Data          96  libspace.o(.bss)
    __temporary_stack_top$libspace           0x200153e4   Data           0  libspace.o(.bss)



==============================================================================

Memory Map of the image

  Image Entry point : 0x08000189

  Load Region LR_IROM1 (Base: 0x08000000, Size: 0x00066de8, Max: 0x00100000, ABSOLUTE, COMPRESSED[0x00066b04])

    Execution Region ER_IROM1 (Base: 0x08000000, Size: 0x000669a4, Max: 0x00100000, ABSOLUTE)

    Base Addr    Size         Type   Attr      Idx    E Section Name        Object

    0x08000000   0x00000188   Data   RO         1005    RESET               startup_stm32f40_41xxx.o
    0x08000188   0x00000008   Code   RO        17446  * !!!main             c_w.l(__main.o)
    0x08000190   0x00000034   Code   RO        17692    !!!scatter          c_w.l(__scatter.o)
    0x080001c4   0x0000005a   Code   RO        17690    !!dczerorl2         c_w.l(__dczerorl2.o)
    0x0800021e   0x00000002   PAD
    0x08000220   0x0000001c   Code   RO        17694    !!handler_zi        c_w.l(__scatter_zi.o)
    0x0800023c   0x00000000   Code   RO        17419    .ARM.Collect$$_printf_percent$$00000000  c_w.l(_printf_percent.o)
    0x0800023c   0x00000006   Code   RO        17418    .ARM.Collect$$_printf_percent$$00000009  c_w.l(_printf_d.o)
    0x08000242   0x00000006   Code   RO        17417    .ARM.Collect$$_printf_percent$$0000000C  c_w.l(_printf_x.o)
    0x08000248   0x00000006   Code   RO        17416    .ARM.Collect$$_printf_percent$$00000014  c_w.l(_printf_s.o)
    0x0800024e   0x00000004   Code   RO        17499    .ARM.Collect$$_printf_percent$$00000017  c_w.l(_printf_percent_end.o)
    0x08000252   0x00000002   Code   RO        17576    .ARM.Collect$$libinit$$00000000  c_w.l(libinit.o)
    0x08000254   0x00000004   Code   RO        17585    .ARM.Collect$$libinit$$00000001  c_w.l(libinit2.o)
    0x08000258   0x00000000   Code   RO        17588    .ARM.Collect$$libinit$$00000004  c_w.l(libinit2.o)
    0x08000258   0x00000000   Code   RO        17591    .ARM.Collect$$libinit$$0000000A  c_w.l(libinit2.o)
    0x08000258   0x00000000   Code   RO        17593    .ARM.Collect$$libinit$$0000000C  c_w.l(libinit2.o)
    0x08000258   0x00000000   Code   RO        17595    .ARM.Collect$$libinit$$0000000E  c_w.l(libinit2.o)
    0x08000258   0x00000000   Code   RO        17598    .ARM.Collect$$libinit$$00000011  c_w.l(libinit2.o)
    0x08000258   0x00000000   Code   RO        17600    .ARM.Collect$$libinit$$00000013  c_w.l(libinit2.o)
    0x08000258   0x00000000   Code   RO        17602    .ARM.Collect$$libinit$$00000015  c_w.l(libinit2.o)
    0x08000258   0x00000000   Code   RO        17604    .ARM.Collect$$libinit$$00000017  c_w.l(libinit2.o)
    0x08000258   0x00000000   Code   RO        17606    .ARM.Collect$$libinit$$00000019  c_w.l(libinit2.o)
    0x08000258   0x00000000   Code   RO        17608    .ARM.Collect$$libinit$$0000001B  c_w.l(libinit2.o)
    0x08000258   0x00000000   Code   RO        17610    .ARM.Collect$$libinit$$0000001D  c_w.l(libinit2.o)
    0x08000258   0x00000000   Code   RO        17612    .ARM.Collect$$libinit$$0000001F  c_w.l(libinit2.o)
    0x08000258   0x00000000   Code   RO        17614    .ARM.Collect$$libinit$$00000021  c_w.l(libinit2.o)
    0x08000258   0x00000000   Code   RO        17616    .ARM.Collect$$libinit$$00000023  c_w.l(libinit2.o)
    0x08000258   0x00000000   Code   RO        17618    .ARM.Collect$$libinit$$00000025  c_w.l(libinit2.o)
    0x08000258   0x00000000   Code   RO        17622    .ARM.Collect$$libinit$$0000002C  c_w.l(libinit2.o)
    0x08000258   0x00000000   Code   RO        17624    .ARM.Collect$$libinit$$0000002E  c_w.l(libinit2.o)
    0x08000258   0x00000000   Code   RO        17626    .ARM.Collect$$libinit$$00000030  c_w.l(libinit2.o)
    0x08000258   0x00000000   Code   RO        17628    .ARM.Collect$$libinit$$00000032  c_w.l(libinit2.o)
    0x08000258   0x00000002   Code   RO        17629    .ARM.Collect$$libinit$$00000033  c_w.l(libinit2.o)
    0x0800025a   0x00000002   Code   RO        17663    .ARM.Collect$$libshutdown$$00000000  c_w.l(libshutdown.o)
    0x0800025c   0x00000000   Code   RO        17673    .ARM.Collect$$libshutdown$$00000002  c_w.l(libshutdown2.o)
    0x0800025c   0x00000000   Code   RO        17675    .ARM.Collect$$libshutdown$$00000004  c_w.l(libshutdown2.o)
    0x0800025c   0x00000000   Code   RO        17678    .ARM.Collect$$libshutdown$$00000007  c_w.l(libshutdown2.o)
    0x0800025c   0x00000000   Code   RO        17681    .ARM.Collect$$libshutdown$$0000000A  c_w.l(libshutdown2.o)
    0x0800025c   0x00000000   Code   RO        17683    .ARM.Collect$$libshutdown$$0000000C  c_w.l(libshutdown2.o)
    0x0800025c   0x00000000   Code   RO        17686    .ARM.Collect$$libshutdown$$0000000F  c_w.l(libshutdown2.o)
    0x0800025c   0x00000002   Code   RO        17687    .ARM.Collect$$libshutdown$$00000010  c_w.l(libshutdown2.o)
    0x0800025e   0x00000000   Code   RO        17486    .ARM.Collect$$rtentry$$00000000  c_w.l(__rtentry.o)
    0x0800025e   0x00000000   Code   RO        17520    .ARM.Collect$$rtentry$$00000002  c_w.l(__rtentry2.o)
    0x0800025e   0x00000006   Code   RO        17532    .ARM.Collect$$rtentry$$00000004  c_w.l(__rtentry4.o)
    0x08000264   0x00000000   Code   RO        17522    .ARM.Collect$$rtentry$$00000009  c_w.l(__rtentry2.o)
    0x08000264   0x00000004   Code   RO        17523    .ARM.Collect$$rtentry$$0000000A  c_w.l(__rtentry2.o)
    0x08000268   0x00000000   Code   RO        17525    .ARM.Collect$$rtentry$$0000000C  c_w.l(__rtentry2.o)
    0x08000268   0x00000008   Code   RO        17526    .ARM.Collect$$rtentry$$0000000D  c_w.l(__rtentry2.o)
    0x08000270   0x00000002   Code   RO        17577    .ARM.Collect$$rtexit$$00000000  c_w.l(rtexit.o)
    0x08000272   0x00000000   Code   RO        17631    .ARM.Collect$$rtexit$$00000002  c_w.l(rtexit2.o)
    0x08000272   0x00000004   Code   RO        17632    .ARM.Collect$$rtexit$$00000003  c_w.l(rtexit2.o)
    0x08000276   0x00000006   Code   RO        17633    .ARM.Collect$$rtexit$$00000004  c_w.l(rtexit2.o)
    0x0800027c   0x00000058   Code   RO            3    .text               main.o
    0x080002d4   0x0000001a   Code   RO          603    .text               stm32f4xx_it.o
    0x080002ee   0x00000002   PAD
    0x080002f0   0x00000210   Code   RO          652    .text               system_stm32f4xx.o
    0x08000500   0x00000040   Code   RO          678    .text               led.o
    0x08000540   0x00004c80   Code   RO          698    .text               lcd.o
    0x080051c0   0x00000104   Code   RO          736    .text               key.o
    0x080052c4   0x0000025c   Code   RO          757    .text               myiic.o
    0x08005520   0x0000017a   Code   RO          780    .text               24cxx.o
    0x0800569a   0x00000002   PAD
    0x0800569c   0x00000254   Code   RO          803    .text               ctiic.o
    0x080058f0   0x00000430   Code   RO          826    .text               gt9147.o
    0x08005d20   0x00000388   Code   RO          854    .text               ott2001a.o
    0x080060a8   0x0000032c   Code   RO          878    .text               ft5206.o
    0x080063d4   0x000010e0   Code   RO          902    .text               touch.o
    0x080074b4   0x00000104   Code   RO          934    .text               delay.o
    0x080075b8   0x00000148   Code   RO          974    .text               usart.o
    0x08007700   0x00000040   Code   RO         1006    .text               startup_stm32f40_41xxx.o
    0x08007740   0x000000e0   Code   RO         1012    .text               misc.o
    0x08007820   0x00000294   Code   RO         1032    .text               stm32f4xx_gpio.o
    0x08007ab4   0x000005c8   Code   RO         1052    .text               stm32f4xx_fsmc.o
    0x0800807c   0x0000065c   Code   RO         1075    .text               stm32f4xx_rcc.o
    0x080086d8   0x00000454   Code   RO         1117    .text               stm32f4xx_usart.o
    0x08008b2c   0x00000ca2   Code   RO         1137    .text               stm32f4xx_tim.o
    0x080097ce   0x00000002   PAD
    0x080097d0   0x000040c8   Code   RO         1155    .text               lv_demo_widgets.o
    0x0800d898   0x000007ca   Code   RO         3062    .text               lv_disp.o
    0x0800e062   0x00000002   PAD
    0x0800e064   0x000007f6   Code   RO         3237    .text               lv_event.o
    0x0800e85a   0x00000002   PAD
    0x0800e85c   0x00000718   Code   RO         3381    .text               lv_group.o
    0x0800ef74   0x0000134c   Code   RO         3544    .text               lv_indev.o
    0x080102c0   0x00000d96   Code   RO         3603    .text               lv_indev_scroll.o
    0x08011056   0x00000002   PAD
    0x08011058   0x000011fa   Code   RO         3693    .text               lv_obj.o
    0x08012252   0x00000232   Code   RO         3964    .text               lv_obj_class.o
    0x08012484   0x00000a02   Code   RO         3976    .text               lv_obj_draw.o
    0x08012e86   0x00000002   PAD
    0x08012e88   0x00001da0   Code   RO         4133    .text               lv_obj_pos.o
    0x08014c28   0x00001628   Code   RO         4236    .text               lv_obj_scroll.o
    0x08016250   0x000013d8   Code   RO         4344    .text               lv_obj_style.o
    0x08017628   0x00000830   Code   RO         4448    .text               lv_obj_style_gen.o
    0x08017e58   0x0000067c   Code   RO         4493    .text               lv_obj_tree.o
    0x080184d4   0x00001494   Code   RO         4580    .text               lv_refr.o
    0x08019968   0x00000128   Code   RO         4688    .text               lv_theme.o
    0x08019a90   0x00000012   Code   RO         4703    .text               lv_draw.o
    0x08019aa2   0x000004d8   Code   RO         4848    .text               lv_draw_arc.o
    0x08019f7a   0x00000002   PAD
    0x08019f7c   0x000004a8   Code   RO         4907    .text               lv_draw_img.o
    0x0801a424   0x00000724   Code   RO         5030    .text               lv_draw_label.o
    0x0801ab48   0x000000d8   Code   RO         5126    .text               lv_draw_layer.o
    0x0801ac20   0x0000008c   Code   RO         5183    .text               lv_draw_line.o
    0x0801acac   0x00001dc4   Code   RO         5340    .text               lv_draw_mask.o
    0x0801ca70   0x00000114   Code   RO         5410    .text               lv_draw_rect.o
    0x0801cb84   0x00000042   Code   RO         5470    .text               lv_draw_transform.o
    0x0801cbc6   0x00000002   PAD
    0x0801cbc8   0x0000098c   Code   RO         5520    .text               lv_img_buf.o
    0x0801d554   0x0000006c   Code   RO         5565    .text               lv_img_cache.o
    0x0801d5c0   0x00000a78   Code   RO         5617    .text               lv_img_decoder.o
    0x0801e038   0x000002fc   Code   RO         5679    .text               lv_draw_sw.o
    0x0801e334   0x00000daa   Code   RO         5824    .text               lv_draw_sw_arc.o
    0x0801f0de   0x00000002   PAD
    0x0801f0e0   0x000013b4   Code   RO         5908    .text               lv_draw_sw_blend.o
    0x08020494   0x00000560   Code   RO         6059    .text               lv_draw_sw_gradient.o
    0x080209f4   0x000005fa   Code   RO         6115    .text               lv_draw_sw_img.o
    0x08020fee   0x000001c0   Code   RO         6214    .text               lv_draw_sw_layer.o
    0x080211ae   0x00000002   PAD
    0x080211b0   0x0000052e   Code   RO         6303    .text               lv_draw_sw_letter.o
    0x080216de   0x00000002   PAD
    0x080216e0   0x00000a12   Code   RO         6404    .text               lv_draw_sw_line.o
    0x080220f2   0x00000002   PAD
    0x080220f4   0x00000394   Code   RO         6501    .text               lv_draw_sw_polygon.o
    0x08022488   0x0000207a   Code   RO         6571    .text               lv_draw_sw_rect.o
    0x08024502   0x00000002   PAD
    0x08024504   0x00000a18   Code   RO         6663    .text               lv_draw_sw_transform.o
    0x08024f1c   0x0000011a   Code   RO         6755    .text               lv_font.o
    0x08025036   0x00000002   PAD
    0x08025038   0x000003d8   Code   RO         6810    .text               lv_font_fmt_txt.o
    0x08025410   0x00000668   Code   RO         7636    .text               lv_hal_disp.o
    0x08025a78   0x000001dc   Code   RO         7826    .text               lv_hal_indev.o
    0x08025c54   0x0000004c   Code   RO         7996    .text               lv_hal_tick.o
    0x08025ca0   0x00000f50   Code   RO         8022    .text               lv_flex.o
    0x08026bf0   0x00000f3c   Code   RO         8194    .text               lv_grid.o
    0x08027b2c   0x00000650   Code   RO         8792    .text               lv_anim.o
    0x0802817c   0x00000a70   Code   RO         8967    .text               lv_area.o
    0x08028bec   0x000000ac   Code   RO         8986    .text               lv_async.o
    0x08028c98   0x000004c8   Code   RO         9036    .text               lv_color.o
    0x08029160   0x000006cc   Code   RO         9052    .text               lv_fs.o
    0x0802982c   0x000000f0   Code   RO         9110    .text               lv_gc.o
    0x0802991c   0x00000342   Code   RO         9144    .text               lv_ll.o
    0x08029c5e   0x00000002   PAD
    0x08029c60   0x00000184   Code   RO         9177    .text               lv_malloc_builtin.o
    0x08029de4   0x00000264   Code   RO         9198    .text               lv_math.o
    0x0802a048   0x000000f0   Code   RO         9213    .text               lv_mem.o
    0x0802a138   0x00000318   Code   RO         9230    .text               lv_memcpy_builtin.o
    0x0802a450   0x00000968   Code   RO         9242    .text               lv_printf.o
    0x0802adb8   0x000006b4   Code   RO         9254    .text               lv_style.o
    0x0802b46c   0x000006cc   Code   RO         9327    .text               lv_style_gen.o
    0x0802bb38   0x000002a0   Code   RO         9360    .text               lv_timer.o
    0x0802bdd8   0x00000db0   Code   RO         9378    .text               lv_tlsf.o
    0x0802cb88   0x000008d0   Code   RO         9390    .text               lv_txt.o
    0x0802d458   0x00000054   Code   RO         9492    .text               lv_utils.o
    0x0802d4ac   0x000032ac   Code   RO        10462    .text               lv_theme_default.o
    0x08030758   0x00001154   Code   RO        11134    .text               lv_arc.o
    0x080318ac   0x00000b00   Code   RO        11309    .text               lv_bar.o
    0x080323ac   0x0000003c   Code   RO        11485    .text               lv_btn.o
    0x080323e8   0x00001554   Code   RO        11657    .text               lv_btnmatrix.o
    0x0803393c   0x0000061c   Code   RO        11840    .text               lv_calendar.o
    0x08033f58   0x00000220   Code   RO        12172    .text               lv_calendar_header_arrow.o
    0x08034178   0x00000198   Code   RO        12370    .text               lv_calendar_header_dropdown.o
    0x08034310   0x000029b6   Code   RO        12683    .text               lv_chart.o
    0x08036cc6   0x00000002   PAD
    0x08036cc8   0x0000054e   Code   RO        12934    .text               lv_checkbox.o
    0x08037216   0x00000002   PAD
    0x08037218   0x00000e66   Code   RO        13109    .text               lv_colorwheel.o
    0x0803807e   0x00000002   PAD
    0x08038080   0x0000137c   Code   RO        13364    .text               lv_dropdown.o
    0x080393fc   0x00000eb0   Code   RO        13552    .text               lv_img.o
    0x0803a2ac   0x00000424   Code   RO        13902    .text               lv_keyboard.o
    0x0803a6d0   0x000016d6   Code   RO        14091    .text               lv_label.o
    0x0803bda6   0x00000002   PAD
    0x0803bda8   0x00000440   Code   RO        14266    .text               lv_led.o
    0x0803c1e8   0x00000284   Code   RO        14453    .text               lv_line.o
    0x0803c46c   0x00000a4c   Code   RO        14819    .text               lv_menu.o
    0x0803ceb8   0x00001044   Code   RO        15007    .text               lv_meter.o
    0x0803defc   0x00000e54   Code   RO        15460    .text               lv_roller.o
    0x0803ed50   0x00000bb2   Code   RO        15642    .text               lv_slider.o
    0x0803f902   0x00000002   PAD
    0x0803f904   0x00000698   Code   RO        16091    .text               lv_spinbox.o
    0x0803ff9c   0x000000f8   Code   RO        16274    .text               lv_spinner.o
    0x08040094   0x00000474   Code   RO        16507    .text               lv_switch_2.o
    0x08040508   0x000014c8   Code   RO        16692    .text               lv_table.o
    0x080419d0   0x00000650   Code   RO        16874    .text               lv_tabview.o
    0x08042020   0x0000170a   Code   RO        16898    .text               lv_textarea.o
    0x0804372a   0x00000002   PAD
    0x0804372c   0x000002bc   Code   RO        17081    .text               lv_tileview.o
    0x080439e8   0x00000140   Code   RO        17257    .text               lv_win.o
    0x08043b28   0x0000007c   Code   RO        17281    .text               timer.o
    0x08043ba4   0x00000090   Code   RO        17304    .text               lv_port_disp_template.o
    0x08043c34   0x000000a4   Code   RO        17337    .text               lv_port_indev_template.o
    0x08043cd8   0x00000002   Code   RO        17361    .text               c_w.l(use_no_semi_2.o)
    0x08043cda   0x000000ee   Code   RO        17363    .text               c_w.l(lludivv7m.o)
    0x08043dc8   0x00000018   Code   RO        17367    .text               c_w.l(noretval__2printf.o)
    0x08043de0   0x00000068   Code   RO        17369    .text               c_w.l(__printf.o)
    0x08043e48   0x00000052   Code   RO        17371    .text               c_w.l(_printf_str.o)
    0x08043e9a   0x00000002   PAD
    0x08043e9c   0x00000078   Code   RO        17373    .text               c_w.l(_printf_dec.o)
    0x08043f14   0x00000058   Code   RO        17378    .text               c_w.l(_printf_hex_int.o)
    0x08043f6c   0x00000058   Code   RO        17424    .text               c_w.l(memcmp.o)
    0x08043fc4   0x00000048   Code   RO        17426    .text               c_w.l(strcpy.o)
    0x0804400c   0x0000003e   Code   RO        17428    .text               c_w.l(strlen.o)
    0x0804404a   0x00000018   Code   RO        17430    .text               c_w.l(strcat.o)
    0x08044062   0x00000064   Code   RO        17436    .text               c_w.l(rt_memcpy_w.o)
    0x080440c6   0x0000004e   Code   RO        17440    .text               c_w.l(rt_memclr_w.o)
    0x08044114   0x00000080   Code   RO        17442    .text               c_w.l(strcmpv7m.o)
    0x08044194   0x00000006   Code   RO        17444    .text               c_w.l(heapauxi.o)
    0x0804419a   0x00000002   Code   RO        17484    .text               c_w.l(use_no_semi.o)
    0x0804419c   0x00000016   Code   RO        17491    .text               c_w.l(_rserrno.o)
    0x080441b2   0x000000b2   Code   RO        17493    .text               c_w.l(_printf_intcommon.o)
    0x08044264   0x0000002c   Code   RO        17495    .text               c_w.l(_printf_char.o)
    0x08044290   0x00000024   Code   RO        17497    .text               c_w.l(_printf_char_file.o)
    0x080442b4   0x00000008   Code   RO        17539    .text               c_w.l(rt_errno_addr_intlibspace.o)
    0x080442bc   0x00000030   Code   RO        17541    .text               c_w.l(_printf_char_common.o)
    0x080442ec   0x00000008   Code   RO        17543    .text               c_w.l(ferror.o)
    0x080442f4   0x00000008   Code   RO        17551    .text               c_w.l(libspace.o)
    0x080442fc   0x0000004a   Code   RO        17555    .text               c_w.l(sys_stackheap_outer.o)
    0x08044346   0x00000012   Code   RO        17561    .text               c_w.l(exit.o)
    0x08044358   0x0000007a   Code   RO        17472    i.__hardfp_sqrt     m_wm.l(sqrt.o)
    0x080443d2   0x00000002   PAD
    0x080443d4   0x00000150   Code   RO        17448    x$fpl$dadd          fz_wm.l(daddsub_clz.o)
    0x08044524   0x00000018   Code   RO        17506    x$fpl$dcmpinf       fz_wm.l(dcmpi.o)
    0x0804453c   0x0000005a   Code   RO        17454    x$fpl$dfixu         fz_wm.l(dfixu.o)
    0x08044596   0x0000002e   Code   RO        17459    x$fpl$dflt          fz_wm.l(dflt_clz.o)
    0x080445c4   0x00000026   Code   RO        17458    x$fpl$dfltu         fz_wm.l(dflt_clz.o)
    0x080445ea   0x00000002   PAD
    0x080445ec   0x00000078   Code   RO        17464    x$fpl$dleqf         fz_wm.l(dleqf.o)
    0x08044664   0x00000154   Code   RO        17466    x$fpl$dmul          fz_wm.l(dmul.o)
    0x080447b8   0x0000009c   Code   RO        17508    x$fpl$dnaninf       fz_wm.l(dnaninf.o)
    0x08044854   0x0000000c   Code   RO        17510    x$fpl$dretinf       fz_wm.l(dretinf.o)
    0x08044860   0x0000006c   Code   RO        17468    x$fpl$drleqf        fz_wm.l(drleqf.o)
    0x080448cc   0x00000016   Code   RO        17449    x$fpl$drsb          fz_wm.l(daddsub_clz.o)
    0x080448e2   0x00000002   PAD
    0x080448e4   0x00000198   Code   RO        17512    x$fpl$dsqrt         fz_wm.l(dsqrt_umaal.o)
    0x08044a7c   0x000001d4   Code   RO        17450    x$fpl$dsub          fz_wm.l(daddsub_clz.o)
    0x08044c50   0x00000056   Code   RO        17470    x$fpl$f2d           fz_wm.l(f2d.o)
    0x08044ca6   0x0000008c   Code   RO        17514    x$fpl$fnaninf       fz_wm.l(fnaninf.o)
    0x08044d32   0x0000000a   Code   RO        17641    x$fpl$fpinit        fz_wm.l(fpinit.o)
    0x08044d3c   0x00000000   Code   RO        17516    x$fpl$usenofp       fz_wm.l(usenofp.o)
    0x08044d3c   0x000017c0   Data   RO          700    .constdata          lcd.o
    0x080464fc   0x000000c2   Data   RO          827    .constdata          gt9147.o
    0x080465be   0x0000000a   Data   RO          855    .constdata          ott2001a.o
    0x080465c8   0x0000000a   Data   RO          879    .constdata          ft5206.o
    0x080465d2   0x00000002   PAD
    0x080465d4   0x00000004   Data   RO          903    .constdata          touch.o
    0x080465d8   0x0000001c   Data   RO         1053    .constdata          stm32f4xx_fsmc.o
    0x080465f4   0x00000108   Data   RO         1157    .constdata          lv_demo_widgets.o
    0x080466fc   0x000024cc   Data   RO         1437    .constdata          img_clothes.o
    0x08048bc8   0x000115f8   Data   RO         1635    .constdata          img_demo_widgets_avatar.o
    0x0805a1c0   0x00001538   Data   RO         1644    .constdata          img_lvgl_logo.o
    0x0805b6f8   0x0000001c   Data   RO         3694    .constdata          lv_obj.o
    0x0805b714   0x00000008   Data   RO         4134    .constdata          lv_obj_pos.o
    0x0805b71c   0x0000011e   Data   RO         6305    .constdata          lv_draw_sw_letter.o
    0x0805b83a   0x00000021   Data   RO         6405    .constdata          lv_draw_sw_line.o
    0x0805b85b   0x00000001   PAD
    0x0805b85c   0x00000008   Data   RO         6502    .constdata          lv_draw_sw_polygon.o
    0x0805b864   0x00002cd4   Data   RO         6892    .constdata          lv_font_montserrat_12.o
    0x0805e538   0x00003544   Data   RO         7104    .constdata          lv_font_montserrat_14.o
    0x08061a7c   0x00003e18   Data   RO         7310    .constdata          lv_font_montserrat_16.o
    0x08065894   0x0000017c   Data   RO         9037    .constdata          lv_color.o
    0x08065a10   0x000000b6   Data   RO         9199    .constdata          lv_math.o
    0x08065ac6   0x00000002   PAD
    0x08065ac8   0x00000078   Data   RO         9255    .constdata          lv_style.o
    0x08065b40   0x00000016   Data   RO        10464    .constdata          lv_theme_default.o
    0x08065b56   0x00000002   PAD
    0x08065b58   0x0000001c   Data   RO        11135    .constdata          lv_arc.o
    0x08065b74   0x0000001c   Data   RO        11310    .constdata          lv_bar.o
    0x08065b90   0x0000001c   Data   RO        11486    .constdata          lv_btn.o
    0x08065bac   0x0000001c   Data   RO        11658    .constdata          lv_btnmatrix.o
    0x08065bc8   0x0000001c   Data   RO        11841    .constdata          lv_calendar.o
    0x08065be4   0x0000001c   Data   RO        12173    .constdata          lv_calendar_header_arrow.o
    0x08065c00   0x0000001c   Data   RO        12371    .constdata          lv_calendar_header_dropdown.o
    0x08065c1c   0x0000001c   Data   RO        12684    .constdata          lv_chart.o
    0x08065c38   0x0000001c   Data   RO        12935    .constdata          lv_checkbox.o
    0x08065c54   0x0000001c   Data   RO        13110    .constdata          lv_colorwheel.o
    0x08065c70   0x00000038   Data   RO        13365    .constdata          lv_dropdown.o
    0x08065ca8   0x0000001c   Data   RO        13553    .constdata          lv_img.o
    0x08065cc4   0x00000392   Data   RO        13903    .constdata          lv_keyboard.o
    0x08066056   0x00000002   PAD
    0x08066058   0x0000001c   Data   RO        14092    .constdata          lv_label.o
    0x08066074   0x0000001c   Data   RO        14267    .constdata          lv_led.o
    0x08066090   0x0000001c   Data   RO        14454    .constdata          lv_line.o
    0x080660ac   0x00000054   Data   RO        14626    .constdata          lv_list.o
    0x08066100   0x000000fc   Data   RO        14820    .constdata          lv_menu.o
    0x080661fc   0x0000001c   Data   RO        15008    .constdata          lv_meter.o
    0x08066218   0x00000054   Data   RO        15262    .constdata          lv_msgbox.o
    0x0806626c   0x00000038   Data   RO        15461    .constdata          lv_roller.o
    0x080662a4   0x0000001c   Data   RO        15643    .constdata          lv_slider.o
    0x080662c0   0x0000001c   Data   RO        16092    .constdata          lv_spinbox.o
    0x080662dc   0x0000001c   Data   RO        16275    .constdata          lv_spinner.o
    0x080662f8   0x0000001c   Data   RO        16508    .constdata          lv_switch_2.o
    0x08066314   0x0000001c   Data   RO        16693    .constdata          lv_table.o
    0x08066330   0x0000001c   Data   RO        16875    .constdata          lv_tabview.o
    0x0806634c   0x0000001c   Data   RO        16899    .constdata          lv_textarea.o
    0x08066368   0x00000038   Data   RO        17082    .constdata          lv_tileview.o
    0x080663a0   0x0000001c   Data   RO        17258    .constdata          lv_win.o
    0x080663bc   0x00000028   Data   RO        17379    .constdata          c_w.l(_printf_hex_int.o)
    0x080663e4   0x00000079   Data   RO          904    .conststring        touch.o
    0x0806645d   0x00000003   PAD
    0x08066460   0x00000071   Data   RO         1158    .conststring        lv_demo_widgets.o
    0x080664d1   0x00000003   PAD
    0x080664d4   0x0000002d   Data   RO        11659    .conststring        lv_btnmatrix.o
    0x08066501   0x00000003   PAD
    0x08066504   0x0000001b   Data   RO        11842    .conststring        lv_calendar.o
    0x0806651f   0x00000001   PAD
    0x08066520   0x00000055   Data   RO        12174    .conststring        lv_calendar_header_arrow.o
    0x08066575   0x00000003   PAD
    0x08066578   0x0000028c   Data   RO        12372    .conststring        lv_calendar_header_dropdown.o
    0x08066804   0x00000180   Data   RO        13904    .conststring        lv_keyboard.o
    0x08066984   0x00000020   Data   RO        17688    Region$$Table       anon$$obj.o


    Execution Region RW_IRAM1 (Base: 0x20000000, Size: 0x00015de8, Max: 0x00020000, ABSOLUTE, COMPRESSED[0x00000160])

    Base Addr    Size         Type   Attr      Idx    E Section Name        Object

    0x20000000   0x00000014   Data   RW          653    .data               system_stm32f4xx.o
    0x20000014   0x00000004   Data   RW          701    .data               lcd.o
    0x20000018   0x00000001   Data   RW          737    .data               key.o
    0x20000019   0x00000001   Data   RW          828    .data               gt9147.o
    0x2000001a   0x00000001   Data   RW          856    .data               ott2001a.o
    0x2000001b   0x00000001   Data   RW          880    .data               ft5206.o
    0x2000001c   0x00000036   Data   RW          905    .data               touch.o
    0x20000052   0x00000004   Data   RW          935    .data               delay.o
    0x20000056   0x00000002   PAD
    0x20000058   0x00000006   Data   RW          976    .data               usart.o
    0x2000005e   0x00000010   Data   RW         1076    .data               stm32f4xx_rcc.o
    0x2000006e   0x00000002   PAD
    0x20000070   0x000001a5   Data   RW         1159    .data               lv_demo_widgets.o
    0x20000215   0x00000003   PAD
    0x20000218   0x00000008   Data   RW         3238    .data               lv_event.o
    0x20000220   0x00000004   Data   RW         3382    .data               lv_group.o
    0x20000224   0x00000009   Data   RW         3545    .data               lv_indev.o
    0x2000022d   0x00000003   PAD
    0x20000230   0x00000008   Data   RW         3695    .data               lv_obj.o
    0x20000238   0x00000005   Data   RW         4135    .data               lv_obj_pos.o
    0x2000023d   0x00000001   Data   RW         4345    .data               lv_obj_style.o
    0x2000023e   0x00000002   PAD
    0x20000240   0x00000008   Data   RW         4581    .data               lv_refr.o
    0x20000248   0x00000014   Data   RW         5909    .data               lv_draw_sw_blend.o
    0x2000025c   0x00000009   Data   RW         6060    .data               lv_draw_sw_gradient.o
    0x20000265   0x00000003   PAD
    0x20000268   0x00000008   Data   RW         6306    .data               lv_draw_sw_letter.o
    0x20000270   0x00000008   Data   RW         6893    .data               lv_font_montserrat_12.o
    0x20000278   0x00000008   Data   RW         7105    .data               lv_font_montserrat_14.o
    0x20000280   0x00000008   Data   RW         7311    .data               lv_font_montserrat_16.o
    0x20000288   0x00000004   Data   RW         7637    .data               lv_hal_disp.o
    0x2000028c   0x00000005   Data   RW         7997    .data               lv_hal_tick.o
    0x20000291   0x00000001   PAD
    0x20000292   0x0000000c   Data   RW         8023    .data               lv_flex.o
    0x2000029e   0x00000016   Data   RW         8195    .data               lv_grid.o
    0x200002b4   0x00000008   Data   RW         8793    .data               lv_anim.o
    0x200002bc   0x0000000c   Data   RW         8968    .data               lv_area.o
    0x200002c8   0x00000018   Data   RW         9112    .data               lv_gc.o
    0x200002e0   0x0000000c   Data   RW         9179    .data               lv_malloc_builtin.o
    0x200002ec   0x00000004   Data   RW         9200    .data               lv_math.o
    0x200002f0   0x00000004   Data   RW         9214    .data               lv_mem.o
    0x200002f4   0x00000006   Data   RW         9256    .data               lv_style.o
    0x200002fa   0x00000002   PAD
    0x200002fc   0x00000014   Data   RW         9361    .data               lv_timer.o
    0x20000310   0x00000020   Data   RW         9391    .data               lv_txt.o
    0x20000330   0x00000020   Data   RW        10465    .data               lv_theme_default.o
    0x20000350   0x0000001c   Data   RW        11660    .data               lv_btnmatrix.o
    0x2000036c   0x0000001c   Data   RW        11843    .data               lv_calendar.o
    0x20000388   0x00000030   Data   RW        12175    .data               lv_calendar_header_arrow.o
    0x200003b8   0x00000008   Data   RW        12373    .data               lv_calendar_header_dropdown.o
    0x200003c0   0x0000000a   Data   RW        13111    .data               lv_colorwheel.o
    0x200003ca   0x00000002   PAD
    0x200003cc   0x00000050   Data   RW        13905    .data               lv_keyboard.o
    0x2000041c   0x00000008   Data   RW        16276    .data               lv_spinner.o
    0x20000424   0x00000004   Data   RW        16876    .data               lv_tabview.o
    0x20000428   0x00000004   Data   RW        16900    .data               lv_textarea.o
    0x2000042c   0x0000000c   Data   RW        17083    .data               lv_tileview.o
    0x20000438   0x00000002   Data   RW        17259    .data               lv_win.o
    0x2000043a   0x00000001   Data   RW        17306    .data               lv_port_disp_template.o
    0x2000043b   0x00000001   PAD
    0x2000043c   0x00000008   Data   RW        17339    .data               lv_port_indev_template.o
    0x20000444   0x0000000e   Zero   RW          699    .bss                lcd.o
    0x20000452   0x000000c8   Zero   RW          975    .bss                usart.o
    0x2000051a   0x00000002   PAD
    0x2000051c   0x0000000c   Zero   RW         1156    .bss                lv_demo_widgets.o
    0x20000528   0x00000100   Zero   RW         6304    .bss                lv_draw_sw_letter.o
    0x20000628   0x00000188   Zero   RW         9111    .bss                lv_gc.o
    0x200007b0   0x00010000   Zero   RW         9178    .bss                lv_malloc_builtin.o
    0x200107b0   0x0000004c   Zero   RW        10463    .bss                lv_theme_default.o
    0x200107fc   0x00004b68   Zero   RW        17305    .bss                lv_port_disp_template.o
    0x20015364   0x00000020   Zero   RW        17338    .bss                lv_port_indev_template.o
    0x20015384   0x00000060   Zero   RW        17552    .bss                c_w.l(libspace.o)
    0x200153e4   0x00000004   PAD
    0x200153e8   0x00000200   Zero   RW         1004    HEAP                startup_stm32f40_41xxx.o
    0x200155e8   0x00000800   Zero   RW         1003    STACK               startup_stm32f40_41xxx.o


==============================================================================

Image component sizes


      Code (inc. data)   RO Data    RW Data    ZI Data      Debug   Object Name

       378          0          0          0          0       2806   24cxx.o
       596         24          0          0          0       2077   ctiic.o
       260          8          0          4          0       1465   delay.o
       812         40         10          1          0       2527   ft5206.o
      1072         78        194          1          0       3066   gt9147.o
         0          0       9420          0          0      19217   img_clothes.o
         0          0      71160          0          0        762   img_demo_widgets_avatar.o
         0          0       5432          0          0        678   img_lvgl_logo.o
       260         12          0          1          0        872   key.o
     19584        174       6080          4         14      24330   lcd.o
        64          4          0          0          0        519   led.o
      1616         26          0          8          0      11213   lv_anim.o
         0          0          0          0          0       1212   lv_anim_timeline.o
      4436         10         28          0          0      73372   lv_arc.o
      2672         36          0         12          0      11782   lv_area.o
       172          4          0          0          0       3501   lv_async.o
      2816         30         28          0          0      71989   lv_bar.o
         0          0          0          0          0       5187   lv_bidi.o
        60          6         28          0          0      49510   lv_btn.o
      5460         20         73         28          0      77659   lv_btnmatrix.o
      1564         26         55         28          0      58537   lv_calendar.o
       544         32        113         48          0      51858   lv_calendar_header_arrow.o
       408         26        680          8          0      34549   lv_calendar_header_dropdown.o
     10678         24         28          0          0      73366   lv_chart.o
      1358         18         28          0          0      64534   lv_checkbox.o
      1224         24        380          0          0      11780   lv_color.o
      3686         34         28         10          0      63201   lv_colorwheel.o
         0          0          0          0          0       4312   lv_demo_music_list.o
         0          0          0          0          0       1396   lv_demo_music_main.o
     16584       1464        377        421         12      73137   lv_demo_widgets.o
      1994         36          0          0          0      57595   lv_disp.o
        18          0          0          0          0      32431   lv_draw.o
      1240          0          0          0          0      23565   lv_draw_arc.o
      1192         38          0          0          0      29456   lv_draw_img.o
      1828         20          0          0          0      27439   lv_draw_label.o
       216          0          0          0          0       2218   lv_draw_layer.o
       140          0          0          0          0      32629   lv_draw_line.o
      7620         42          0          0          0      25997   lv_draw_mask.o
       276          4          0          0          0      23478   lv_draw_rect.o
       764         54          0          0          0      41972   lv_draw_sw.o
      3498          0          0          0          0      30110   lv_draw_sw_arc.o
      5044         70          0         20          0      39171   lv_draw_sw_blend.o
         0          0          0          0          0       2464   lv_draw_sw_dither.o
      1376         30          0          9          0      19239   lv_draw_sw_gradient.o
      1530          0          0          0          0      30334   lv_draw_sw_img.o
       448          0          0          0          0      17547   lv_draw_sw_layer.o
      1326         30        286          8        256      23146   lv_draw_sw_letter.o
      2578          4         33          0          0      24515   lv_draw_sw_line.o
       916          6          8          0          0      20126   lv_draw_sw_polygon.o
      8314          0          0          0          0      31309   lv_draw_sw_rect.o
      2584          4          0          0          0      42059   lv_draw_sw_transform.o
        66          0          0          0          0      12521   lv_draw_transform.o
      4988         64         56          0          0      79715   lv_dropdown.o
      2038         36          0          8          0      51950   lv_event.o
      3920         84          0         12          0      73268   lv_flex.o
       282          0          0          0          0       6477   lv_font.o
       984         12          0          0          0       7109   lv_font_fmt_txt.o
         0          0      11476          8          0       2550   lv_font_montserrat_12.o
         0          0      13636          8          0       2550   lv_font_montserrat_14.o
         0          0      15896          8          0       2550   lv_font_montserrat_16.o
      1740         14          0          0          0      25419   lv_fs.o
       240         74          0         24        392       3952   lv_gc.o
      3900        108          0         22          0      80868   lv_grid.o
      1816         26          0          4          0      56107   lv_group.o
      1640         34          0          4          0      56722   lv_hal_disp.o
       476          8          0          0          0      49214   lv_hal_indev.o
        76         10          0          5          0       1564   lv_hal_tick.o
      3760         10         28          0          0      70812   lv_img.o
      2444         38          0          0          0      16255   lv_img_buf.o
       108          6          0          0          0       5903   lv_img_cache.o
      2680         32          0          0          0      18557   lv_img_decoder.o
      4940         52          0          9          0      26784   lv_indev.o
      3478          8          0          0          0      48586   lv_indev_scroll.o
      1060         66       1298         80          0      57213   lv_keyboard.o
      5846         72         28          0          0      79231   lv_label.o
      1088          8         28          0          0      53518   lv_led.o
       644          4         28          0          0      61053   lv_line.o
         0          0         84          0          0      49628   lv_list.o
       834          0          0          0          0       5691   lv_ll.o
       388         20          0         12      65536       4243   lv_malloc_builtin.o
       612         10        182          4          0       3537   lv_math.o
       240         10          0          4          0       3243   lv_mem.o
       792          0          0          0          0       2879   lv_memcpy_builtin.o
      2636         68        252          0          0      61344   lv_menu.o
      4164         22         28          0          0      66087   lv_meter.o
         0          0         84          0          0      50362   lv_msgbox.o
      4602         36         28          8          0      60107   lv_obj.o
       562          0          0          0          0       3076   lv_obj_class.o
      2562          0          0          0          0      67348   lv_obj_draw.o
      7584         64          8          5          0      63913   lv_obj_pos.o
      5672         44          0          0          0      60651   lv_obj_scroll.o
      5080         56          0          1          0      63373   lv_obj_style.o
      2096          0          0          0          0      41706   lv_obj_style_gen.o
      1660         10          0          0          0      36598   lv_obj_tree.o
       144         26          0          1      19304       2120   lv_port_disp_template.o
       164         24          0          8         32       1962   lv_port_indev_template.o
      2408         10          0          0          0       8127   lv_printf.o
      5268         26          0          8          0      53817   lv_refr.o
      3668         86         56          0          0      72224   lv_roller.o
      2994          6         28          0          0      69284   lv_slider.o
      1688         16         28          0          0      59119   lv_spinbox.o
       248         26         28          8          0      33847   lv_spinner.o
      1716         48        120          6          0      24553   lv_style.o
      1740          0          0          0          0      36400   lv_style_gen.o
      1140         12         28          0          0      64140   lv_switch_2.o
      5320         18         28          0          0      78202   lv_table.o
      1616         44         28          4          0      15249   lv_tabview.o
      5898        106         28          4          0      83651   lv_textarea.o
       296          6          0          0          0       3414   lv_theme.o
     12972        516         22         32         76      48076   lv_theme_default.o
       700         24         56         12          0      53548   lv_tileview.o
       672         40          0         20          0       5245   lv_timer.o
      3504          8          0          0          0      19738   lv_tlsf.o
      2256         40          0         32          0      13203   lv_txt.o
        84          0          0          0          0        924   lv_utils.o
       320          8         28          2          0       2660   lv_win.o
        88          6          0          0          0     324399   main.o
       224         20          0          0          0       1801   misc.o
       604         14          0          0          0       1912   myiic.o
       904         66         10          1          0       2723   ott2001a.o
        64         26        392          0       2560        828   startup_stm32f40_41xxx.o
      1480         18         28          0          0       5622   stm32f4xx_fsmc.o
       660         44          0          0          0       4145   stm32f4xx_gpio.o
        26          0          0          0          0       1214   stm32f4xx_it.o
      1628         52          0         16          0      13008   stm32f4xx_rcc.o
      3234         60          0          0          0      23000   stm32f4xx_tim.o
      1108         34          0          0          0       7868   stm32f4xx_usart.o
       528         46          0         20          0       1755   system_stm32f4xx.o
       124          4          0          0          0        816   timer.o
      4320        228        125         54          0       6841   touch.o
       328         16          0          6        200       3290   usart.o

    ----------------------------------------------------------------------
    277084       5288     138696       1092      88384    4120173   Object Totals
         0          0         32          0          0          0   (incl. Generated)
        44          0         22         21          2          0   (incl. Padding)

    ----------------------------------------------------------------------

      Code (inc. data)   RO Data    RW Data    ZI Data      Debug   Library Member Name

        90          0          0          0          0          0   __dczerorl2.o
         8          0          0          0          0         68   __main.o
       104          0          0          0          0         84   __printf.o
         0          0          0          0          0          0   __rtentry.o
        12          0          0          0          0          0   __rtentry2.o
         6          0          0          0          0          0   __rtentry4.o
        52          8          0          0          0          0   __scatter.o
        28          0          0          0          0          0   __scatter_zi.o
        44          0          0          0          0        108   _printf_char.o
        48          6          0          0          0         96   _printf_char_common.o
        36          4          0          0          0         80   _printf_char_file.o
         6          0          0          0          0          0   _printf_d.o
       120         16          0          0          0         92   _printf_dec.o
        88          4         40          0          0         88   _printf_hex_int.o
       178          0          0          0          0         88   _printf_intcommon.o
         0          0          0          0          0          0   _printf_percent.o
         4          0          0          0          0          0   _printf_percent_end.o
         6          0          0          0          0          0   _printf_s.o
        82          0          0          0          0         80   _printf_str.o
         6          0          0          0          0          0   _printf_x.o
        22          0          0          0          0        100   _rserrno.o
        18          0          0          0          0         80   exit.o
         8          0          0          0          0         68   ferror.o
         6          0          0          0          0        152   heapauxi.o
         2          0          0          0          0          0   libinit.o
         6          0          0          0          0          0   libinit2.o
         2          0          0          0          0          0   libshutdown.o
         2          0          0          0          0          0   libshutdown2.o
         8          4          0          0         96         68   libspace.o
       238          0          0          0          0        100   lludivv7m.o
        88          0          0          0          0         76   memcmp.o
        24          4          0          0          0         84   noretval__2printf.o
         8          4          0          0          0         68   rt_errno_addr_intlibspace.o
        78          0          0          0          0         80   rt_memclr_w.o
       100          0          0          0          0         80   rt_memcpy_w.o
         2          0          0          0          0          0   rtexit.o
        10          0          0          0          0          0   rtexit2.o
        24          0          0          0          0         68   strcat.o
       128          0          0          0          0         68   strcmpv7m.o
        72          0          0          0          0         80   strcpy.o
        62          0          0          0          0         76   strlen.o
        74          0          0          0          0         80   sys_stackheap_outer.o
         2          0          0          0          0         68   use_no_semi.o
         2          0          0          0          0         68   use_no_semi_2.o
       826         16          0          0          0        492   daddsub_clz.o
        24          0          0          0          0        116   dcmpi.o
        90          4          0          0          0        140   dfixu.o
        84          0          0          0          0        232   dflt_clz.o
       120          4          0          0          0        140   dleqf.o
       340         12          0          0          0        152   dmul.o
       156          4          0          0          0        140   dnaninf.o
        12          0          0          0          0        116   dretinf.o
       108          0          0          0          0        128   drleqf.o
       408         56          0          0          0        168   dsqrt_umaal.o
        86          4          0          0          0        132   f2d.o
       140          4          0          0          0        132   fnaninf.o
        10          0          0          0          0        116   fpinit.o
         0          0          0          0          0          0   usenofp.o
       122          0          0          0          0        148   sqrt.o

    ----------------------------------------------------------------------
      4440        154         40          0        100       4600   Library Totals
        10          0          0          0          4          0   (incl. Padding)

    ----------------------------------------------------------------------

      Code (inc. data)   RO Data    RW Data    ZI Data      Debug   Library Name

      1904         50         40          0         96       2248   c_w.l
      2404        104          0          0          0       2204   fz_wm.l
       122          0          0          0          0        148   m_wm.l

    ----------------------------------------------------------------------
      4440        154         40          0        100       4600   Library Totals

    ----------------------------------------------------------------------

==============================================================================


      Code (inc. data)   RO Data    RW Data    ZI Data      Debug   

    281524       5442     138736       1092      88484    4099777   Grand Totals
    281524       5442     138736        352      88484    4099777   ELF Image Totals (compressed)
    281524       5442     138736        352          0          0   ROM Totals

==============================================================================

    Total RO  Size (Code + RO Data)               420260 ( 410.41kB)
    Total RW  Size (RW Data + ZI Data)             89576 (  87.48kB)
    Total ROM Size (Code + RO Data + RW Data)     420612 ( 410.75kB)

==============================================================================

