<html>
<body>
<pre>
<h1>µVision Build Log</h1>
<h2>Tool Versions:</h2>
IDE-Version: ¦ÌVision V5.17.0.0
Copyright (C) 2015 ARM Ltd and ARM Germany GmbH. All rights reserved.
License Information: AS y_xinzhan163@163.com, SS, LIC=21E4T-RXTAR-MME9I-T0NQE-ZMP38-NL9F0
 
Tool Versions:
Toolchain:       MDK-ARM Standard  Version: 5.17
Toolchain Path:  D:\software\KEIL5\ARM\ARMCC\Bin
C Compiler:      Armcc.exe V5.06 update 1 (build 61)
Assembler:       Armasm.exe V5.06 update 1 (build 61)
Linker/Locator:  ArmLink.exe V5.06 update 1 (build 61)
Library Manager: ArmAr.exe V5.06 update 1 (build 61)
Hex Converter:   FromElf.exe V5.06 update 1 (build 61)
CPU DLL:         SARMCM3.DLL V5.17
Dialog DLL:      DCM.DLL V1.13.4.0
Target DLL:      STLink\ST-LINKIII-KEIL_SWO.dll V2.0.18.0
Dialog DLL:      TCM.DLL V1.14.6.0
 
<h2>Project:</h2>
D:\weidongshan\LVGL\STM32F407\LVGL\USER\TOUCH.uvprojx
Project File Date:  05/26/2020

<h2>Output:</h2>
*** Using Compiler 'V5.06 update 1 (build 61)', folder: 'D:\software\KEIL5\ARM\ARMCC\Bin'
Build target 'TOUCH'
compiling myiic.c...
compiling system_stm32f4xx.c...
compiling led.c...
compiling stm32f4xx_it.c...
compiling key.c...
compiling main.c...
compiling lcd.c...
compiling ctiic.c...
compiling 24cxx.c...
compiling ft5206.c...
compiling ott2001a.c...
compiling touch.c...
compiling gt9147.c...
compiling delay.c...
assembling startup_stm32f40_41xxx.s...
compiling sys.c...
compiling usart.c...
compiling misc.c...
compiling stm32f4xx_gpio.c...
compiling stm32f4xx_fsmc.c...
compiling stm32f4xx_rcc.c...
compiling stm32f4xx_syscfg.c...
compiling stm32f4xx_usart.c...
linking...
Program Size: Code=39864 RO-data=6924 RW-data=112 ZI-data=1848  
FromELF: creating hex file...
"..\OBJ\TOUCH.axf" - 0 Error(s), 0 Warning(s).

<h2>Collection of Component include folders:</h2>
  D:\weidongshan\LVGL\STM32F407\LVGL\USER\RTE
  D:\software\KEIL5\ARM\PACK\Keil\STM32F4xx_DFP\2.11.0\Drivers\CMSIS\Device\ST\STM32F4xx\Include

<h2>Collection of Component Files used:</h2>
Build Time Elapsed:  00:00:02
</pre>
</body>
</html>
