Component: ARM Compiler 5.06 update 1 (build 61) Tool: armlink [4d35a8]

==============================================================================

Section Cross References

    main.o(.text) refers to lcd.o(.text) for LCD_Clear
    main.o(.text) refers to key.o(.text) for KEY_Scan
    main.o(.text) refers to touch.o(.text) for TP_Draw_Big_Point
    main.o(.text) refers to delay.o(.text) for delay_ms
    main.o(.text) refers to misc.o(.text) for NVIC_PriorityGroupConfig
    main.o(.text) refers to usart.o(.text) for uart_init
    main.o(.text) refers to led.o(.text) for LED_Init
    main.o(.text) refers to lcd.o(.data) for POINT_COLOR
    main.o(.text) refers to lcd.o(.bss) for lcddev
    main.o(.text) refers to touch.o(.data) for tp_dev
    main.o(.text) refers to main.o(.constdata) for POINT_COLOR_TBL
    system_stm32f4xx.o(.text) refers to system_stm32f4xx.o(.data) for SystemCoreClock
    led.o(.text) refers to stm32f4xx_rcc.o(.text) for RCC_AHB1PeriphClockCmd
    led.o(.text) refers to stm32f4xx_gpio.o(.text) for GPIO_Init
    lcd.o(.text) refers to _printf_percent.o(.ARM.Collect$$_printf_percent$$00000000) for _printf_percent
    lcd.o(.text) refers to _printf_x.o(.ARM.Collect$$_printf_percent$$0000000C) for _printf_x
    lcd.o(.text) refers to _printf_hex_int.o(.text) for _printf_longlong_hex
    lcd.o(.text) refers to delay.o(.text) for delay_us
    lcd.o(.text) refers to lcd.o(.bss) for lcddev
    lcd.o(.text) refers to lcd.o(.data) for POINT_COLOR
    lcd.o(.text) refers to dflt_clz.o(x$fpl$dfltu) for __aeabi_ui2d
    lcd.o(.text) refers to dmul.o(x$fpl$dmul) for __aeabi_dmul
    lcd.o(.text) refers to dfixu.o(x$fpl$dfixu) for __aeabi_d2uiz
    lcd.o(.text) refers to stm32f4xx_rcc.o(.text) for RCC_AHB1PeriphClockCmd
    lcd.o(.text) refers to stm32f4xx_gpio.o(.text) for GPIO_Init
    lcd.o(.text) refers to stm32f4xx_fsmc.o(.text) for FSMC_NORSRAMInit
    lcd.o(.text) refers to noretval__2printf.o(.text) for __2printf
    lcd.o(.text) refers to lcd.o(.constdata) for asc2_1206
    key.o(.text) refers to stm32f4xx_rcc.o(.text) for RCC_AHB1PeriphClockCmd
    key.o(.text) refers to stm32f4xx_gpio.o(.text) for GPIO_Init
    key.o(.text) refers to delay.o(.text) for delay_ms
    key.o(.text) refers to key.o(.data) for key_up
    myiic.o(.text) refers to stm32f4xx_rcc.o(.text) for RCC_AHB1PeriphClockCmd
    myiic.o(.text) refers to stm32f4xx_gpio.o(.text) for GPIO_Init
    myiic.o(.text) refers to delay.o(.text) for delay_us
    24cxx.o(.text) refers to myiic.o(.text) for IIC_Init
    24cxx.o(.text) refers to delay.o(.text) for delay_ms
    ctiic.o(.text) refers to delay.o(.text) for delay_us
    ctiic.o(.text) refers to stm32f4xx_rcc.o(.text) for RCC_AHB1PeriphClockCmd
    ctiic.o(.text) refers to stm32f4xx_gpio.o(.text) for GPIO_Init
    gt9147.o(.text) refers to _printf_percent.o(.ARM.Collect$$_printf_percent$$00000000) for _printf_percent
    gt9147.o(.text) refers to _printf_s.o(.ARM.Collect$$_printf_percent$$00000014) for _printf_s
    gt9147.o(.text) refers to _printf_str.o(.text) for _printf_str
    gt9147.o(.text) refers to _printf_d.o(.ARM.Collect$$_printf_percent$$00000009) for _printf_d
    gt9147.o(.text) refers to _printf_dec.o(.text) for _printf_int_dec
    gt9147.o(.text) refers to ctiic.o(.text) for CT_IIC_Start
    gt9147.o(.text) refers to stm32f4xx_rcc.o(.text) for RCC_AHB1PeriphClockCmd
    gt9147.o(.text) refers to stm32f4xx_gpio.o(.text) for GPIO_Init
    gt9147.o(.text) refers to delay.o(.text) for delay_ms
    gt9147.o(.text) refers to noretval__2printf.o(.text) for __2printf
    gt9147.o(.text) refers to strcmpv7m.o(.text) for strcmp
    gt9147.o(.text) refers to gt9147.o(.constdata) for GT9147_CFG_TBL
    gt9147.o(.text) refers to gt9147.o(.data) for t
    gt9147.o(.text) refers to touch.o(.data) for tp_dev
    gt9147.o(.text) refers to lcd.o(.bss) for lcddev
    ott2001a.o(.text) refers to _printf_percent.o(.ARM.Collect$$_printf_percent$$00000000) for _printf_percent
    ott2001a.o(.text) refers to _printf_x.o(.ARM.Collect$$_printf_percent$$0000000C) for _printf_x
    ott2001a.o(.text) refers to _printf_hex_int.o(.text) for _printf_longlong_hex
    ott2001a.o(.text) refers to ctiic.o(.text) for CT_IIC_Start
    ott2001a.o(.text) refers to stm32f4xx_rcc.o(.text) for RCC_AHB1PeriphClockCmd
    ott2001a.o(.text) refers to stm32f4xx_gpio.o(.text) for GPIO_Init
    ott2001a.o(.text) refers to delay.o(.text) for delay_ms
    ott2001a.o(.text) refers to noretval__2printf.o(.text) for __2printf
    ott2001a.o(.text) refers to dflt_clz.o(x$fpl$dflt) for __aeabi_i2d
    ott2001a.o(.text) refers to dmul.o(x$fpl$dmul) for __aeabi_dmul
    ott2001a.o(.text) refers to dfixu.o(x$fpl$dfixu) for __aeabi_d2uiz
    ott2001a.o(.text) refers to daddsub_clz.o(x$fpl$drsb) for __aeabi_drsub
    ott2001a.o(.text) refers to ott2001a.o(.data) for t
    ott2001a.o(.text) refers to touch.o(.data) for tp_dev
    ott2001a.o(.text) refers to ott2001a.o(.constdata) for OTT_TPX_TBL
[...]
    ../fplib/daddsub.s                       0x00000000   Number         0  daddsub_clz.o ABSOLUTE
    ../fplib/dcmpi.s                         0x00000000   Number         0  dcmpi.o ABSOLUTE
    ../fplib/dfixu.s                         0x00000000   Number         0  dfixu.o ABSOLUTE
    ../fplib/dflt.s                          0x00000000   Number         0  dflt_clz.o ABSOLUTE
    ../fplib/dleqf.s                         0x00000000   Number         0  dleqf.o ABSOLUTE
    ../fplib/dmul.s                          0x00000000   Number         0  dmul.o ABSOLUTE
    ../fplib/dnaninf.s                       0x00000000   Number         0  dnaninf.o ABSOLUTE
    ../fplib/dretinf.s                       0x00000000   Number         0  dretinf.o ABSOLUTE
    ../fplib/drleqf.s                        0x00000000   Number         0  drleqf.o ABSOLUTE
    ../fplib/dsqrt.s                         0x00000000   Number         0  dsqrt_umaal.o ABSOLUTE
    ../fplib/f2d.s                           0x00000000   Number         0  f2d.o ABSOLUTE
    ../fplib/fnaninf.s                       0x00000000   Number         0  fnaninf.o ABSOLUTE
    ../fplib/fpinit.s                        0x00000000   Number         0  fpinit.o ABSOLUTE
    ../fplib/usenofp.s                       0x00000000   Number         0  usenofp.o ABSOLUTE
    ../mathlib/sqrt.c                        0x00000000   Number         0  sqrt_x.o ABSOLUTE
    ../mathlib/sqrt.c                        0x00000000   Number         0  sqrt.o ABSOLUTE
    ..\CORE\startup_stm32f40_41xxx.s         0x00000000   Number         0  startup_stm32f40_41xxx.o ABSOLUTE
    ..\FWLIB\src\misc.c                      0x00000000   Number         0  misc.o ABSOLUTE
    ..\FWLIB\src\stm32f4xx_fsmc.c            0x00000000   Number         0  stm32f4xx_fsmc.o ABSOLUTE
    ..\FWLIB\src\stm32f4xx_gpio.c            0x00000000   Number         0  stm32f4xx_gpio.o ABSOLUTE
    ..\FWLIB\src\stm32f4xx_rcc.c             0x00000000   Number         0  stm32f4xx_rcc.o ABSOLUTE
    ..\FWLIB\src\stm32f4xx_syscfg.c          0x00000000   Number         0  stm32f4xx_syscfg.o ABSOLUTE
    ..\FWLIB\src\stm32f4xx_usart.c           0x00000000   Number         0  stm32f4xx_usart.o ABSOLUTE
    ..\HARDWARE\24CXX\24cxx.c                0x00000000   Number         0  24cxx.o ABSOLUTE
    ..\HARDWARE\IIC\myiic.c                  0x00000000   Number         0  myiic.o ABSOLUTE
    ..\HARDWARE\KEY\key.c                    0x00000000   Number         0  key.o ABSOLUTE
    ..\HARDWARE\LCD\lcd.c                    0x00000000   Number         0  lcd.o ABSOLUTE
    ..\HARDWARE\LED\led.c                    0x00000000   Number         0  led.o ABSOLUTE
    ..\HARDWARE\TOUCH\ctiic.c                0x00000000   Number         0  ctiic.o ABSOLUTE
    ..\HARDWARE\TOUCH\ft5206.c               0x00000000   Number         0  ft5206.o ABSOLUTE
    ..\HARDWARE\TOUCH\gt9147.c               0x00000000   Number         0  gt9147.o ABSOLUTE
    ..\HARDWARE\TOUCH\ott2001a.c             0x00000000   Number         0  ott2001a.o ABSOLUTE
    ..\HARDWARE\TOUCH\touch.c                0x00000000   Number         0  touch.o ABSOLUTE
    ..\SYSTEM\delay\delay.c                  0x00000000   Number         0  delay.o ABSOLUTE
    ..\SYSTEM\sys\sys.c                      0x00000000   Number         0  sys.o ABSOLUTE
    ..\SYSTEM\usart\usart.c                  0x00000000   Number         0  usart.o ABSOLUTE
    ..\\FWLIB\\src\\misc.c                   0x00000000   Number         0  misc.o ABSOLUTE
    ..\\FWLIB\\src\\stm32f4xx_fsmc.c         0x00000000   Number         0  stm32f4xx_fsmc.o ABSOLUTE
    ..\\FWLIB\\src\\stm32f4xx_gpio.c         0x00000000   Number         0  stm32f4xx_gpio.o ABSOLUTE
    ..\\FWLIB\\src\\stm32f4xx_rcc.c          0x00000000   Number         0  stm32f4xx_rcc.o ABSOLUTE
    ..\\FWLIB\\src\\stm32f4xx_syscfg.c       0x00000000   Number         0  stm32f4xx_syscfg.o ABSOLUTE
    ..\\FWLIB\\src\\stm32f4xx_usart.c        0x00000000   Number         0  stm32f4xx_usart.o ABSOLUTE
    ..\\HARDWARE\\24CXX\\24cxx.c             0x00000000   Number         0  24cxx.o ABSOLUTE
    ..\\HARDWARE\\IIC\\myiic.c               0x00000000   Number         0  myiic.o ABSOLUTE
    ..\\HARDWARE\\KEY\\key.c                 0x00000000   Number         0  key.o ABSOLUTE
    ..\\HARDWARE\\LCD\\lcd.c                 0x00000000   Number         0  lcd.o ABSOLUTE
    ..\\HARDWARE\\LED\\led.c                 0x00000000   Number         0  led.o ABSOLUTE
    ..\\HARDWARE\\TOUCH\\ctiic.c             0x00000000   Number         0  ctiic.o ABSOLUTE
    ..\\HARDWARE\\TOUCH\\ft5206.c            0x00000000   Number         0  ft5206.o ABSOLUTE
    ..\\HARDWARE\\TOUCH\\gt9147.c            0x00000000   Number         0  gt9147.o ABSOLUTE
    ..\\HARDWARE\\TOUCH\\ott2001a.c          0x00000000   Number         0  ott2001a.o ABSOLUTE
    ..\\HARDWARE\\TOUCH\\touch.c             0x00000000   Number         0  touch.o ABSOLUTE
    ..\\SYSTEM\\delay\\delay.c               0x00000000   Number         0  delay.o ABSOLUTE
    ..\\SYSTEM\\sys\\sys.c                   0x00000000   Number         0  sys.o ABSOLUTE
    ..\\SYSTEM\\usart\\usart.c               0x00000000   Number         0  usart.o ABSOLUTE
    dc.s                                     0x00000000   Number         0  dc.o ABSOLUTE
    main.c                                   0x00000000   Number         0  main.o ABSOLUTE
    main.c                                   0x00000000   Number         0  main.o ABSOLUTE
    stm32f4xx_it.c                           0x00000000   Number         0  stm32f4xx_it.o ABSOLUTE
    stm32f4xx_it.c                           0x00000000   Number         0  stm32f4xx_it.o ABSOLUTE
    system_stm32f4xx.c                       0x00000000   Number         0  system_stm32f4xx.o ABSOLUTE
    system_stm32f4xx.c                       0x00000000   Number         0  system_stm32f4xx.o ABSOLUTE
    RESET                                    0x08000000   Section      392  startup_stm32f40_41xxx.o(RESET)
    !!!main                                  0x08000188   Section        8  __main.o(!!!main)
    !!!scatter                               0x08000190   Section       52  __scatter.o(!!!scatter)
    !!handler_copy                           0x080001c4   Section       26  __scatter_copy.o(!!handler_copy)
    !!handler_zi                             0x080001e0   Section       28  __scatter_zi.o(!!handler_zi)
    .ARM.Collect$$_printf_percent$$00000000  0x080001fc   Section        0  _printf_percent.o(.ARM.Collect$$_printf_percent$$00000000)
    .ARM.Collect$$_printf_percent$$00000009  0x080001fc   Section        6  _printf_d.o(.ARM.Collect$$_printf_percent$$00000009)
    .ARM.Collect$$_printf_percent$$0000000C  0x08000202   Section        6  _printf_x.o(.ARM.Collect$$_printf_percent$$0000000C)
    .ARM.Collect$$_printf_percent$$00000014  0x08000208   Section        6  _printf_s.o(.ARM.Collect$$_printf_percent$$00000014)
    .ARM.Collect$$_printf_percent$$00000017  0x0800020e   Section        4  _printf_percent_end.o(.ARM.Collect$$_printf_percent$$00000017)
    .ARM.Collect$$libinit$$00000000          0x08000212   Section        2  libinit.o(.ARM.Collect$$libinit$$00000000)
    .ARM.Collect$$libinit$$00000001          0x08000214   Section        4  libinit2.o(.ARM.Collect$$libinit$$00000001)
    .ARM.Collect$$libinit$$00000004          0x08000218   Section        0  libinit2.o(.ARM.Collect$$libinit$$00000004)
    .ARM.Collect$$libinit$$0000000A          0x08000218   Section        0  libinit2.o(.ARM.Collect$$libinit$$0000000A)
    .ARM.Collect$$libinit$$0000000C          0x08000218   Section        0  libinit2.o(.ARM.Collect$$libinit$$0000000C)
    .ARM.Collect$$libinit$$0000000E          0x08000218   Section        0  libinit2.o(.ARM.Collect$$libinit$$0000000E)
    .ARM.Collect$$libinit$$00000011          0x08000218   Section        0  libinit2.o(.ARM.Collect$$libinit$$00000011)
    .ARM.Collect$$libinit$$00000013          0x08000218   Section        0  libinit2.o(.ARM.Collect$$libinit$$00000013)
    .ARM.Collect$$libinit$$00000015          0x08000218   Section        0  libinit2.o(.ARM.Collect$$libinit$$00000015)
    .ARM.Collect$$libinit$$00000017          0x08000218   Section        0  libinit2.o(.ARM.Collect$$libinit$$00000017)
    .ARM.Collect$$libinit$$00000019          0x08000218   Section        0  libinit2.o(.ARM.Collect$$libinit$$00000019)
    .ARM.Collect$$libinit$$0000001B          0x08000218   Section        0  libinit2.o(.ARM.Collect$$libinit$$0000001B)
    .ARM.Collect$$libinit$$0000001D          0x08000218   Section        0  libinit2.o(.ARM.Collect$$libinit$$0000001D)
    .ARM.Collect$$libinit$$0000001F          0x08000218   Section        0  libinit2.o(.ARM.Collect$$libinit$$0000001F)
    .ARM.Collect$$libinit$$00000021          0x08000218   Section        0  libinit2.o(.ARM.Collect$$libinit$$00000021)
    .ARM.Collect$$libinit$$00000023          0x08000218   Section        0  libinit2.o(.ARM.Collect$$libinit$$00000023)
    .ARM.Collect$$libinit$$00000025          0x08000218   Section        0  libinit2.o(.ARM.Collect$$libinit$$00000025)
    .ARM.Collect$$libinit$$0000002C          0x08000218   Section        0  libinit2.o(.ARM.Collect$$libinit$$0000002C)
    .ARM.Collect$$libinit$$0000002E          0x08000218   Section        0  libinit2.o(.ARM.Collect$$libinit$$0000002E)
    .ARM.Collect$$libinit$$00000030          0x08000218   Section        0  libinit2.o(.ARM.Collect$$libinit$$00000030)
    .ARM.Collect$$libinit$$00000032          0x08000218   Section        0  libinit2.o(.ARM.Collect$$libinit$$00000032)
    .ARM.Collect$$libinit$$00000033          0x08000218   Section        2  libinit2.o(.ARM.Collect$$libinit$$00000033)
    .ARM.Collect$$libshutdown$$00000000      0x0800021a   Section        2  libshutdown.o(.ARM.Collect$$libshutdown$$00000000)
    .ARM.Collect$$libshutdown$$00000002      0x0800021c   Section        0  libshutdown2.o(.ARM.Collect$$libshutdown$$00000002)
    .ARM.Collect$$libshutdown$$00000004      0x0800021c   Section        0  libshutdown2.o(.ARM.Collect$$libshutdown$$00000004)
    .ARM.Collect$$libshutdown$$00000007      0x0800021c   Section        0  libshutdown2.o(.ARM.Collect$$libshutdown$$00000007)
    .ARM.Collect$$libshutdown$$0000000A      0x0800021c   Section        0  libshutdown2.o(.ARM.Collect$$libshutdown$$0000000A)
    .ARM.Collect$$libshutdown$$0000000C      0x0800021c   Section        0  libshutdown2.o(.ARM.Collect$$libshutdown$$0000000C)
    .ARM.Collect$$libshutdown$$0000000F      0x0800021c   Section        0  libshutdown2.o(.ARM.Collect$$libshutdown$$0000000F)
    .ARM.Collect$$libshutdown$$00000010      0x0800021c   Section        2  libshutdown2.o(.ARM.Collect$$libshutdown$$00000010)
    .ARM.Collect$$rtentry$$00000000          0x0800021e   Section        0  __rtentry.o(.ARM.Collect$$rtentry$$00000000)
    .ARM.Collect$$rtentry$$00000002          0x0800021e   Section        0  __rtentry2.o(.ARM.Collect$$rtentry$$00000002)
    .ARM.Collect$$rtentry$$00000004          0x0800021e   Section        6  __rtentry4.o(.ARM.Collect$$rtentry$$00000004)
    .ARM.Collect$$rtentry$$00000009          0x08000224   Section        0  __rtentry2.o(.ARM.Collect$$rtentry$$00000009)
    .ARM.Collect$$rtentry$$0000000A          0x08000224   Section        4  __rtentry2.o(.ARM.Collect$$rtentry$$0000000A)
    .ARM.Collect$$rtentry$$0000000C          0x08000228   Section        0  __rtentry2.o(.ARM.Collect$$rtentry$$0000000C)
    .ARM.Collect$$rtentry$$0000000D          0x08000228   Section        8  __rtentry2.o(.ARM.Collect$$rtentry$$0000000D)
    .ARM.Collect$$rtexit$$00000000           0x08000230   Section        2  rtexit.o(.ARM.Collect$$rtexit$$00000000)
    .ARM.Collect$$rtexit$$00000002           0x08000232   Section        0  rtexit2.o(.ARM.Collect$$rtexit$$00000002)
    .ARM.Collect$$rtexit$$00000003           0x08000232   Section        4  rtexit2.o(.ARM.Collect$$rtexit$$00000003)
    .ARM.Collect$$rtexit$$00000004           0x08000236   Section        6  rtexit2.o(.ARM.Collect$$rtexit$$00000004)
    .text                                    0x0800023c   Section        0  main.o(.text)
    .text                                    0x08000718   Section        0  stm32f4xx_it.o(.text)
    .text                                    0x08000734   Section        0  system_stm32f4xx.o(.text)
    SetSysClock                              0x08000735   Thumb Code   220  system_stm32f4xx.o(.text)
    .text                                    0x08000944   Section        0  led.o(.text)
    .text                                    0x08000984   Section        0  lcd.o(.text)
    .text                                    0x08005604   Section        0  key.o(.text)
    .text                                    0x08005708   Section        0  myiic.o(.text)
    .text                                    0x08005964   Section        0  24cxx.o(.text)
    .text                                    0x08005ae0   Section        0  ctiic.o(.text)
    .text                                    0x08005d34   Section        0  gt9147.o(.text)
    .text                                    0x08006164   Section        0  ott2001a.o(.text)
    .text                                    0x080064ec   Section        0  ft5206.o(.text)
    .text                                    0x08006818   Section        0  touch.o(.text)
    .text                                    0x080078f8   Section        0  delay.o(.text)
    .text                                    0x080079fc   Section        0  usart.o(.text)
    .text                                    0x08007b44   Section       64  startup_stm32f40_41xxx.o(.text)
    $v0                                      0x08007b44   Number         0  startup_stm32f40_41xxx.o(.text)
    .text                                    0x08007b84   Section        0  misc.o(.text)
    .text                                    0x08007c64   Section        0  stm32f4xx_gpio.o(.text)
    .text                                    0x08007ef8   Section        0  stm32f4xx_fsmc.o(.text)
    .text                                    0x080084c0   Section        0  stm32f4xx_rcc.o(.text)
    .text                                    0x08008b1c   Section        0  stm32f4xx_usart.o(.text)
    .text                                    0x08008f70   Section        2  use_no_semi_2.o(.text)
    .text                                    0x08008f74   Section        0  noretval__2printf.o(.text)
    .text                                    0x08008f8c   Section        0  __printf.o(.text)
    .text                                    0x08008ff4   Section        0  _printf_str.o(.text)
    .text                                    0x08009048   Section        0  _printf_dec.o(.text)
    .text                                    0x080090c0   Section        0  _printf_hex_int.o(.text)
    .text                                    0x08009118   Section      128  strcmpv7m.o(.text)
    .text                                    0x08009198   Section        0  heapauxi.o(.text)
    .text                                    0x0800919e   Section        2  use_no_semi.o(.text)
    .text                                    0x080091a0   Section        0  _rserrno.o(.text)
    .text                                    0x080091b6   Section        0  _printf_intcommon.o(.text)
    .text                                    0x08009268   Section        0  _printf_char.o(.text)
    .text                                    0x08009294   Section        0  _printf_char_file.o(.text)
    .text                                    0x080092b8   Section        8  rt_errno_addr_intlibspace.o(.text)
    .text                                    0x080092c0   Section        0  _printf_char_common.o(.text)
    _printf_input_char                       0x080092c1   Thumb Code    10  _printf_char_common.o(.text)
    .text                                    0x080092f0   Section        0  ferror.o(.text)
    .text                                    0x080092f8   Section        8  libspace.o(.text)
    .text                                    0x08009300   Section       74  sys_stackheap_outer.o(.text)
    .text                                    0x0800934a   Section        0  exit.o(.text)
    i.__hardfp_sqrt                          0x0800935c   Section        0  sqrt.o(i.__hardfp_sqrt)
    x$fpl$dadd                               0x080093d8   Section      336  daddsub_clz.o(x$fpl$dadd)
    $v0                                      0x080093d8   Number         0  daddsub_clz.o(x$fpl$dadd)
    _dadd1                                   0x080093e9   Thumb Code     0  daddsub_clz.o(x$fpl$dadd)
    x$fpl$dcmpinf                            0x08009528   Section       24  dcmpi.o(x$fpl$dcmpinf)
    $v0                                      0x08009528   Number         0  dcmpi.o(x$fpl$dcmpinf)
    x$fpl$dfixu                              0x08009540   Section       90  dfixu.o(x$fpl$dfixu)
    $v0                                      0x08009540   Number         0  dfixu.o(x$fpl$dfixu)
    x$fpl$dflt                               0x0800959a   Section       46  dflt_clz.o(x$fpl$dflt)
    $v0                                      0x0800959a   Number         0  dflt_clz.o(x$fpl$dflt)
    x$fpl$dfltu                              0x080095c8   Section       38  dflt_clz.o(x$fpl$dfltu)
    $v0                                      0x080095c8   Number         0  dflt_clz.o(x$fpl$dfltu)
    x$fpl$dleqf                              0x080095f0   Section      120  dleqf.o(x$fpl$dleqf)
    $v0                                      0x080095f0   Number         0  dleqf.o(x$fpl$dleqf)
    x$fpl$dmul                               0x08009668   Section      340  dmul.o(x$fpl$dmul)
    $v0                                      0x08009668   Number         0  dmul.o(x$fpl$dmul)
    x$fpl$dnaninf                            0x080097bc   Section      156  dnaninf.o(x$fpl$dnaninf)
    $v0                                      0x080097bc   Number         0  dnaninf.o(x$fpl$dnaninf)
    x$fpl$dretinf                            0x08009858   Section       12  dretinf.o(x$fpl$dretinf)
    $v0                                      0x08009858   Number         0  dretinf.o(x$fpl$dretinf)
    x$fpl$drleqf                             0x08009864   Section      108  drleqf.o(x$fpl$drleqf)
    $v0                                      0x08009864   Number         0  drleqf.o(x$fpl$drleqf)
    x$fpl$drsb                               0x080098d0   Section       22  daddsub_clz.o(x$fpl$drsb)
    $v0                                      0x080098d0   Number         0  daddsub_clz.o(x$fpl$drsb)
    x$fpl$dsqrt                              0x080098e8   Section      408  dsqrt_umaal.o(x$fpl$dsqrt)
    $v0                                      0x080098e8   Number         0  dsqrt_umaal.o(x$fpl$dsqrt)
    x$fpl$dsub                               0x08009a80   Section      468  daddsub_clz.o(x$fpl$dsub)
    $v0                                      0x08009a80   Number         0  daddsub_clz.o(x$fpl$dsub)
    _dsub1                                   0x08009a91   Thumb Code     0  daddsub_clz.o(x$fpl$dsub)
    x$fpl$f2d                                0x08009c54   Section       86  f2d.o(x$fpl$f2d)
    $v0                                      0x08009c54   Number         0  f2d.o(x$fpl$f2d)
    x$fpl$fnaninf                            0x08009caa   Section      140  fnaninf.o(x$fpl$fnaninf)
    $v0                                      0x08009caa   Number         0  fnaninf.o(x$fpl$fnaninf)
    x$fpl$fpinit                             0x08009d36   Section       10  fpinit.o(x$fpl$fpinit)
    $v0                                      0x08009d36   Number         0  fpinit.o(x$fpl$fpinit)
    .constdata                               0x08009d40   Section       10  main.o(.constdata)
    x$fpl$usenofp                            0x08009d40   Section        0  usenofp.o(x$fpl$usenofp)
    .constdata                               0x08009d4a   Section     6080  lcd.o(.constdata)
    .constdata                               0x0800b50a   Section      194  gt9147.o(.constdata)
    .constdata                               0x0800b5cc   Section       10  ott2001a.o(.constdata)
    .constdata                               0x0800b5d6   Section       10  ft5206.o(.constdata)
    .constdata                               0x0800b5e0   Section        4  touch.o(.constdata)
    .constdata                               0x0800b5e4   Section       28  stm32f4xx_fsmc.o(.constdata)
    .constdata                               0x0800b600   Section       40  _printf_hex_int.o(.constdata)
    uc_hextab                                0x0800b600   Data          20  _printf_hex_int.o(.constdata)
    lc_hextab                                0x0800b614   Data          20  _printf_hex_int.o(.constdata)
    .conststring                             0x0800b628   Section      121  touch.o(.conststring)
    .data                                    0x20000000   Section       20  system_stm32f4xx.o(.data)
    .data                                    0x20000014   Section        4  lcd.o(.data)
    .data                                    0x20000018   Section        1  key.o(.data)
    key_up                                   0x20000018   Data           1  key.o(.data)
    .data                                    0x20000019   Section        1  gt9147.o(.data)
    t                                        0x20000019   Data           1  gt9147.o(.data)
    .data                                    0x2000001a   Section        1  ott2001a.o(.data)
    t                                        0x2000001a   Data           1  ott2001a.o(.data)
    .data                                    0x2000001b   Section        1  ft5206.o(.data)
    t                                        0x2000001b   Data           1  ft5206.o(.data)
    .data                                    0x2000001c   Section       54  touch.o(.data)
    .data                                    0x20000052   Section        4  delay.o(.data)
    fac_us                                   0x20000052   Data           1  delay.o(.data)
    fac_ms                                   0x20000054   Data           2  delay.o(.data)
    .data                                    0x20000058   Section        6  usart.o(.data)
    .data                                    0x2000005e   Section       16  stm32f4xx_rcc.o(.data)
    APBAHBPrescTable                         0x2000005e   Data          16  stm32f4xx_rcc.o(.data)
    .bss                                     0x20000070   Section       14  lcd.o(.bss)
    .bss                                     0x2000007e   Section      200  usart.o(.bss)
    .bss                                     0x20000148   Section       96  libspace.o(.bss)
    HEAP                                     0x200001a8   Section      512  startup_stm32f40_41xxx.o(HEAP)
    Heap_Mem                                 0x200001a8   Data         512  startup_stm32f40_41xxx.o(HEAP)
    STACK                                    0x200003a8   Section     1024  startup_stm32f40_41xxx.o(STACK)
    Stack_Mem                                0x200003a8   Data        1024  startup_stm32f40_41xxx.o(STACK)
    __initial_sp                             0x200007a8   Data           0  startup_stm32f40_41xxx.o(STACK)

    Global Symbols

    Symbol Name                              Value     Ov Type        Size  Object(Section)

    BuildAttributes$$THM_ISAv4$E$P$D$K$B$S$7EM$VFPi3$EXTD16$VFPS$VFMA$PE$A:L22UL41UL21$X:L11$S22US41US21$IEEE1$IW$USESV6$~STKCKD$USESV7$~SHL$OTIME$ROPI$IEEEJ$EBA8$UX$STANDARDLIB$REQ8$PRES8$EABIv2 0x00000000   Number         0  anon$$obj.o ABSOLUTE
    __ARM_use_no_argv                        0x00000000   Number         0  main.o ABSOLUTE
    __ARM_exceptions_init                     - Undefined Weak Reference
    __alloca_initialize                       - Undefined Weak Reference
    __arm_preinit_                            - Undefined Weak Reference
    __cpp_initialize__aeabi_                  - Undefined Weak Reference
    __cxa_finalize                            - Undefined Weak Reference
    __rt_locale                               - Undefined Weak Reference
    __sigvec_lookup                           - Undefined Weak Reference
    _atexit_init                              - Undefined Weak Reference
    _call_atexit_fns                          - Undefined Weak Reference
    _clock_init                               - Undefined Weak Reference
    _fp_trap_init                             - Undefined Weak Reference
    _fp_trap_shutdown                         - Undefined Weak Reference
    _get_lc_collate                           - Undefined Weak Reference
    _get_lc_ctype                             - Undefined Weak Reference
    _get_lc_monetary                          - Undefined Weak Reference
    _get_lc_numeric                           - Undefined Weak Reference
    _get_lc_time                              - Undefined Weak Reference
    _getenv_init                              - Undefined Weak Reference
    _handle_redirection                       - Undefined Weak Reference
    _init_alloc                               - Undefined Weak Reference
    _init_user_alloc                          - Undefined Weak Reference
    _initio                                   - Undefined Weak Reference
    _mutex_acquire                            - Undefined Weak Reference
    _mutex_release                            - Undefined Weak Reference
    _printf_mbtowc                            - Undefined Weak Reference
    _printf_post_padding                      - Undefined Weak Reference
    _printf_pre_padding                       - Undefined Weak Reference
    _printf_truncate_signed                   - Undefined Weak Reference
    _printf_truncate_unsigned                 - Undefined Weak Reference
    _rand_init                                - Undefined Weak Reference
    _signal_finish                            - Undefined Weak Reference
    _signal_init                              - Undefined Weak Reference
    _terminate_alloc                          - Undefined Weak Reference
    _terminate_user_alloc                     - Undefined Weak Reference
    _terminateio                              - Undefined Weak Reference
    __Vectors_Size                           0x00000188   Number         0  startup_stm32f40_41xxx.o ABSOLUTE
    __Vectors                                0x08000000   Data           4  startup_stm32f40_41xxx.o(RESET)
    __Vectors_End                            0x08000188   Data           0  startup_stm32f40_41xxx.o(RESET)
    __main                                   0x08000189   Thumb Code     8  __main.o(!!!main)
    __scatterload                            0x08000191   Thumb Code     0  __scatter.o(!!!scatter)
    __scatterload_rt2                        0x08000191   Thumb Code    44  __scatter.o(!!!scatter)
    __scatterload_rt2_thumb_only             0x08000191   Thumb Code     0  __scatter.o(!!!scatter)
    __scatterload_null                       0x0800019f   Thumb Code     0  __scatter.o(!!!scatter)
    __scatterload_copy                       0x080001c5   Thumb Code    26  __scatter_copy.o(!!handler_copy)
    __scatterload_zeroinit                   0x080001e1   Thumb Code    28  __scatter_zi.o(!!handler_zi)
    _printf_d                                0x080001fd   Thumb Code     0  _printf_d.o(.ARM.Collect$$_printf_percent$$00000009)
    _printf_percent                          0x080001fd   Thumb Code     0  _printf_percent.o(.ARM.Collect$$_printf_percent$$00000000)
    _printf_x                                0x08000203   Thumb Code     0  _printf_x.o(.ARM.Collect$$_printf_percent$$0000000C)
    _printf_s                                0x08000209   Thumb Code     0  _printf_s.o(.ARM.Collect$$_printf_percent$$00000014)
    _printf_percent_end                      0x0800020f   Thumb Code     0  _printf_percent_end.o(.ARM.Collect$$_printf_percent$$00000017)
    __rt_lib_init                            0x08000213   Thumb Code     0  libinit.o(.ARM.Collect$$libinit$$00000000)
    __rt_lib_init_fp_1                       0x08000215   Thumb Code     0  libinit2.o(.ARM.Collect$$libinit$$00000001)
    __rt_lib_init_alloca_1                   0x08000219   Thumb Code     0  libinit2.o(.ARM.Collect$$libinit$$0000002E)
    __rt_lib_init_argv_1                     0x08000219   Thumb Code     0  libinit2.o(.ARM.Collect$$libinit$$0000002C)
    __rt_lib_init_atexit_1                   0x08000219   Thumb Code     0  libinit2.o(.ARM.Collect$$libinit$$0000001B)
    __rt_lib_init_clock_1                    0x08000219   Thumb Code     0  libinit2.o(.ARM.Collect$$libinit$$00000021)
    __rt_lib_init_cpp_1                      0x08000219   Thumb Code     0  libinit2.o(.ARM.Collect$$libinit$$00000032)
    __rt_lib_init_exceptions_1               0x08000219   Thumb Code     0  libinit2.o(.ARM.Collect$$libinit$$00000030)
    __rt_lib_init_fp_trap_1                  0x08000219   Thumb Code     0  libinit2.o(.ARM.Collect$$libinit$$0000001F)
    __rt_lib_init_getenv_1                   0x08000219   Thumb Code     0  libinit2.o(.ARM.Collect$$libinit$$00000023)
    __rt_lib_init_heap_1                     0x08000219   Thumb Code     0  libinit2.o(.ARM.Collect$$libinit$$0000000A)
    __rt_lib_init_lc_collate_1               0x08000219   Thumb Code     0  libinit2.o(.ARM.Collect$$libinit$$00000011)
    __rt_lib_init_lc_ctype_1                 0x08000219   Thumb Code     0  libinit2.o(.ARM.Collect$$libinit$$00000013)
    __rt_lib_init_lc_monetary_1              0x08000219   Thumb Code     0  libinit2.o(.ARM.Collect$$libinit$$00000015)
    __rt_lib_init_lc_numeric_1               0x08000219   Thumb Code     0  libinit2.o(.ARM.Collect$$libinit$$00000017)
    __rt_lib_init_lc_time_1                  0x08000219   Thumb Code     0  libinit2.o(.ARM.Collect$$libinit$$00000019)
    __rt_lib_init_preinit_1                  0x08000219   Thumb Code     0  libinit2.o(.ARM.Collect$$libinit$$00000004)
    __rt_lib_init_rand_1                     0x08000219   Thumb Code     0  libinit2.o(.ARM.Collect$$libinit$$0000000E)
    __rt_lib_init_return                     0x08000219   Thumb Code     0  libinit2.o(.ARM.Collect$$libinit$$00000033)
    __rt_lib_init_signal_1                   0x08000219   Thumb Code     0  libinit2.o(.ARM.Collect$$libinit$$0000001D)
    __rt_lib_init_stdio_1                    0x08000219   Thumb Code     0  libinit2.o(.ARM.Collect$$libinit$$00000025)
    __rt_lib_init_user_alloc_1               0x08000219   Thumb Code     0  libinit2.o(.ARM.Collect$$libinit$$0000000C)
    __rt_lib_shutdown                        0x0800021b   Thumb Code     0  libshutdown.o(.ARM.Collect$$libshutdown$$00000000)
    __rt_lib_shutdown_cpp_1                  0x0800021d   Thumb Code     0  libshutdown2.o(.ARM.Collect$$libshutdown$$00000002)
    __rt_lib_shutdown_fp_trap_1              0x0800021d   Thumb Code     0  libshutdown2.o(.ARM.Collect$$libshutdown$$00000007)
    __rt_lib_shutdown_heap_1                 0x0800021d   Thumb Code     0  libshutdown2.o(.ARM.Collect$$libshutdown$$0000000F)
    __rt_lib_shutdown_return                 0x0800021d   Thumb Code     0  libshutdown2.o(.ARM.Collect$$libshutdown$$00000010)
    __rt_lib_shutdown_signal_1               0x0800021d   Thumb Code     0  libshutdown2.o(.ARM.Collect$$libshutdown$$0000000A)
    __rt_lib_shutdown_stdio_1                0x0800021d   Thumb Code     0  libshutdown2.o(.ARM.Collect$$libshutdown$$00000004)
    __rt_lib_shutdown_user_alloc_1           0x0800021d   Thumb Code     0  libshutdown2.o(.ARM.Collect$$libshutdown$$0000000C)
    __rt_entry                               0x0800021f   Thumb Code     0  __rtentry.o(.ARM.Collect$$rtentry$$00000000)
    __rt_entry_presh_1                       0x0800021f   Thumb Code     0  __rtentry2.o(.ARM.Collect$$rtentry$$00000002)
    __rt_entry_sh                            0x0800021f   Thumb Code     0  __rtentry4.o(.ARM.Collect$$rtentry$$00000004)
    __rt_entry_li                            0x08000225   Thumb Code     0  __rtentry2.o(.ARM.Collect$$rtentry$$0000000A)
    __rt_entry_postsh_1                      0x08000225   Thumb Code     0  __rtentry2.o(.ARM.Collect$$rtentry$$00000009)
    __rt_entry_main                          0x08000229   Thumb Code     0  __rtentry2.o(.ARM.Collect$$rtentry$$0000000D)
    __rt_entry_postli_1                      0x08000229   Thumb Code     0  __rtentry2.o(.ARM.Collect$$rtentry$$0000000C)
    __rt_exit                                0x08000231   Thumb Code     0  rtexit.o(.ARM.Collect$$rtexit$$00000000)
    __rt_exit_ls                             0x08000233   Thumb Code     0  rtexit2.o(.ARM.Collect$$rtexit$$00000003)
    __rt_exit_prels_1                        0x08000233   Thumb Code     0  rtexit2.o(.ARM.Collect$$rtexit$$00000002)
    __rt_exit_exit                           0x08000237   Thumb Code     0  rtexit2.o(.ARM.Collect$$rtexit$$00000004)
    Load_Drow_Dialog                         0x0800023d   Thumb Code    52  main.o(.text)
    gui_draw_hline                           0x08000271   Thumb Code    36  main.o(.text)
    gui_fill_circle                          0x08000295   Thumb Code   176  main.o(.text)
    my_abs                                   0x08000345   Thumb Code    18  main.o(.text)
    lcd_draw_bline                           0x08000357   Thumb Code   212  main.o(.text)
    rtp_test                                 0x0800042b   Thumb Code   164  main.o(.text)
    ctp_test                                 0x080004cf   Thumb Code   276  main.o(.text)
    main                                     0x080005e3   Thumb Code   252  main.o(.text)
    NMI_Handler                              0x08000719   Thumb Code     2  stm32f4xx_it.o(.text)
    HardFault_Handler                        0x0800071b   Thumb Code     4  stm32f4xx_it.o(.text)
    MemManage_Handler                        0x0800071f   Thumb Code     4  stm32f4xx_it.o(.text)
    BusFault_Handler                         0x08000723   Thumb Code     4  stm32f4xx_it.o(.text)
    UsageFault_Handler                       0x08000727   Thumb Code     4  stm32f4xx_it.o(.text)
    SVC_Handler                              0x0800072b   Thumb Code     2  stm32f4xx_it.o(.text)
    DebugMon_Handler                         0x0800072d   Thumb Code     2  stm32f4xx_it.o(.text)
    PendSV_Handler                           0x0800072f   Thumb Code     2  stm32f4xx_it.o(.text)
    SysTick_Handler                          0x08000731   Thumb Code     2  stm32f4xx_it.o(.text)
    SystemInit                               0x08000811   Thumb Code    88  system_stm32f4xx.o(.text)
    SystemCoreClockUpdate                    0x08000869   Thumb Code   174  system_stm32f4xx.o(.text)
    LED_Init                                 0x08000945   Thumb Code    60  led.o(.text)
    LCD_WR_REG                               0x08000985   Thumb Code    18  lcd.o(.text)
    LCD_WR_DATA                              0x08000997   Thumb Code    20  lcd.o(.text)
    LCD_RD_DATA                              0x080009ab   Thumb Code    16  lcd.o(.text)
    LCD_WriteReg                             0x080009bb   Thumb Code    14  lcd.o(.text)
    LCD_ReadReg                              0x080009c9   Thumb Code    22  lcd.o(.text)
    LCD_WriteRAM_Prepare                     0x080009df   Thumb Code    10  lcd.o(.text)
    LCD_WriteRAM                             0x080009e9   Thumb Code     8  lcd.o(.text)
    LCD_BGR2RGB                              0x080009f1   Thumb Code    26  lcd.o(.text)
    opt_delay                                0x08000a0b   Thumb Code    14  lcd.o(.text)
    LCD_SetCursor                            0x08000a19   Thumb Code   418  lcd.o(.text)
    LCD_ReadPoint                            0x08000bbb   Thumb Code   360  lcd.o(.text)
    LCD_DisplayOn                            0x08000d23   Thumb Code   102  lcd.o(.text)
    LCD_DisplayOff                           0x08000d89   Thumb Code    90  lcd.o(.text)
    LCD_Scan_Dir                             0x08000de3   Thumb Code   744  lcd.o(.text)
    LCD_DrawPoint                            0x080010cb   Thumb Code    28  lcd.o(.text)
    LCD_Fast_DrawPoint                       0x080010e7   Thumb Code   388  lcd.o(.text)
    LCD_SSD_BackLightSet                     0x0800126b   Thumb Code    88  lcd.o(.text)
    LCD_Display_Dir                          0x080012c3   Thumb Code   444  lcd.o(.text)
    LCD_Set_Window                           0x0800147f   Thumb Code   546  lcd.o(.text)
    LCD_Clear                                0x080016a1   Thumb Code   100  lcd.o(.text)
    LCD_Init                                 0x08001705   Thumb Code 14696  lcd.o(.text)
    LCD_Fill                                 0x0800506d   Thumb Code   180  lcd.o(.text)
    LCD_Color_Fill                           0x08005121   Thumb Code   100  lcd.o(.text)
    LCD_DrawLine                             0x08005185   Thumb Code   176  lcd.o(.text)
    LCD_DrawRectangle                        0x08005235   Thumb Code    60  lcd.o(.text)
    LCD_Draw_Circle                          0x08005271   Thumb Code   152  lcd.o(.text)
    LCD_ShowChar                             0x08005309   Thumb Code   272  lcd.o(.text)
    LCD_Pow                                  0x08005419   Thumb Code    22  lcd.o(.text)
    LCD_ShowNum                              0x0800542f   Thumb Code   148  lcd.o(.text)
    LCD_ShowxNum                             0x080054c3   Thumb Code   220  lcd.o(.text)
    LCD_ShowString                           0x0800559f   Thumb Code   102  lcd.o(.text)
    KEY_Init                                 0x08005605   Thumb Code    60  key.o(.text)
    KEY_Scan                                 0x08005641   Thumb Code   188  key.o(.text)
    IIC_Init                                 0x08005709   Thumb Code    62  myiic.o(.text)
    IIC_Start                                0x08005747   Thumb Code    68  myiic.o(.text)
    IIC_Stop                                 0x0800578b   Thumb Code    62  myiic.o(.text)
    IIC_Wait_Ack                             0x080057c9   Thumb Code    82  myiic.o(.text)
    IIC_Ack                                  0x0800581b   Thumb Code    66  myiic.o(.text)
    IIC_NAck                                 0x0800585d   Thumb Code    66  myiic.o(.text)
    IIC_Send_Byte                            0x0800589f   Thumb Code    90  myiic.o(.text)
    IIC_Read_Byte                            0x080058f9   Thumb Code    94  myiic.o(.text)
    AT24CXX_Init                             0x08005965   Thumb Code     8  24cxx.o(.text)
    AT24CXX_ReadOneByte                      0x0800596d   Thumb Code    88  24cxx.o(.text)
    AT24CXX_WriteOneByte                     0x080059c5   Thumb Code    80  24cxx.o(.text)
    AT24CXX_WriteLenByte                     0x08005a15   Thumb Code    42  24cxx.o(.text)
    AT24CXX_ReadLenByte                      0x08005a3f   Thumb Code    44  24cxx.o(.text)
    AT24CXX_Check                            0x08005a6b   Thumb Code    46  24cxx.o(.text)
    AT24CXX_Read                             0x08005a99   Thumb Code    34  24cxx.o(.text)
    AT24CXX_Write                            0x08005abb   Thumb Code    36  24cxx.o(.text)
    CT_Delay                                 0x08005ae1   Thumb Code    10  ctiic.o(.text)
    CT_IIC_Init                              0x08005aeb   Thumb Code    60  ctiic.o(.text)
    CT_IIC_Start                             0x08005b27   Thumb Code    62  ctiic.o(.text)
    CT_IIC_Stop                              0x08005b65   Thumb Code    56  ctiic.o(.text)
    CT_IIC_Wait_Ack                          0x08005b9d   Thumb Code    78  ctiic.o(.text)
    CT_IIC_Ack                               0x08005beb   Thumb Code    66  ctiic.o(.text)
    CT_IIC_NAck                              0x08005c2d   Thumb Code    66  ctiic.o(.text)
    CT_IIC_Send_Byte                         0x08005c6f   Thumb Code    82  ctiic.o(.text)
    CT_IIC_Read_Byte                         0x08005cc1   Thumb Code    92  ctiic.o(.text)
    GT9147_WR_Reg                            0x08005d35   Thumb Code    92  gt9147.o(.text)
    GT9147_Send_Cfg                          0x08005d91   Thumb Code    86  gt9147.o(.text)
    GT9147_RD_Reg                            0x08005de7   Thumb Code    98  gt9147.o(.text)
    GT9147_Init                              0x08005e49   Thumb Code   248  gt9147.o(.text)
    GT9147_Scan                              0x08005f41   Thumb Code   470  gt9147.o(.text)
    OTT2001A_WR_Reg                          0x08006165   Thumb Code    92  ott2001a.o(.text)
    OTT2001A_RD_Reg                          0x080061c1   Thumb Code    98  ott2001a.o(.text)
    OTT2001A_SensorControl                   0x08006223   Thumb Code    28  ott2001a.o(.text)
    OTT2001A_Init                            0x0800623f   Thumb Code   142  ott2001a.o(.text)
    OTT2001A_Scan                            0x080062cd   Thumb Code   478  ott2001a.o(.text)
    FT5206_WR_Reg                            0x080064ed   Thumb Code    82  ft5206.o(.text)
    FT5206_RD_Reg                            0x0800653f   Thumb Code    88  ft5206.o(.text)
    FT5206_Init                              0x08006597   Thumb Code   202  ft5206.o(.text)
    FT5206_Scan                              0x08006661   Thumb Code   400  ft5206.o(.text)
    TP_Write_Byte                            0x08006819   Thumb Code    64  touch.o(.text)
    TP_Read_AD                               0x08006859   Thumb Code   132  touch.o(.text)
    TP_Read_XOY                              0x080068dd   Thumb Code   120  touch.o(.text)
    TP_Read_XY                               0x08006955   Thumb Code    38  touch.o(.text)
    TP_Read_XY2                              0x0800697b   Thumb Code   192  touch.o(.text)
    TP_Drow_Touch_Point                      0x08006a3b   Thumb Code   108  touch.o(.text)
    TP_Draw_Big_Point                        0x08006aa7   Thumb Code    54  touch.o(.text)
    TP_Scan                                  0x08006add   Thumb Code   244  touch.o(.text)
    TP_Save_Adjdata                          0x08006bd1   Thumb Code   166  touch.o(.text)
    TP_Get_Adjdata                           0x08006c77   Thumb Code   160  touch.o(.text)
    TP_Adj_Info_Show                         0x08006d17   Thumb Code   374  touch.o(.text)
    TP_Adjust                                0x08006e8d   Thumb Code  2290  touch.o(.text)
    TP_Init                                  0x0800777f   Thumb Code   290  touch.o(.text)
    delay_init                               0x080078f9   Thumb Code    52  delay.o(.text)
    delay_us                                 0x0800792d   Thumb Code    72  delay.o(.text)
    delay_xms                                0x08007975   Thumb Code    72  delay.o(.text)
    delay_ms                                 0x080079bd   Thumb Code    56  delay.o(.text)
    _sys_exit                                0x080079fd   Thumb Code     4  usart.o(.text)
    fputc                                    0x08007a01   Thumb Code    22  usart.o(.text)
    uart_init                                0x08007a17   Thumb Code   164  usart.o(.text)
    USART1_IRQHandler                        0x08007abb   Thumb Code   122  usart.o(.text)
    Reset_Handler                            0x08007b45   Thumb Code     8  startup_stm32f40_41xxx.o(.text)
    ADC_IRQHandler                           0x08007b5f   Thumb Code     0  startup_stm32f40_41xxx.o(.text)
    CAN1_RX0_IRQHandler                      0x08007b5f   Thumb Code     0  startup_stm32f40_41xxx.o(.text)
    CAN1_RX1_IRQHandler                      0x08007b5f   Thumb Code     0  startup_stm32f40_41xxx.o(.text)
    CAN1_SCE_IRQHandler                      0x08007b5f   Thumb Code     0  startup_stm32f40_41xxx.o(.text)
    CAN1_TX_IRQHandler                       0x08007b5f   Thumb Code     0  startup_stm32f40_41xxx.o(.text)
    CAN2_RX0_IRQHandler                      0x08007b5f   Thumb Code     0  startup_stm32f40_41xxx.o(.text)
    CAN2_RX1_IRQHandler                      0x08007b5f   Thumb Code     0  startup_stm32f40_41xxx.o(.text)
    CAN2_SCE_IRQHandler                      0x08007b5f   Thumb Code     0  startup_stm32f40_41xxx.o(.text)
    CAN2_TX_IRQHandler                       0x08007b5f   Thumb Code     0  startup_stm32f40_41xxx.o(.text)
    CRYP_IRQHandler                          0x08007b5f   Thumb Code     0  startup_stm32f40_41xxx.o(.text)
    DCMI_IRQHandler                          0x08007b5f   Thumb Code     0  startup_stm32f40_41xxx.o(.text)
    DMA1_Stream0_IRQHandler                  0x08007b5f   Thumb Code     0  startup_stm32f40_41xxx.o(.text)
    DMA1_Stream1_IRQHandler                  0x08007b5f   Thumb Code     0  startup_stm32f40_41xxx.o(.text)
    DMA1_Stream2_IRQHandler                  0x08007b5f   Thumb Code     0  startup_stm32f40_41xxx.o(.text)
    DMA1_Stream3_IRQHandler                  0x08007b5f   Thumb Code     0  startup_stm32f40_41xxx.o(.text)
    DMA1_Stream4_IRQHandler                  0x08007b5f   Thumb Code     0  startup_stm32f40_41xxx.o(.text)
    DMA1_Stream5_IRQHandler                  0x08007b5f   Thumb Code     0  startup_stm32f40_41xxx.o(.text)
    DMA1_Stream6_IRQHandler                  0x08007b5f   Thumb Code     0  startup_stm32f40_41xxx.o(.text)
    DMA1_Stream7_IRQHandler                  0x08007b5f   Thumb Code     0  startup_stm32f40_41xxx.o(.text)
    DMA2_Stream0_IRQHandler                  0x08007b5f   Thumb Code     0  startup_stm32f40_41xxx.o(.text)
    DMA2_Stream1_IRQHandler                  0x08007b5f   Thumb Code     0  startup_stm32f40_41xxx.o(.text)
    DMA2_Stream2_IRQHandler                  0x08007b5f   Thumb Code     0  startup_stm32f40_41xxx.o(.text)
    DMA2_Stream3_IRQHandler                  0x08007b5f   Thumb Code     0  startup_stm32f40_41xxx.o(.text)
    DMA2_Stream4_IRQHandler                  0x08007b5f   Thumb Code     0  startup_stm32f40_41xxx.o(.text)
    DMA2_Stream5_IRQHandler                  0x08007b5f   Thumb Code     0  startup_stm32f40_41xxx.o(.text)
    DMA2_Stream6_IRQHandler                  0x08007b5f   Thumb Code     0  startup_stm32f40_41xxx.o(.text)
    DMA2_Stream7_IRQHandler                  0x08007b5f   Thumb Code     0  startup_stm32f40_41xxx.o(.text)
    ETH_IRQHandler                           0x08007b5f   Thumb Code     0  startup_stm32f40_41xxx.o(.text)
    ETH_WKUP_IRQHandler                      0x08007b5f   Thumb Code     0  startup_stm32f40_41xxx.o(.text)
    EXTI0_IRQHandler                         0x08007b5f   Thumb Code     0  startup_stm32f40_41xxx.o(.text)
    EXTI15_10_IRQHandler                     0x08007b5f   Thumb Code     0  startup_stm32f40_41xxx.o(.text)
    EXTI1_IRQHandler                         0x08007b5f   Thumb Code     0  startup_stm32f40_41xxx.o(.text)
    EXTI2_IRQHandler                         0x08007b5f   Thumb Code     0  startup_stm32f40_41xxx.o(.text)
    EXTI3_IRQHandler                         0x08007b5f   Thumb Code     0  startup_stm32f40_41xxx.o(.text)
    EXTI4_IRQHandler                         0x08007b5f   Thumb Code     0  startup_stm32f40_41xxx.o(.text)
    EXTI9_5_IRQHandler                       0x08007b5f   Thumb Code     0  startup_stm32f40_41xxx.o(.text)
    FLASH_IRQHandler                         0x08007b5f   Thumb Code     0  startup_stm32f40_41xxx.o(.text)
    FPU_IRQHandler                           0x08007b5f   Thumb Code     0  startup_stm32f40_41xxx.o(.text)
    FSMC_IRQHandler                          0x08007b5f   Thumb Code     0  startup_stm32f40_41xxx.o(.text)
    HASH_RNG_IRQHandler                      0x08007b5f   Thumb Code     0  startup_stm32f40_41xxx.o(.text)
    I2C1_ER_IRQHandler                       0x08007b5f   Thumb Code     0  startup_stm32f40_41xxx.o(.text)
    I2C1_EV_IRQHandler                       0x08007b5f   Thumb Code     0  startup_stm32f40_41xxx.o(.text)
    I2C2_ER_IRQHandler                       0x08007b5f   Thumb Code     0  startup_stm32f40_41xxx.o(.text)
    I2C2_EV_IRQHandler                       0x08007b5f   Thumb Code     0  startup_stm32f40_41xxx.o(.text)
    I2C3_ER_IRQHandler                       0x08007b5f   Thumb Code     0  startup_stm32f40_41xxx.o(.text)
    I2C3_EV_IRQHandler                       0x08007b5f   Thumb Code     0  startup_stm32f40_41xxx.o(.text)
    OTG_FS_IRQHandler                        0x08007b5f   Thumb Code     0  startup_stm32f40_41xxx.o(.text)
    OTG_FS_WKUP_IRQHandler                   0x08007b5f   Thumb Code     0  startup_stm32f40_41xxx.o(.text)
    OTG_HS_EP1_IN_IRQHandler                 0x08007b5f   Thumb Code     0  startup_stm32f40_41xxx.o(.text)
    OTG_HS_EP1_OUT_IRQHandler                0x08007b5f   Thumb Code     0  startup_stm32f40_41xxx.o(.text)
    OTG_HS_IRQHandler                        0x08007b5f   Thumb Code     0  startup_stm32f40_41xxx.o(.text)
    OTG_HS_WKUP_IRQHandler                   0x08007b5f   Thumb Code     0  startup_stm32f40_41xxx.o(.text)
    PVD_IRQHandler                           0x08007b5f   Thumb Code     0  startup_stm32f40_41xxx.o(.text)
    RCC_IRQHandler                           0x08007b5f   Thumb Code     0  startup_stm32f40_41xxx.o(.text)
    RTC_Alarm_IRQHandler                     0x08007b5f   Thumb Code     0  startup_stm32f40_41xxx.o(.text)
    RTC_WKUP_IRQHandler                      0x08007b5f   Thumb Code     0  startup_stm32f40_41xxx.o(.text)
    SDIO_IRQHandler                          0x08007b5f   Thumb Code     0  startup_stm32f40_41xxx.o(.text)
    SPI1_IRQHandler                          0x08007b5f   Thumb Code     0  startup_stm32f40_41xxx.o(.text)
    SPI2_IRQHandler                          0x08007b5f   Thumb Code     0  startup_stm32f40_41xxx.o(.text)
    SPI3_IRQHandler                          0x08007b5f   Thumb Code     0  startup_stm32f40_41xxx.o(.text)
    TAMP_STAMP_IRQHandler                    0x08007b5f   Thumb Code     0  startup_stm32f40_41xxx.o(.text)
    TIM1_BRK_TIM9_IRQHandler                 0x08007b5f   Thumb Code     0  startup_stm32f40_41xxx.o(.text)
    TIM1_CC_IRQHandler                       0x08007b5f   Thumb Code     0  startup_stm32f40_41xxx.o(.text)
    TIM1_TRG_COM_TIM11_IRQHandler            0x08007b5f   Thumb Code     0  startup_stm32f40_41xxx.o(.text)
    TIM1_UP_TIM10_IRQHandler                 0x08007b5f   Thumb Code     0  startup_stm32f40_41xxx.o(.text)
    TIM2_IRQHandler                          0x08007b5f   Thumb Code     0  startup_stm32f40_41xxx.o(.text)
    TIM3_IRQHandler                          0x08007b5f   Thumb Code     0  startup_stm32f40_41xxx.o(.text)
    TIM4_IRQHandler                          0x08007b5f   Thumb Code     0  startup_stm32f40_41xxx.o(.text)
    TIM5_IRQHandler                          0x08007b5f   Thumb Code     0  startup_stm32f40_41xxx.o(.text)
    TIM6_DAC_IRQHandler                      0x08007b5f   Thumb Code     0  startup_stm32f40_41xxx.o(.text)
    TIM7_IRQHandler                          0x08007b5f   Thumb Code     0  startup_stm32f40_41xxx.o(.text)
    TIM8_BRK_TIM12_IRQHandler                0x08007b5f   Thumb Code     0  startup_stm32f40_41xxx.o(.text)
    TIM8_CC_IRQHandler                       0x08007b5f   Thumb Code     0  startup_stm32f40_41xxx.o(.text)
    TIM8_TRG_COM_TIM14_IRQHandler            0x08007b5f   Thumb Code     0  startup_stm32f40_41xxx.o(.text)
    TIM8_UP_TIM13_IRQHandler                 0x08007b5f   Thumb Code     0  startup_stm32f40_41xxx.o(.text)
    UART4_IRQHandler                         0x08007b5f   Thumb Code     0  startup_stm32f40_41xxx.o(.text)
    UART5_IRQHandler                         0x08007b5f   Thumb Code     0  startup_stm32f40_41xxx.o(.text)
    USART2_IRQHandler                        0x08007b5f   Thumb Code     0  startup_stm32f40_41xxx.o(.text)
    USART3_IRQHandler                        0x08007b5f   Thumb Code     0  startup_stm32f40_41xxx.o(.text)
    USART6_IRQHandler                        0x08007b5f   Thumb Code     0  startup_stm32f40_41xxx.o(.text)
    WWDG_IRQHandler                          0x08007b5f   Thumb Code     0  startup_stm32f40_41xxx.o(.text)
    __user_initial_stackheap                 0x08007b61   Thumb Code     0  startup_stm32f40_41xxx.o(.text)
    NVIC_PriorityGroupConfig                 0x08007b85   Thumb Code    10  misc.o(.text)
    NVIC_Init                                0x08007b8f   Thumb Code   106  misc.o(.text)
    NVIC_SetVectorTable                      0x08007bf9   Thumb Code    14  misc.o(.text)
    NVIC_SystemLPConfig                      0x08007c07   Thumb Code    34  misc.o(.text)
    SysTick_CLKSourceConfig                  0x08007c29   Thumb Code    40  misc.o(.text)
    GPIO_DeInit                              0x08007c65   Thumb Code   268  stm32f4xx_gpio.o(.text)
    GPIO_Init                                0x08007d71   Thumb Code   144  stm32f4xx_gpio.o(.text)
    GPIO_StructInit                          0x08007e01   Thumb Code    18  stm32f4xx_gpio.o(.text)
    GPIO_PinLockConfig                       0x08007e13   Thumb Code    34  stm32f4xx_gpio.o(.text)
    GPIO_ReadInputDataBit                    0x08007e35   Thumb Code    18  stm32f4xx_gpio.o(.text)
    GPIO_ReadInputData                       0x08007e47   Thumb Code     8  stm32f4xx_gpio.o(.text)
    GPIO_ReadOutputDataBit                   0x08007e4f   Thumb Code    18  stm32f4xx_gpio.o(.text)
    GPIO_ReadOutputData                      0x08007e61   Thumb Code     8  stm32f4xx_gpio.o(.text)
    GPIO_SetBits                             0x08007e69   Thumb Code     4  stm32f4xx_gpio.o(.text)
    GPIO_ResetBits                           0x08007e6d   Thumb Code     4  stm32f4xx_gpio.o(.text)
    GPIO_WriteBit                            0x08007e71   Thumb Code    10  stm32f4xx_gpio.o(.text)
    GPIO_Write                               0x08007e7b   Thumb Code     4  stm32f4xx_gpio.o(.text)
    GPIO_ToggleBits                          0x08007e7f   Thumb Code     8  stm32f4xx_gpio.o(.text)
    GPIO_PinAFConfig                         0x08007e87   Thumb Code    70  stm32f4xx_gpio.o(.text)
    FSMC_NORSRAMDeInit                       0x08007ef9   Thumb Code    54  stm32f4xx_fsmc.o(.text)
    FSMC_NORSRAMInit                         0x08007f2f   Thumb Code   230  stm32f4xx_fsmc.o(.text)
    FSMC_NORSRAMStructInit                   0x08008015   Thumb Code    48  stm32f4xx_fsmc.o(.text)
    FSMC_NORSRAMCmd                          0x08008045   Thumb Code    46  stm32f4xx_fsmc.o(.text)
    FSMC_NANDDeInit                          0x08008073   Thumb Code    62  stm32f4xx_fsmc.o(.text)
    FSMC_NANDInit                            0x080080b1   Thumb Code   132  stm32f4xx_fsmc.o(.text)
    FSMC_NANDStructInit                      0x08008135   Thumb Code    54  stm32f4xx_fsmc.o(.text)
    FSMC_NANDCmd                             0x0800816b   Thumb Code    86  stm32f4xx_fsmc.o(.text)
    FSMC_NANDECCCmd                          0x080081c1   Thumb Code    86  stm32f4xx_fsmc.o(.text)
    FSMC_GetECC                              0x08008217   Thumb Code    24  stm32f4xx_fsmc.o(.text)
    FSMC_PCCARDDeInit                        0x0800822f   Thumb Code    36  stm32f4xx_fsmc.o(.text)
    FSMC_PCCARDInit                          0x08008253   Thumb Code   130  stm32f4xx_fsmc.o(.text)
    FSMC_PCCARDStructInit                    0x080082d5   Thumb Code    60  stm32f4xx_fsmc.o(.text)
    FSMC_PCCARDCmd                           0x08008311   Thumb Code    44  stm32f4xx_fsmc.o(.text)
    FSMC_ITConfig                            0x0800833d   Thumb Code   128  stm32f4xx_fsmc.o(.text)
    FSMC_GetFlagStatus                       0x080083bd   Thumb Code    54  stm32f4xx_fsmc.o(.text)
    FSMC_ClearFlag                           0x080083f3   Thumb Code    74  stm32f4xx_fsmc.o(.text)
    FSMC_GetITStatus                         0x0800843d   Thumb Code    62  stm32f4xx_fsmc.o(.text)
    FSMC_ClearITPendingBit                   0x0800847b   Thumb Code    66  stm32f4xx_fsmc.o(.text)
    RCC_DeInit                               0x080084c1   Thumb Code    82  stm32f4xx_rcc.o(.text)
    RCC_HSEConfig                            0x08008513   Thumb Code    14  stm32f4xx_rcc.o(.text)
    RCC_GetFlagStatus                        0x08008521   Thumb Code    60  stm32f4xx_rcc.o(.text)
    RCC_WaitForHSEStartUp                    0x0800855d   Thumb Code    56  stm32f4xx_rcc.o(.text)
    RCC_AdjustHSICalibrationValue            0x08008595   Thumb Code    20  stm32f4xx_rcc.o(.text)
    RCC_HSICmd                               0x080085a9   Thumb Code     6  stm32f4xx_rcc.o(.text)
    RCC_LSEConfig                            0x080085af   Thumb Code    46  stm32f4xx_rcc.o(.text)
    RCC_LSICmd                               0x080085dd   Thumb Code     6  stm32f4xx_rcc.o(.text)
    RCC_PLLConfig                            0x080085e3   Thumb Code    32  stm32f4xx_rcc.o(.text)
    RCC_PLLCmd                               0x08008603   Thumb Code     6  stm32f4xx_rcc.o(.text)
    RCC_PLLI2SConfig                         0x08008609   Thumb Code    14  stm32f4xx_rcc.o(.text)
    RCC_PLLI2SCmd                            0x08008617   Thumb Code     6  stm32f4xx_rcc.o(.text)
    RCC_PLLSAIConfig                         0x0800861d   Thumb Code    20  stm32f4xx_rcc.o(.text)
    RCC_PLLSAICmd                            0x08008631   Thumb Code     6  stm32f4xx_rcc.o(.text)
    RCC_ClockSecuritySystemCmd               0x08008637   Thumb Code     6  stm32f4xx_rcc.o(.text)
    RCC_MCO1Config                           0x0800863d   Thumb Code    28  stm32f4xx_rcc.o(.text)
    RCC_MCO2Config                           0x08008659   Thumb Code    28  stm32f4xx_rcc.o(.text)
    RCC_SYSCLKConfig                         0x08008675   Thumb Code    20  stm32f4xx_rcc.o(.text)
    RCC_GetSYSCLKSource                      0x08008689   Thumb Code    12  stm32f4xx_rcc.o(.text)
    RCC_HCLKConfig                           0x08008695   Thumb Code    20  stm32f4xx_rcc.o(.text)
    RCC_PCLK1Config                          0x080086a9   Thumb Code    20  stm32f4xx_rcc.o(.text)
    RCC_PCLK2Config                          0x080086bd   Thumb Code    22  stm32f4xx_rcc.o(.text)
    RCC_GetClocksFreq                        0x080086d3   Thumb Code   222  stm32f4xx_rcc.o(.text)
    RCC_RTCCLKConfig                         0x080087b1   Thumb Code    54  stm32f4xx_rcc.o(.text)
    RCC_RTCCLKCmd                            0x080087e7   Thumb Code     8  stm32f4xx_rcc.o(.text)
    RCC_BackupResetCmd                       0x080087ef   Thumb Code     8  stm32f4xx_rcc.o(.text)
    RCC_I2SCLKConfig                         0x080087f7   Thumb Code     6  stm32f4xx_rcc.o(.text)
    RCC_SAIPLLI2SClkDivConfig                0x080087fd   Thumb Code    26  stm32f4xx_rcc.o(.text)
    RCC_SAIPLLSAIClkDivConfig                0x08008817   Thumb Code    28  stm32f4xx_rcc.o(.text)
    RCC_SAIBlockACLKConfig                   0x08008833   Thumb Code    20  stm32f4xx_rcc.o(.text)
    RCC_SAIBlockBCLKConfig                   0x08008847   Thumb Code    20  stm32f4xx_rcc.o(.text)
    RCC_LTDCCLKDivConfig                     0x0800885b   Thumb Code    20  stm32f4xx_rcc.o(.text)
    RCC_TIMCLKPresConfig                     0x0800886f   Thumb Code     6  stm32f4xx_rcc.o(.text)
    RCC_AHB1PeriphClockCmd                   0x08008875   Thumb Code    34  stm32f4xx_rcc.o(.text)
    RCC_AHB2PeriphClockCmd                   0x08008897   Thumb Code    78  stm32f4xx_rcc.o(.text)
    RCC_AHB3PeriphClockCmd                   0x080088e5   Thumb Code    34  stm32f4xx_rcc.o(.text)
    RCC_APB1PeriphClockCmd                   0x08008907   Thumb Code    34  stm32f4xx_rcc.o(.text)
    RCC_APB2PeriphClockCmd                   0x08008929   Thumb Code    34  stm32f4xx_rcc.o(.text)
    RCC_AHB1PeriphResetCmd                   0x0800894b   Thumb Code    34  stm32f4xx_rcc.o(.text)
    RCC_AHB2PeriphResetCmd                   0x0800896d   Thumb Code    34  stm32f4xx_rcc.o(.text)
    RCC_AHB3PeriphResetCmd                   0x0800898f   Thumb Code    34  stm32f4xx_rcc.o(.text)
    RCC_APB1PeriphResetCmd                   0x080089b1   Thumb Code    34  stm32f4xx_rcc.o(.text)
    RCC_APB2PeriphResetCmd                   0x080089d3   Thumb Code    34  stm32f4xx_rcc.o(.text)
    RCC_AHB1PeriphClockLPModeCmd             0x080089f5   Thumb Code    34  stm32f4xx_rcc.o(.text)
    RCC_AHB2PeriphClockLPModeCmd             0x08008a17   Thumb Code    34  stm32f4xx_rcc.o(.text)
    RCC_AHB3PeriphClockLPModeCmd             0x08008a39   Thumb Code    34  stm32f4xx_rcc.o(.text)
    RCC_APB1PeriphClockLPModeCmd             0x08008a5b   Thumb Code    34  stm32f4xx_rcc.o(.text)
    RCC_APB2PeriphClockLPModeCmd             0x08008a7d   Thumb Code    34  stm32f4xx_rcc.o(.text)
    RCC_LSEModeConfig                        0x08008a9f   Thumb Code    40  stm32f4xx_rcc.o(.text)
    RCC_ITConfig                             0x08008ac7   Thumb Code    34  stm32f4xx_rcc.o(.text)
    RCC_ClearFlag                            0x08008ae9   Thumb Code    18  stm32f4xx_rcc.o(.text)
    RCC_GetITStatus                          0x08008afb   Thumb Code    22  stm32f4xx_rcc.o(.text)
    RCC_ClearITPendingBit                    0x08008b11   Thumb Code     8  stm32f4xx_rcc.o(.text)
    USART_DeInit                             0x08008b1d   Thumb Code   206  stm32f4xx_usart.o(.text)
    USART_Init                               0x08008beb   Thumb Code   204  stm32f4xx_usart.o(.text)
    USART_StructInit                         0x08008cb7   Thumb Code    24  stm32f4xx_usart.o(.text)
    USART_ClockInit                          0x08008ccf   Thumb Code    32  stm32f4xx_usart.o(.text)
    USART_ClockStructInit                    0x08008cef   Thumb Code    12  stm32f4xx_usart.o(.text)
    USART_Cmd                                0x08008cfb   Thumb Code    24  stm32f4xx_usart.o(.text)
    USART_SetPrescaler                       0x08008d13   Thumb Code    16  stm32f4xx_usart.o(.text)
    USART_OverSampling8Cmd                   0x08008d23   Thumb Code    22  stm32f4xx_usart.o(.text)
    USART_OneBitMethodCmd                    0x08008d39   Thumb Code    24  stm32f4xx_usart.o(.text)
    USART_SendData                           0x08008d51   Thumb Code     8  stm32f4xx_usart.o(.text)
    USART_ReceiveData                        0x08008d59   Thumb Code    10  stm32f4xx_usart.o(.text)
    USART_SetAddress                         0x08008d63   Thumb Code    18  stm32f4xx_usart.o(.text)
    USART_ReceiverWakeUpCmd                  0x08008d75   Thumb Code    24  stm32f4xx_usart.o(.text)
    USART_WakeUpConfig                       0x08008d8d   Thumb Code    18  stm32f4xx_usart.o(.text)
    USART_LINBreakDetectLengthConfig         0x08008d9f   Thumb Code    18  stm32f4xx_usart.o(.text)
    USART_LINCmd                             0x08008db1   Thumb Code    24  stm32f4xx_usart.o(.text)
    USART_SendBreak                          0x08008dc9   Thumb Code    10  stm32f4xx_usart.o(.text)
    USART_HalfDuplexCmd                      0x08008dd3   Thumb Code    24  stm32f4xx_usart.o(.text)
    USART_SetGuardTime                       0x08008deb   Thumb Code    16  stm32f4xx_usart.o(.text)
    USART_SmartCardCmd                       0x08008dfb   Thumb Code    24  stm32f4xx_usart.o(.text)
    USART_SmartCardNACKCmd                   0x08008e13   Thumb Code    24  stm32f4xx_usart.o(.text)
    USART_IrDAConfig                         0x08008e2b   Thumb Code    18  stm32f4xx_usart.o(.text)
    USART_IrDACmd                            0x08008e3d   Thumb Code    24  stm32f4xx_usart.o(.text)
    USART_DMACmd                             0x08008e55   Thumb Code    18  stm32f4xx_usart.o(.text)
    USART_ITConfig                           0x08008e67   Thumb Code    74  stm32f4xx_usart.o(.text)
    USART_GetFlagStatus                      0x08008eb1   Thumb Code    26  stm32f4xx_usart.o(.text)
    USART_ClearFlag                          0x08008ecb   Thumb Code    18  stm32f4xx_usart.o(.text)
    USART_GetITStatus                        0x08008edd   Thumb Code   118  stm32f4xx_usart.o(.text)
    USART_ClearITPendingBit                  0x08008f53   Thumb Code    30  stm32f4xx_usart.o(.text)
    __use_no_semihosting                     0x08008f71   Thumb Code     2  use_no_semi_2.o(.text)
    __2printf                                0x08008f75   Thumb Code    20  noretval__2printf.o(.text)
    __printf                                 0x08008f8d   Thumb Code   104  __printf.o(.text)
    _printf_str                              0x08008ff5   Thumb Code    82  _printf_str.o(.text)
    _printf_int_dec                          0x08009049   Thumb Code   104  _printf_dec.o(.text)
    _printf_int_hex                          0x080090c1   Thumb Code    84  _printf_hex_int.o(.text)
    _printf_longlong_hex                     0x080090c1   Thumb Code     0  _printf_hex_int.o(.text)
    strcmp                                   0x08009119   Thumb Code   128  strcmpv7m.o(.text)
    __use_two_region_memory                  0x08009199   Thumb Code     2  heapauxi.o(.text)
    __rt_heap_escrow$2region                 0x0800919b   Thumb Code     2  heapauxi.o(.text)
    __rt_heap_expand$2region                 0x0800919d   Thumb Code     2  heapauxi.o(.text)
    __I$use$semihosting                      0x0800919f   Thumb Code     0  use_no_semi.o(.text)
    __use_no_semihosting_swi                 0x0800919f   Thumb Code     2  use_no_semi.o(.text)
    __read_errno                             0x080091a1   Thumb Code    10  _rserrno.o(.text)
    __set_errno                              0x080091ab   Thumb Code    12  _rserrno.o(.text)
    _printf_int_common                       0x080091b7   Thumb Code   178  _printf_intcommon.o(.text)
    _printf_cs_common                        0x08009269   Thumb Code    20  _printf_char.o(.text)
    _printf_char                             0x0800927d   Thumb Code    16  _printf_char.o(.text)
    _printf_string                           0x0800928d   Thumb Code     8  _printf_char.o(.text)
    _printf_char_file                        0x08009295   Thumb Code    32  _printf_char_file.o(.text)
    __aeabi_errno_addr                       0x080092b9   Thumb Code     8  rt_errno_addr_intlibspace.o(.text)
    __errno$intlibspace                      0x080092b9   Thumb Code     0  rt_errno_addr_intlibspace.o(.text)
    __rt_errno_addr$intlibspace              0x080092b9   Thumb Code     0  rt_errno_addr_intlibspace.o(.text)
    _printf_char_common                      0x080092cb   Thumb Code    32  _printf_char_common.o(.text)
    ferror                                   0x080092f1   Thumb Code     8  ferror.o(.text)
    __user_libspace                          0x080092f9   Thumb Code     8  libspace.o(.text)
    __user_perproc_libspace                  0x080092f9   Thumb Code     0  libspace.o(.text)
    __user_perthread_libspace                0x080092f9   Thumb Code     0  libspace.o(.text)
    __user_setup_stackheap                   0x08009301   Thumb Code    74  sys_stackheap_outer.o(.text)
    exit                                     0x0800934b   Thumb Code    18  exit.o(.text)
    __hardfp_sqrt                            0x0800935d   Thumb Code   122  sqrt.o(i.__hardfp_sqrt)
    __aeabi_dadd                             0x080093d9   Thumb Code     0  daddsub_clz.o(x$fpl$dadd)
    _dadd                                    0x080093d9   Thumb Code   332  daddsub_clz.o(x$fpl$dadd)
    __fpl_dcmp_Inf                           0x08009529   Thumb Code    24  dcmpi.o(x$fpl$dcmpinf)
    __aeabi_d2uiz                            0x08009541   Thumb Code     0  dfixu.o(x$fpl$dfixu)
    _dfixu                                   0x08009541   Thumb Code    90  dfixu.o(x$fpl$dfixu)
    __aeabi_i2d                              0x0800959b   Thumb Code     0  dflt_clz.o(x$fpl$dflt)
    _dflt                                    0x0800959b   Thumb Code    46  dflt_clz.o(x$fpl$dflt)
    __aeabi_ui2d                             0x080095c9   Thumb Code     0  dflt_clz.o(x$fpl$dfltu)
    _dfltu                                   0x080095c9   Thumb Code    38  dflt_clz.o(x$fpl$dfltu)
    __aeabi_cdcmple                          0x080095f1   Thumb Code     0  dleqf.o(x$fpl$dleqf)
    _dcmple                                  0x080095f1   Thumb Code   120  dleqf.o(x$fpl$dleqf)
    __fpl_dcmple_InfNaN                      0x08009653   Thumb Code     0  dleqf.o(x$fpl$dleqf)
    __aeabi_dmul                             0x08009669   Thumb Code     0  dmul.o(x$fpl$dmul)
    _dmul                                    0x08009669   Thumb Code   332  dmul.o(x$fpl$dmul)
    __fpl_dnaninf                            0x080097bd   Thumb Code   156  dnaninf.o(x$fpl$dnaninf)
    __fpl_dretinf                            0x08009859   Thumb Code    12  dretinf.o(x$fpl$dretinf)
    __aeabi_cdrcmple                         0x08009865   Thumb Code     0  drleqf.o(x$fpl$drleqf)
    _drcmple                                 0x08009865   Thumb Code   108  drleqf.o(x$fpl$drleqf)
    __aeabi_drsub                            0x080098d1   Thumb Code     0  daddsub_clz.o(x$fpl$drsb)
    _drsb                                    0x080098d1   Thumb Code    22  daddsub_clz.o(x$fpl$drsb)
    _dsqrt                                   0x080098e9   Thumb Code   404  dsqrt_umaal.o(x$fpl$dsqrt)
    __aeabi_dsub                             0x08009a81   Thumb Code     0  daddsub_clz.o(x$fpl$dsub)
    _dsub                                    0x08009a81   Thumb Code   464  daddsub_clz.o(x$fpl$dsub)
    __aeabi_f2d                              0x08009c55   Thumb Code     0  f2d.o(x$fpl$f2d)
    _f2d                                     0x08009c55   Thumb Code    86  f2d.o(x$fpl$f2d)
    __fpl_fnaninf                            0x08009cab   Thumb Code   140  fnaninf.o(x$fpl$fnaninf)
    _fp_init                                 0x08009d37   Thumb Code    10  fpinit.o(x$fpl$fpinit)
    __fplib_config_fpu_vfp                   0x08009d3f   Thumb Code     0  fpinit.o(x$fpl$fpinit)
    __fplib_config_pureend_doubles           0x08009d3f   Thumb Code     0  fpinit.o(x$fpl$fpinit)
    POINT_COLOR_TBL                          0x08009d40   Data          10  main.o(.constdata)
    __I$use$fp                               0x08009d40   Number         0  usenofp.o(x$fpl$usenofp)
    asc2_1206                                0x08009d4a   Data        1140  lcd.o(.constdata)
    asc2_1608                                0x0800a1be   Data        1520  lcd.o(.constdata)
    asc2_2412                                0x0800a7ae   Data        3420  lcd.o(.constdata)
    GT9147_CFG_TBL                           0x0800b50a   Data         184  gt9147.o(.constdata)
    GT9147_TPX_TBL                           0x0800b5c2   Data          10  gt9147.o(.constdata)
    OTT_TPX_TBL                              0x0800b5cc   Data          10  ott2001a.o(.constdata)
    FT5206_TPX_TBL                           0x0800b5d6   Data          10  ft5206.o(.constdata)
    TP_REMIND_MSG_TBL                        0x0800b5e0   Data           4  touch.o(.constdata)
    FSMC_DefaultTimingStruct                 0x0800b5e4   Data          28  stm32f4xx_fsmc.o(.constdata)
    Region$$Table$$Base                      0x0800b6a4   Number         0  anon$$obj.o(Region$$Table)
    Region$$Table$$Limit                     0x0800b6c4   Number         0  anon$$obj.o(Region$$Table)
    SystemCoreClock                          0x20000000   Data           4  system_stm32f4xx.o(.data)
    AHBPrescTable                            0x20000004   Data          16  system_stm32f4xx.o(.data)
    POINT_COLOR                              0x20000014   Data           2  lcd.o(.data)
    BACK_COLOR                               0x20000016   Data           2  lcd.o(.data)
    tp_dev                                   0x2000001c   Data          52  touch.o(.data)
    CMD_RDX                                  0x20000050   Data           1  touch.o(.data)
    CMD_RDY                                  0x20000051   Data           1  touch.o(.data)
    __stdout                                 0x20000058   Data           4  usart.o(.data)
    USART_RX_STA                             0x2000005c   Data           2  usart.o(.data)
    lcddev                                   0x20000070   Data          14  lcd.o(.bss)
    USART_RX_BUF                             0x2000007e   Data         200  usart.o(.bss)
    __libspace_start                         0x20000148   Data          96  libspace.o(.bss)
    __temporary_stack_top$libspace           0x200001a8   Data           0  libspace.o(.bss)



==============================================================================

Memory Map of the image

  Image Entry point : 0x08000189

  Load Region LR_IROM1 (Base: 0x08000000, Size: 0x0000b734, Max: 0x00100000, ABSOLUTE)

    Execution Region ER_IROM1 (Base: 0x08000000, Size: 0x0000b6c4, Max: 0x00100000, ABSOLUTE)

    Base Addr    Size         Type   Attr      Idx    E Section Name        Object

    0x08000000   0x00000188   Data   RO          574    RESET               startup_stm32f40_41xxx.o
    0x08000188   0x00000008   Code   RO          767  * !!!main             c_w.l(__main.o)
    0x08000190   0x00000034   Code   RO          991    !!!scatter          c_w.l(__scatter.o)
    0x080001c4   0x0000001a   Code   RO          993    !!handler_copy      c_w.l(__scatter_copy.o)
    0x080001de   0x00000002   PAD
    0x080001e0   0x0000001c   Code   RO          995    !!handler_zi        c_w.l(__scatter_zi.o)
    0x080001fc   0x00000000   Code   RO          762    .ARM.Collect$$_printf_percent$$00000000  c_w.l(_printf_percent.o)
    0x080001fc   0x00000006   Code   RO          761    .ARM.Collect$$_printf_percent$$00000009  c_w.l(_printf_d.o)
    0x08000202   0x00000006   Code   RO          760    .ARM.Collect$$_printf_percent$$0000000C  c_w.l(_printf_x.o)
    0x08000208   0x00000006   Code   RO          759    .ARM.Collect$$_printf_percent$$00000014  c_w.l(_printf_s.o)
    0x0800020e   0x00000004   Code   RO          816    .ARM.Collect$$_printf_percent$$00000017  c_w.l(_printf_percent_end.o)
    0x08000212   0x00000002   Code   RO          868    .ARM.Collect$$libinit$$00000000  c_w.l(libinit.o)
    0x08000214   0x00000004   Code   RO          871    .ARM.Collect$$libinit$$00000001  c_w.l(libinit2.o)
    0x08000218   0x00000000   Code   RO          874    .ARM.Collect$$libinit$$00000004  c_w.l(libinit2.o)
    0x08000218   0x00000000   Code   RO          877    .ARM.Collect$$libinit$$0000000A  c_w.l(libinit2.o)
    0x08000218   0x00000000   Code   RO          879    .ARM.Collect$$libinit$$0000000C  c_w.l(libinit2.o)
    0x08000218   0x00000000   Code   RO          881    .ARM.Collect$$libinit$$0000000E  c_w.l(libinit2.o)
    0x08000218   0x00000000   Code   RO          884    .ARM.Collect$$libinit$$00000011  c_w.l(libinit2.o)
    0x08000218   0x00000000   Code   RO          886    .ARM.Collect$$libinit$$00000013  c_w.l(libinit2.o)
    0x08000218   0x00000000   Code   RO          888    .ARM.Collect$$libinit$$00000015  c_w.l(libinit2.o)
    0x08000218   0x00000000   Code   RO          890    .ARM.Collect$$libinit$$00000017  c_w.l(libinit2.o)
    0x08000218   0x00000000   Code   RO          892    .ARM.Collect$$libinit$$00000019  c_w.l(libinit2.o)
    0x08000218   0x00000000   Code   RO          894    .ARM.Collect$$libinit$$0000001B  c_w.l(libinit2.o)
    0x08000218   0x00000000   Code   RO          896    .ARM.Collect$$libinit$$0000001D  c_w.l(libinit2.o)
    0x08000218   0x00000000   Code   RO          898    .ARM.Collect$$libinit$$0000001F  c_w.l(libinit2.o)
    0x08000218   0x00000000   Code   RO          900    .ARM.Collect$$libinit$$00000021  c_w.l(libinit2.o)
    0x08000218   0x00000000   Code   RO          902    .ARM.Collect$$libinit$$00000023  c_w.l(libinit2.o)
    0x08000218   0x00000000   Code   RO          904    .ARM.Collect$$libinit$$00000025  c_w.l(libinit2.o)
    0x08000218   0x00000000   Code   RO          908    .ARM.Collect$$libinit$$0000002C  c_w.l(libinit2.o)
    0x08000218   0x00000000   Code   RO          910    .ARM.Collect$$libinit$$0000002E  c_w.l(libinit2.o)
    0x08000218   0x00000000   Code   RO          912    .ARM.Collect$$libinit$$00000030  c_w.l(libinit2.o)
    0x08000218   0x00000000   Code   RO          914    .ARM.Collect$$libinit$$00000032  c_w.l(libinit2.o)
    0x08000218   0x00000002   Code   RO          915    .ARM.Collect$$libinit$$00000033  c_w.l(libinit2.o)
    0x0800021a   0x00000002   Code   RO          933    .ARM.Collect$$libshutdown$$00000000  c_w.l(libshutdown.o)
    0x0800021c   0x00000000   Code   RO          943    .ARM.Collect$$libshutdown$$00000002  c_w.l(libshutdown2.o)
    0x0800021c   0x00000000   Code   RO          945    .ARM.Collect$$libshutdown$$00000004  c_w.l(libshutdown2.o)
    0x0800021c   0x00000000   Code   RO          948    .ARM.Collect$$libshutdown$$00000007  c_w.l(libshutdown2.o)
    0x0800021c   0x00000000   Code   RO          951    .ARM.Collect$$libshutdown$$0000000A  c_w.l(libshutdown2.o)
    0x0800021c   0x00000000   Code   RO          953    .ARM.Collect$$libshutdown$$0000000C  c_w.l(libshutdown2.o)
    0x0800021c   0x00000000   Code   RO          956    .ARM.Collect$$libshutdown$$0000000F  c_w.l(libshutdown2.o)
    0x0800021c   0x00000002   Code   RO          957    .ARM.Collect$$libshutdown$$00000010  c_w.l(libshutdown2.o)
    0x0800021e   0x00000000   Code   RO          807    .ARM.Collect$$rtentry$$00000000  c_w.l(__rtentry.o)
    0x0800021e   0x00000000   Code   RO          829    .ARM.Collect$$rtentry$$00000002  c_w.l(__rtentry2.o)
    0x0800021e   0x00000006   Code   RO          841    .ARM.Collect$$rtentry$$00000004  c_w.l(__rtentry4.o)
    0x08000224   0x00000000   Code   RO          831    .ARM.Collect$$rtentry$$00000009  c_w.l(__rtentry2.o)
    0x08000224   0x00000004   Code   RO          832    .ARM.Collect$$rtentry$$0000000A  c_w.l(__rtentry2.o)
    0x08000228   0x00000000   Code   RO          834    .ARM.Collect$$rtentry$$0000000C  c_w.l(__rtentry2.o)
    0x08000228   0x00000008   Code   RO          835    .ARM.Collect$$rtentry$$0000000D  c_w.l(__rtentry2.o)
    0x08000230   0x00000002   Code   RO          869    .ARM.Collect$$rtexit$$00000000  c_w.l(rtexit.o)
    0x08000232   0x00000000   Code   RO          917    .ARM.Collect$$rtexit$$00000002  c_w.l(rtexit2.o)
    0x08000232   0x00000004   Code   RO          918    .ARM.Collect$$rtexit$$00000003  c_w.l(rtexit2.o)
    0x08000236   0x00000006   Code   RO          919    .ARM.Collect$$rtexit$$00000004  c_w.l(rtexit2.o)
    0x0800023c   0x000004dc   Code   RO            3    .text               main.o
    0x08000718   0x0000001a   Code   RO          173    .text               stm32f4xx_it.o
    0x08000732   0x00000002   PAD
    0x08000734   0x00000210   Code   RO          222    .text               system_stm32f4xx.o
    0x08000944   0x00000040   Code   RO          248    .text               led.o
    0x08000984   0x00004c80   Code   RO          268    .text               lcd.o
    0x08005604   0x00000104   Code   RO          306    .text               key.o
    0x08005708   0x0000025c   Code   RO          327    .text               myiic.o
    0x08005964   0x0000017a   Code   RO          350    .text               24cxx.o
    0x08005ade   0x00000002   PAD
    0x08005ae0   0x00000254   Code   RO          373    .text               ctiic.o
    0x08005d34   0x00000430   Code   RO          396    .text               gt9147.o
    0x08006164   0x00000388   Code   RO          423    .text               ott2001a.o
    0x080064ec   0x0000032c   Code   RO          447    .text               ft5206.o
    0x08006818   0x000010e0   Code   RO          471    .text               touch.o
    0x080078f8   0x00000104   Code   RO          503    .text               delay.o
    0x080079fc   0x00000148   Code   RO          543    .text               usart.o
    0x08007b44   0x00000040   Code   RO          575    .text               startup_stm32f40_41xxx.o
    0x08007b84   0x000000e0   Code   RO          581    .text               misc.o
    0x08007c64   0x00000294   Code   RO          601    .text               stm32f4xx_gpio.o
    0x08007ef8   0x000005c8   Code   RO          621    .text               stm32f4xx_fsmc.o
    0x080084c0   0x0000065c   Code   RO          644    .text               stm32f4xx_rcc.o
    0x08008b1c   0x00000454   Code   RO          686    .text               stm32f4xx_usart.o
    0x08008f70   0x00000002   Code   RO          706    .text               c_w.l(use_no_semi_2.o)
    0x08008f72   0x00000002   PAD
    0x08008f74   0x00000018   Code   RO          710    .text               c_w.l(noretval__2printf.o)
    0x08008f8c   0x00000068   Code   RO          712    .text               c_w.l(__printf.o)
    0x08008ff4   0x00000052   Code   RO          714    .text               c_w.l(_printf_str.o)
    0x08009046   0x00000002   PAD
    0x08009048   0x00000078   Code   RO          716    .text               c_w.l(_printf_dec.o)
    0x080090c0   0x00000058   Code   RO          721    .text               c_w.l(_printf_hex_int.o)
    0x08009118   0x00000080   Code   RO          763    .text               c_w.l(strcmpv7m.o)
    0x08009198   0x00000006   Code   RO          765    .text               c_w.l(heapauxi.o)
    0x0800919e   0x00000002   Code   RO          805    .text               c_w.l(use_no_semi.o)
    0x080091a0   0x00000016   Code   RO          808    .text               c_w.l(_rserrno.o)
    0x080091b6   0x000000b2   Code   RO          810    .text               c_w.l(_printf_intcommon.o)
    0x08009268   0x0000002c   Code   RO          812    .text               c_w.l(_printf_char.o)
    0x08009294   0x00000024   Code   RO          814    .text               c_w.l(_printf_char_file.o)
    0x080092b8   0x00000008   Code   RO          846    .text               c_w.l(rt_errno_addr_intlibspace.o)
    0x080092c0   0x00000030   Code   RO          848    .text               c_w.l(_printf_char_common.o)
    0x080092f0   0x00000008   Code   RO          850    .text               c_w.l(ferror.o)
    0x080092f8   0x00000008   Code   RO          854    .text               c_w.l(libspace.o)
    0x08009300   0x0000004a   Code   RO          857    .text               c_w.l(sys_stackheap_outer.o)
    0x0800934a   0x00000012   Code   RO          861    .text               c_w.l(exit.o)
    0x0800935c   0x0000007a   Code   RO          793    i.__hardfp_sqrt     m_wm.l(sqrt.o)
    0x080093d6   0x00000002   PAD
    0x080093d8   0x00000150   Code   RO          769    x$fpl$dadd          fz_wm.l(daddsub_clz.o)
    0x08009528   0x00000018   Code   RO          817    x$fpl$dcmpinf       fz_wm.l(dcmpi.o)
    0x08009540   0x0000005a   Code   RO          775    x$fpl$dfixu         fz_wm.l(dfixu.o)
    0x0800959a   0x0000002e   Code   RO          780    x$fpl$dflt          fz_wm.l(dflt_clz.o)
    0x080095c8   0x00000026   Code   RO          779    x$fpl$dfltu         fz_wm.l(dflt_clz.o)
    0x080095ee   0x00000002   PAD
    0x080095f0   0x00000078   Code   RO          785    x$fpl$dleqf         fz_wm.l(dleqf.o)
    0x08009668   0x00000154   Code   RO          787    x$fpl$dmul          fz_wm.l(dmul.o)
    0x080097bc   0x0000009c   Code   RO          819    x$fpl$dnaninf       fz_wm.l(dnaninf.o)
    0x08009858   0x0000000c   Code   RO          821    x$fpl$dretinf       fz_wm.l(dretinf.o)
    0x08009864   0x0000006c   Code   RO          789    x$fpl$drleqf        fz_wm.l(drleqf.o)
    0x080098d0   0x00000016   Code   RO          770    x$fpl$drsb          fz_wm.l(daddsub_clz.o)
    0x080098e6   0x00000002   PAD
    0x080098e8   0x00000198   Code   RO          823    x$fpl$dsqrt         fz_wm.l(dsqrt_umaal.o)
    0x08009a80   0x000001d4   Code   RO          771    x$fpl$dsub          fz_wm.l(daddsub_clz.o)
    0x08009c54   0x00000056   Code   RO          791    x$fpl$f2d           fz_wm.l(f2d.o)
    0x08009caa   0x0000008c   Code   RO          825    x$fpl$fnaninf       fz_wm.l(fnaninf.o)
    0x08009d36   0x0000000a   Code   RO          925    x$fpl$fpinit        fz_wm.l(fpinit.o)
    0x08009d40   0x00000000   Code   RO          827    x$fpl$usenofp       fz_wm.l(usenofp.o)
    0x08009d40   0x0000000a   Data   RO            4    .constdata          main.o
    0x08009d4a   0x000017c0   Data   RO          270    .constdata          lcd.o
    0x0800b50a   0x000000c2   Data   RO          397    .constdata          gt9147.o
    0x0800b5cc   0x0000000a   Data   RO          424    .constdata          ott2001a.o
    0x0800b5d6   0x0000000a   Data   RO          448    .constdata          ft5206.o
    0x0800b5e0   0x00000004   Data   RO          472    .constdata          touch.o
    0x0800b5e4   0x0000001c   Data   RO          622    .constdata          stm32f4xx_fsmc.o
    0x0800b600   0x00000028   Data   RO          722    .constdata          c_w.l(_printf_hex_int.o)
    0x0800b628   0x00000079   Data   RO          473    .conststring        touch.o
    0x0800b6a1   0x00000003   PAD
    0x0800b6a4   0x00000020   Data   RO          989    Region$$Table       anon$$obj.o


    Execution Region RW_IRAM1 (Base: 0x20000000, Size: 0x000007a8, Max: 0x00020000, ABSOLUTE)

    Base Addr    Size         Type   Attr      Idx    E Section Name        Object

    0x20000000   0x00000014   Data   RW          223    .data               system_stm32f4xx.o
    0x20000014   0x00000004   Data   RW          271    .data               lcd.o
    0x20000018   0x00000001   Data   RW          307    .data               key.o
    0x20000019   0x00000001   Data   RW          398    .data               gt9147.o
    0x2000001a   0x00000001   Data   RW          425    .data               ott2001a.o
    0x2000001b   0x00000001   Data   RW          449    .data               ft5206.o
    0x2000001c   0x00000036   Data   RW          474    .data               touch.o
    0x20000052   0x00000004   Data   RW          504    .data               delay.o
    0x20000056   0x00000002   PAD
    0x20000058   0x00000006   Data   RW          545    .data               usart.o
    0x2000005e   0x00000010   Data   RW          645    .data               stm32f4xx_rcc.o
    0x2000006e   0x00000002   PAD
    0x20000070   0x0000000e   Zero   RW          269    .bss                lcd.o
    0x2000007e   0x000000c8   Zero   RW          544    .bss                usart.o
    0x20000146   0x00000002   PAD
    0x20000148   0x00000060   Zero   RW          855    .bss                c_w.l(libspace.o)
    0x200001a8   0x00000200   Zero   RW          573    HEAP                startup_stm32f40_41xxx.o
    0x200003a8   0x00000400   Zero   RW          572    STACK               startup_stm32f40_41xxx.o


==============================================================================

Image component sizes


      Code (inc. data)   RO Data    RW Data    ZI Data      Debug   Object Name

       378          0          0          0          0       2806   24cxx.o
       596         24          0          0          0       2077   ctiic.o
       260          8          0          4          0       1465   delay.o
       812         40         10          1          0       2527   ft5206.o
      1072         78        194          1          0       3066   gt9147.o
       260         12          0          1          0        872   key.o
     19584        174       6080          4         14      22854   lcd.o
        64          4          0          0          0        519   led.o
      1244        116         10          0          0     273633   main.o
       224         20          0          0          0       1801   misc.o
       604         14          0          0          0       1912   myiic.o
       904         66         10          1          0       2723   ott2001a.o
        64         26        392          0       1536        828   startup_stm32f40_41xxx.o
      1480         18         28          0          0       5622   stm32f4xx_fsmc.o
       660         44          0          0          0       4145   stm32f4xx_gpio.o
        26          0          0          0          0       1214   stm32f4xx_it.o
      1628         52          0         16          0      13008   stm32f4xx_rcc.o
      1108         34          0          0          0       7868   stm32f4xx_usart.o
       528         46          0         20          0       1755   system_stm32f4xx.o
      4320        228        125         54          0       6841   touch.o
       328         16          0          6        200       3290   usart.o

    ----------------------------------------------------------------------
     36148       1020       6884        112       1752     360826   Object Totals
         0          0         32          0          0          0   (incl. Generated)
         4          0          3          4          2          0   (incl. Padding)

    ----------------------------------------------------------------------

      Code (inc. data)   RO Data    RW Data    ZI Data      Debug   Library Member Name

         8          0          0          0          0         68   __main.o
       104          0          0          0          0         84   __printf.o
         0          0          0          0          0          0   __rtentry.o
        12          0          0          0          0          0   __rtentry2.o
         6          0          0          0          0          0   __rtentry4.o
        52          8          0          0          0          0   __scatter.o
        26          0          0          0          0          0   __scatter_copy.o
        28          0          0          0          0          0   __scatter_zi.o
        44          0          0          0          0        108   _printf_char.o
        48          6          0          0          0         96   _printf_char_common.o
        36          4          0          0          0         80   _printf_char_file.o
         6          0          0          0          0          0   _printf_d.o
       120         16          0          0          0         92   _printf_dec.o
        88          4         40          0          0         88   _printf_hex_int.o
       178          0          0          0          0         88   _printf_intcommon.o
         0          0          0          0          0          0   _printf_percent.o
         4          0          0          0          0          0   _printf_percent_end.o
         6          0          0          0          0          0   _printf_s.o
        82          0          0          0          0         80   _printf_str.o
         6          0          0          0          0          0   _printf_x.o
        22          0          0          0          0        100   _rserrno.o
        18          0          0          0          0         80   exit.o
         8          0          0          0          0         68   ferror.o
         6          0          0          0          0        152   heapauxi.o
         2          0          0          0          0          0   libinit.o
         6          0          0          0          0          0   libinit2.o
         2          0          0          0          0          0   libshutdown.o
         2          0          0          0          0          0   libshutdown2.o
         8          4          0          0         96         68   libspace.o
        24          4          0          0          0         84   noretval__2printf.o
         8          4          0          0          0         68   rt_errno_addr_intlibspace.o
         2          0          0          0          0          0   rtexit.o
        10          0          0          0          0          0   rtexit2.o
       128          0          0          0          0         68   strcmpv7m.o
        74          0          0          0          0         80   sys_stackheap_outer.o
         2          0          0          0          0         68   use_no_semi.o
         2          0          0          0          0         68   use_no_semi_2.o
       826         16          0          0          0        492   daddsub_clz.o
        24          0          0          0          0        116   dcmpi.o
        90          4          0          0          0        140   dfixu.o
        84          0          0          0          0        232   dflt_clz.o
       120          4          0          0          0        140   dleqf.o
       340         12          0          0          0        152   dmul.o
       156          4          0          0          0        140   dnaninf.o
        12          0          0          0          0        116   dretinf.o
       108          0          0          0          0        128   drleqf.o
       408         56          0          0          0        168   dsqrt_umaal.o
        86          4          0          0          0        132   f2d.o
       140          4          0          0          0        132   fnaninf.o
        10          0          0          0          0        116   fpinit.o
         0          0          0          0          0          0   usenofp.o
       122          0          0          0          0        148   sqrt.o

    ----------------------------------------------------------------------
      3716        154         40          0         96       4040   Library Totals
        12          0          0          0          0          0   (incl. Padding)

    ----------------------------------------------------------------------

      Code (inc. data)   RO Data    RW Data    ZI Data      Debug   Library Name

      1178         50         40          0         96       1688   c_w.l
      2404        104          0          0          0       2204   fz_wm.l
       122          0          0          0          0        148   m_wm.l

    ----------------------------------------------------------------------
      3716        154         40          0         96       4040   Library Totals

    ----------------------------------------------------------------------

==============================================================================


      Code (inc. data)   RO Data    RW Data    ZI Data      Debug   

     39864       1174       6924        112       1848     359034   Grand Totals
     39864       1174       6924        112       1848     359034   ELF Image Totals
     39864       1174       6924        112          0          0   ROM Totals

==============================================================================

    Total RO  Size (Code + RO Data)                46788 (  45.69kB)
    Total RW  Size (RW Data + ZI Data)              1960 (   1.91kB)
    Total ROM Size (Code + RO Data + RW Data)      46900 (  45.80kB)

==============================================================================

